
> webrc505mkii-v2@0.0.0 test:unit
> vitest run --maxWorkers=1


 RUN  v3.2.4 D:/Documents/Codes/2024_1_WebRC505MKII/2025_WebRC505MKII_v2/bench/results/browser-fx41-appcheck-20261009T214000Z/repo

[baseline-browser-mapping] The data in this module is over two months old.  To ensure accurate Baseline data, please update: `npm i baseline-browser-mapping@latest -D`
 ✓ tests/unit/masterFxWorklet.spec.ts (9 tests) 127982ms
   ✓ master shared-DSP Worklet > warms a running serial candidate from live 55 Hz stereo frames and begins the fade next block  24979ms
   ✓ master shared-DSP Worklet > keeps the old 1→2→4-stage wet chain live through serial warmup and rolls back a failed candidate  102940ms
stdout | tests/unit/coreAudioBehaviors.spec.ts > integrated browser worklet audio behavior > keeps master PCM and the phase-aligned slave in sync across a quarter-phase 1x→2x speed change
Master track reset
BPM updated to: 120

stdout | tests/unit/coreAudioBehaviors.spec.ts > integrated browser worklet audio behavior > keeps master PCM and the phase-aligned slave in sync across a quarter-phase 1x→2x speed change
BPM updated to: 120

stdout | tests/unit/coreAudioBehaviors.spec.ts > integrated browser worklet audio behavior > uses the reverse 1.3x master anchor for real PCM wrap and slave phase targeting
Master track reset
BPM updated to: 120

stdout | tests/unit/coreAudioBehaviors.spec.ts > integrated browser worklet audio behavior > uses the reverse 1.3x master anchor for real PCM wrap and slave phase targeting
BPM updated to: 120

 ✓ tests/unit/coreAudioBehaviors.spec.ts (14 tests) 126912ms
   ✓ integrated browser worklet audio behavior > AutoRec rejects low noise and a short spike, then records a sustained 250 Hz input after 20 ms  449ms
   ✓ integrated browser worklet audio behavior > preserves untouched PCM around REPLACE1/REPLACE2 takes and interpolates replace masks at 0.5x  341ms
   ✓ integrated browser worklet audio behavior > uses variable speed, tempo factors with effective clamp, and executes scheduled commands on their sample frame  322ms
   ✓ integrated browser worklet audio behavior > keeps fractional-BPM external-clock phase continuous across multiple measures  4120ms
   ✓ integrated browser worklet audio behavior > starts global clock ticks on the configured master sample epoch  1932ms
   ✓ integrated browser worklet audio behavior > uses the reverse 1.3x master anchor for real PCM wrap and slave phase targeting  830ms
   ✓ integrated browser worklet audio behavior > records 185 accelerated seconds through real chunk growth and exports the final stereo PCM without overruns  30264ms
   ✓ integrated browser worklet audio behavior > records 185 accelerated seconds at 48 kHz through real chunk growth and exports the final stereo PCM  87691ms
 ✓ tests/unit/historyCompaction.spec.ts (4 tests) 17849ms
   ✓ long realtime history compaction > compacts over 32 planar takes without changing PCM, recent undo, Rec Back, or Mark  12423ms
   ✓ long realtime history compaction > aborts a malformed staged batch and preserves the pre-compaction history  1369ms
   ✓ long realtime history compaction > rejects a near-budget long import before compaction and preserves PCM, mark, undo, and redo  4023ms
 ✓ tests/unit/browserRealtimeProtocol.spec.ts (13 tests) 7094ms
   ✓ persistent AudioWorklet sample processing > does not accumulate loop or beat drift over a long sample-clock run  6822ms
 ✓ tests/unit/stereoWorklet.spec.ts (20 tests) 8073ms
   ✓ shared Worklet filter wet/dry transitions > stages complete PREAMP selectors and Vinyl across all five stereo routes before the warmup fade  7337ms
 ✓ tests/unit/timeStretch.spec.ts (34 tests) 2444ms
   ✓ shared stereo keep-pitch time-stretch core > preserves a musical multi-tone signal at %.2fx 0.5  475ms
   ✓ shared stereo keep-pitch time-stretch core > preserves a musical multi-tone signal at %.2fx 1.3  383ms
   ✓ shared stereo keep-pitch time-stretch core > preserves a musical multi-tone signal at %.2fx 2  327ms
stdout | tests/unit/audioEngine.spec.ts > AudioEngine capabilities > keeps an unverified browser route calibration separate from physical round-trip latency
Unverified active-route loopback calibration: 8.00 ms

 ✓ tests/unit/audioEngine.spec.ts (5 tests) 3849ms
   ✓ AudioEngine capabilities > reports full browser capabilities  504ms
   ✓ AudioEngine capabilities > reports native v1 capability limits and unavailable tracks  324ms
   ✓ AudioEngine capabilities > reports the versioned Native five-track host without claiming FX it has not wired  360ms
   ✓ AudioEngine capabilities > sends Native v2 track mix settings to the bridge and syncs the acknowledged status  396ms
   ✓ AudioEngine capabilities > keeps an unverified browser route calibration separate from physical round-trip latency  455ms
Browserslist: browsers data (caniuse-lite) is 11 months old. Please run:
  npx update-browserslist-db@latest
  Why you should do it regularly: https://github.com/browserslist/update-db#readme
 ✓ tests/unit/trackUnit.spec.ts (3 tests) 1676ms
   ✓ TrackUnit > writes back level, filter, and reverse controls in browser mode  1427ms
 ✓ tests/unit/compressorWorklet.spec.ts (10 tests) 704ms
 ✓ tests/unit/sharedPitchRender.spec.ts (12 tests) 246ms
 ✓ tests/unit/useFxPanelState.spec.ts (3 tests) 205ms
 ✓ tests/unit/pitchCompositeCache.spec.ts (2 tests) 205ms
 ✓ tests/unit/trackAudio.spec.ts (2 tests) 162ms
 ✓ tests/unit/projectWavCodec.spec.ts (8 tests) 225ms
 ✓ tests/unit/takeStoragePreflight.spec.ts (1 test) 127ms
 ✓ tests/unit/masterClockEpoch.spec.ts (2 tests) 106ms
stdout | tests/unit/loadTrackState.spec.ts > imported track state publication > publishes STOPPED before load ACK, refreshes TrackAudio, and plays the imported stereo PCM after clear/reload
Master track reset

stdout | tests/unit/loadTrackState.spec.ts > imported track state publication > publishes STOPPED before load ACK, refreshes TrackAudio, and plays the imported stereo PCM after clear/reload
Master track reset

 ✓ tests/unit/loadTrackState.spec.ts (1 test) 137ms
 ✓ tests/unit/sharedDspGraph.spec.ts (3 tests) 48ms
 ✓ tests/unit/projectService.spec.ts (6 tests) 68ms
stdout | tests/unit/transport.spec.ts > Transport events > emits beat and measure events only when the worklet clock reports samples
BPM updated to: 120

stdout | tests/unit/transport.spec.ts > Transport events > emits bpm-change when bpm updates
BPM updated to: 132

stdout | tests/unit/transport.spec.ts > Transport events > aligns measures to the master epoch and recomputes the measure grid after BPM changes
BPM updated to: 93
BPM updated to: 119

stdout | tests/unit/transport.spec.ts > Transport events > maps immediate play targets to the shared master phase for normal and reverse playback
BPM updated to: 120

stdout | tests/unit/transport.spec.ts > Transport events > uses the live master speed and phase anchor for loop boundaries without a mid-loop jump
BPM updated to: 120

stdout | tests/unit/transport.spec.ts > Transport events > keeps fractional BPM measure boundaries on the unrounded master epoch grid
BPM updated to: 120
BPM updated to: 120.5

stdout | tests/unit/transport.spec.ts > Transport events > keeps external MIDI beat/measure phase without a master and independent of master PCM phase
Master track reset

 ✓ tests/unit/transport.spec.ts (7 tests) 100ms
 ✓ tests/unit/masterClockAtomicStart.spec.ts (1 test) 49ms
stdout | tests/unit/browserProjectAdapter.spec.ts > BrowserProjectAdapter master clock restoration > rejects an enabled legacy track FX slot before stopping transport or clearing existing PCM
Master track reset
BPM updated to: 120

stdout | tests/unit/browserProjectAdapter.spec.ts > BrowserProjectAdapter master clock restoration > restores A(93 BPM) → B(127 BPM) → A without keeping the prior master or tempo
Master track reset
BPM updated to: 120

stdout | tests/unit/browserProjectAdapter.spec.ts > BrowserProjectAdapter master clock restoration > restores A(93 BPM) → B(127 BPM) → A without keeping the prior master or tempo
Master track reset

stdout | tests/unit/browserProjectAdapter.spec.ts > BrowserProjectAdapter master clock restoration > restores A(93 BPM) → B(127 BPM) → A without keeping the prior master or tempo
BPM updated to: 120

stdout | tests/unit/browserProjectAdapter.spec.ts > BrowserProjectAdapter master clock restoration > restores A(93 BPM) → B(127 BPM) → A without keeping the prior master or tempo
Master track reset
BPM updated to: 120
BPM updated to: 93

stdout | tests/unit/browserProjectAdapter.spec.ts > BrowserProjectAdapter master clock restoration > restores A(93 BPM) → B(127 BPM) → A without keeping the prior master or tempo
Master track reset

stdout | tests/unit/browserProjectAdapter.spec.ts > BrowserProjectAdapter master clock restoration > restores A(93 BPM) → B(127 BPM) → A without keeping the prior master or tempo
BPM updated to: 120

stdout | tests/unit/browserProjectAdapter.spec.ts > BrowserProjectAdapter master clock restoration > restores A(93 BPM) → B(127 BPM) → A without keeping the prior master or tempo
Master track reset
BPM updated to: 120
BPM updated to: 127

stdout | tests/unit/browserProjectAdapter.spec.ts > BrowserProjectAdapter master clock restoration > restores A(93 BPM) → B(127 BPM) → A without keeping the prior master or tempo
Master track reset

stdout | tests/unit/browserProjectAdapter.spec.ts > BrowserProjectAdapter master clock restoration > restores A(93 BPM) → B(127 BPM) → A without keeping the prior master or tempo
BPM updated to: 120

stdout | tests/unit/browserProjectAdapter.spec.ts > BrowserProjectAdapter master clock restoration > restores A(93 BPM) → B(127 BPM) → A without keeping the prior master or tempo
Master track reset
BPM updated to: 120
BPM updated to: 93

 ✓ tests/unit/browserProjectAdapter.spec.ts (2 tests) 23ms
 ✓ tests/unit/browserCompressorFailure.spec.ts (1 test) 35ms
 ✓ tests/unit/browserRouting.spec.ts (7 tests) 25ms
 ✓ tests/unit/browserFxTransactions.spec.ts (9 tests) 20ms
 ✓ tests/unit/projectMixRenderer.spec.ts (6 tests) 32ms
 ✓ tests/unit/controlDispatcher.spec.ts (11 tests) 26ms
 ✓ tests/unit/projectArchive.spec.ts (3 tests) 42ms
 ✓ tests/unit/instrumentGradeMetrics.spec.ts (9 tests) 18ms
 ✓ tests/unit/browserBulkTransport.spec.ts (3 tests) 29ms
 ✓ tests/unit/bounceCaptureProcessor.spec.ts (3 tests) 16ms
 ✓ tests/unit/nativeFxProtocol.spec.ts (4 tests) 17ms
 ✓ tests/unit/nativeBridgeClient.spec.ts (2 tests) 21ms
 ✓ tests/unit/rhythmDocuments.spec.ts (3 tests) 9ms

 Test Files  34 passed (34)
      Tests  223 passed (223)
   Start at  06:07:33
   Duration  394.25s (transform 3.64s, setup 1.41s, collect 3.41s, tests 298.58s, environment 66.55s, prepare 9.49s)

