**********************************************************************
** Visual Studio 2019 Developer Command Prompt v16.11.58
** Copyright (c) 2021 Microsoft Corporation
**********************************************************************
[vcvarsall.bat] Environment initialized for: 'x64'
native-fx-config-preflight-root-repro.cpp
注意: 包含文件:  C:\Users\user1000\AppData\Local\Temp\webrc-native-config-preflight-v1-source\native-mvp\engine-cpp\include\native_fx_control.hpp
注意: 包含文件:   C:\Users\user1000\AppData\Local\Temp\webrc-native-config-preflight-v1-source\native-mvp\engine-cpp\include\native_fx_graph.hpp
注意: 包含文件:    C:\Users\user1000\AppData\Local\Temp\webrc-native-config-preflight-v1-source\shared\dsp\include\webrc/dsp/fx_registry.hpp
注意: 包含文件:     C:\Users\user1000\AppData\Local\Temp\webrc-native-config-preflight-v1-source\shared\dsp\include\webrc/dsp/musical_fx_context.hpp
注意: 包含文件:      C:\Program Files (x86)\Microsoft Visual Studio\2019\BuildTools\VC\Tools\MSVC\14.29.30133\include\cstdint
注意: 包含文件:       C:\Program Files (x86)\Microsoft Visual Studio\2019\BuildTools\VC\Tools\MSVC\14.29.30133\include\yvals_core.h
注意: 包含文件:        C:\Program Files (x86)\Microsoft Visual Studio\2019\BuildTools\VC\Tools\MSVC\14.29.30133\include\vcruntime.h
注意: 包含文件:         C:\Program Files (x86)\Microsoft Visual Studio\2019\BuildTools\VC\Tools\MSVC\14.29.30133\include\sal.h
注意: 包含文件:          C:\Program Files (x86)\Microsoft Visual Studio\2019\BuildTools\VC\Tools\MSVC\14.29.30133\include\concurrencysal.h
注意: 包含文件:         C:\Program Files (x86)\Microsoft Visual Studio\2019\BuildTools\VC\Tools\MSVC\14.29.30133\include\vadefs.h
注意: 包含文件:        C:\Program Files (x86)\Microsoft Visual Studio\2019\BuildTools\VC\Tools\MSVC\14.29.30133\include\xkeycheck.h
注意: 包含文件:       C:\Program Files (x86)\Microsoft Visual Studio\2019\BuildTools\VC\Tools\MSVC\14.29.30133\include\stdint.h
注意: 包含文件:     C:\Users\user1000\AppData\Local\Temp\webrc-native-config-preflight-v1-source\shared\dsp\include\webrc/dsp/primitives.hpp
注意: 包含文件:      C:\Program Files (x86)\Microsoft Visual Studio\2019\BuildTools\VC\Tools\MSVC\14.29.30133\include\cstddef
注意: 包含文件:       C:\Program Files (x86)\Windows Kits\10\include\10.0.19041.0\ucrt\stddef.h
注意: 包含文件:        C:\Program Files (x86)\Windows Kits\10\include\10.0.19041.0\ucrt\corecrt.h
注意: 包含文件:       C:\Program Files (x86)\Microsoft Visual Studio\2019\BuildTools\VC\Tools\MSVC\14.29.30133\include\xtr1common
注意: 包含文件:      C:\Program Files (x86)\Microsoft Visual Studio\2019\BuildTools\VC\Tools\MSVC\14.29.30133\include\vector
注意: 包含文件:       C:\Program Files (x86)\Microsoft Visual Studio\2019\BuildTools\VC\Tools\MSVC\14.29.30133\include\xmemory
注意: 包含文件:        C:\Program Files (x86)\Microsoft Visual Studio\2019\BuildTools\VC\Tools\MSVC\14.29.30133\include\cstdlib
注意: 包含文件:         C:\Program Files (x86)\Windows Kits\10\include\10.0.19041.0\ucrt\math.h
注意: 包含文件:          C:\Program Files (x86)\Windows Kits\10\include\10.0.19041.0\ucrt\corecrt_math.h
注意: 包含文件:         C:\Program Files (x86)\Windows Kits\10\include\10.0.19041.0\ucrt\stdlib.h
注意: 包含文件:          C:\Program Files (x86)\Windows Kits\10\include\10.0.19041.0\ucrt\corecrt_malloc.h
注意: 包含文件:          C:\Program Files (x86)\Windows Kits\10\include\10.0.19041.0\ucrt\corecrt_search.h
注意: 包含文件:          C:\Program Files (x86)\Windows Kits\10\include\10.0.19041.0\ucrt\corecrt_wstdlib.h
注意: 包含文件:          C:\Program Files (x86)\Microsoft Visual Studio\2019\BuildTools\VC\Tools\MSVC\14.29.30133\include\limits.h
注意: 包含文件:        C:\Program Files (x86)\Microsoft Visual Studio\2019\BuildTools\VC\Tools\MSVC\14.29.30133\include\limits
注意: 包含文件:         C:\Program Files (x86)\Microsoft Visual Studio\2019\BuildTools\VC\Tools\MSVC\14.29.30133\include\cfloat
注意: 包含文件:          C:\Program Files (x86)\Windows Kits\10\include\10.0.19041.0\ucrt\float.h
注意: 包含文件:         C:\Program Files (x86)\Microsoft Visual Studio\2019\BuildTools\VC\Tools\MSVC\14.29.30133\include\climits
注意: 包含文件:         C:\Program Files (x86)\Microsoft Visual Studio\2019\BuildTools\VC\Tools\MSVC\14.29.30133\include\cwchar
注意: 包含文件:          C:\Program Files (x86)\Microsoft Visual Studio\2019\BuildTools\VC\Tools\MSVC\14.29.30133\include\cstdio
注意: 包含文件:           C:\Program Files (x86)\Windows Kits\10\include\10.0.19041.0\ucrt\stdio.h
注意: 包含文件:            C:\Program Files (x86)\Windows Kits\10\include\10.0.19041.0\ucrt\corecrt_wstdio.h
注意: 包含文件:             C:\Program Files (x86)\Windows Kits\10\include\10.0.19041.0\ucrt\corecrt_stdio_config.h
注意: 包含文件:          C:\Program Files (x86)\Windows Kits\10\include\10.0.19041.0\ucrt\wchar.h
注意: 包含文件:           C:\Program Files (x86)\Windows Kits\10\include\10.0.19041.0\ucrt\corecrt_memcpy_s.h
注意: 包含文件:            C:\Program Files (x86)\Windows Kits\10\include\10.0.19041.0\ucrt\errno.h
注意: 包含文件:            C:\Program Files (x86)\Microsoft Visual Studio\2019\BuildTools\VC\Tools\MSVC\14.29.30133\include\vcruntime_string.h
注意: 包含文件:           C:\Program Files (x86)\Windows Kits\10\include\10.0.19041.0\ucrt\corecrt_wconio.h
注意: 包含文件:           C:\Program Files (x86)\Windows Kits\10\include\10.0.19041.0\ucrt\corecrt_wctype.h
注意: 包含文件:           C:\Program Files (x86)\Windows Kits\10\include\10.0.19041.0\ucrt\corecrt_wdirect.h
注意: 包含文件:           C:\Program Files (x86)\Windows Kits\10\include\10.0.19041.0\ucrt\corecrt_wio.h
注意: 包含文件:            C:\Program Files (x86)\Windows Kits\10\include\10.0.19041.0\ucrt\corecrt_share.h
注意: 包含文件:           C:\Program Files (x86)\Windows Kits\10\include\10.0.19041.0\ucrt\corecrt_wprocess.h
注意: 包含文件:           C:\Program Files (x86)\Windows Kits\10\include\10.0.19041.0\ucrt\corecrt_wstring.h
注意: 包含文件:           C:\Program Files (x86)\Windows Kits\10\include\10.0.19041.0\ucrt\corecrt_wtime.h
注意: 包含文件:           C:\Program Files (x86)\Windows Kits\10\include\10.0.19041.0\ucrt\sys/stat.h
注意: 包含文件:            C:\Program Files (x86)\Windows Kits\10\include\10.0.19041.0\ucrt\sys/types.h
注意: 包含文件:         C:\Program Files (x86)\Microsoft Visual Studio\2019\BuildTools\VC\Tools\MSVC\14.29.30133\include\intrin0.h
注意: 包含文件:          C:\Program Files (x86)\Microsoft Visual Studio\2019\BuildTools\VC\Tools\MSVC\14.29.30133\include\intrin0.inl.h
注意: 包含文件:         C:\Program Files (x86)\Microsoft Visual Studio\2019\BuildTools\VC\Tools\MSVC\14.29.30133\include\isa_availability.h
注意: 包含文件:         C:\Program Files (x86)\Microsoft Visual Studio\2019\BuildTools\VC\Tools\MSVC\14.29.30133\include\xstddef
注意: 包含文件:          C:\Program Files (x86)\Microsoft Visual Studio\2019\BuildTools\VC\Tools\MSVC\14.29.30133\include\initializer_list
注意: 包含文件:        C:\Program Files (x86)\Microsoft Visual Studio\2019\BuildTools\VC\Tools\MSVC\14.29.30133\include\new
注意: 包含文件:         C:\Program Files (x86)\Microsoft Visual Studio\2019\BuildTools\VC\Tools\MSVC\14.29.30133\include\exception
注意: 包含文件:          C:\Program Files (x86)\Microsoft Visual Studio\2019\BuildTools\VC\Tools\MSVC\14.29.30133\include\yvals.h
注意: 包含文件:           C:\Program Files (x86)\Windows Kits\10\include\10.0.19041.0\ucrt\crtdbg.h
注意: 包含文件:            C:\Program Files (x86)\Microsoft Visual Studio\2019\BuildTools\VC\Tools\MSVC\14.29.30133\include\vcruntime_new_debug.h
注意: 包含文件:             C:\Program Files (x86)\Microsoft Visual Studio\2019\BuildTools\VC\Tools\MSVC\14.29.30133\include\vcruntime_new.h
注意: 包含文件:           C:\Program Files (x86)\Microsoft Visual Studio\2019\BuildTools\VC\Tools\MSVC\14.29.30133\include\crtdefs.h
注意: 包含文件:           C:\Program Files (x86)\Microsoft Visual Studio\2019\BuildTools\VC\Tools\MSVC\14.29.30133\include\use_ansi.h
注意: 包含文件:          C:\Program Files (x86)\Microsoft Visual Studio\2019\BuildTools\VC\Tools\MSVC\14.29.30133\include\type_traits
注意: 包含文件:          C:\Program Files (x86)\Windows Kits\10\include\10.0.19041.0\ucrt\malloc.h
注意: 包含文件:          C:\Program Files (x86)\Microsoft Visual Studio\2019\BuildTools\VC\Tools\MSVC\14.29.30133\include\vcruntime_exception.h
注意: 包含文件:           C:\Program Files (x86)\Microsoft Visual Studio\2019\BuildTools\VC\Tools\MSVC\14.29.30133\include\eh.h
注意: 包含文件:            C:\Program Files (x86)\Windows Kits\10\include\10.0.19041.0\ucrt\corecrt_terminate.h
注意: 包含文件:        C:\Program Files (x86)\Microsoft Visual Studio\2019\BuildTools\VC\Tools\MSVC\14.29.30133\include\xatomic.h
注意: 包含文件:        C:\Program Files (x86)\Microsoft Visual Studio\2019\BuildTools\VC\Tools\MSVC\14.29.30133\include\xutility
注意: 包含文件:         C:\Program Files (x86)\Microsoft Visual Studio\2019\BuildTools\VC\Tools\MSVC\14.29.30133\include\cstring
注意: 包含文件:          C:\Program Files (x86)\Windows Kits\10\include\10.0.19041.0\ucrt\string.h
注意: 包含文件:           C:\Program Files (x86)\Windows Kits\10\include\10.0.19041.0\ucrt\corecrt_memory.h
注意: 包含文件:         C:\Program Files (x86)\Microsoft Visual Studio\2019\BuildTools\VC\Tools\MSVC\14.29.30133\include\utility
注意: 包含文件:       C:\Program Files (x86)\Microsoft Visual Studio\2019\BuildTools\VC\Tools\MSVC\14.29.30133\include\xpolymorphic_allocator.h
注意: 包含文件:        C:\Program Files (x86)\Microsoft Visual Studio\2019\BuildTools\VC\Tools\MSVC\14.29.30133\include\tuple
注意: 包含文件:     C:\Program Files (x86)\Microsoft Visual Studio\2019\BuildTools\VC\Tools\MSVC\14.29.30133\include\memory
注意: 包含文件:      C:\Program Files (x86)\Microsoft Visual Studio\2019\BuildTools\VC\Tools\MSVC\14.29.30133\include\iosfwd
注意: 包含文件:      C:\Program Files (x86)\Microsoft Visual Studio\2019\BuildTools\VC\Tools\MSVC\14.29.30133\include\typeinfo
注意: 包含文件:       C:\Program Files (x86)\Microsoft Visual Studio\2019\BuildTools\VC\Tools\MSVC\14.29.30133\include\vcruntime_typeinfo.h
注意: 包含文件:     C:\Program Files (x86)\Microsoft Visual Studio\2019\BuildTools\VC\Tools\MSVC\14.29.30133\include\string_view
注意: 包含文件:      C:\Program Files (x86)\Microsoft Visual Studio\2019\BuildTools\VC\Tools\MSVC\14.29.30133\include\xstring
注意: 包含文件:    C:\Program Files (x86)\Microsoft Visual Studio\2019\BuildTools\VC\Tools\MSVC\14.29.30133\include\array
注意: 包含文件:    C:\Program Files (x86)\Microsoft Visual Studio\2019\BuildTools\VC\Tools\MSVC\14.29.30133\include\atomic
注意: 包含文件:     C:\Program Files (x86)\Microsoft Visual Studio\2019\BuildTools\VC\Tools\MSVC\14.29.30133\include\xthreads.h
注意: 包含文件:      C:\Program Files (x86)\Microsoft Visual Studio\2019\BuildTools\VC\Tools\MSVC\14.29.30133\include\xtimec.h
注意: 包含文件:       C:\Program Files (x86)\Microsoft Visual Studio\2019\BuildTools\VC\Tools\MSVC\14.29.30133\include\ctime
注意: 包含文件:        C:\Program Files (x86)\Windows Kits\10\include\10.0.19041.0\ucrt\time.h
注意: 包含文件:    C:\Program Files (x86)\Microsoft Visual Studio\2019\BuildTools\VC\Tools\MSVC\14.29.30133\include\mutex
注意: 包含文件:     C:\Program Files (x86)\Microsoft Visual Studio\2019\BuildTools\VC\Tools\MSVC\14.29.30133\include\__msvc_chrono.hpp
注意: 包含文件:      C:\Program Files (x86)\Microsoft Visual Studio\2019\BuildTools\VC\Tools\MSVC\14.29.30133\include\ratio
注意: 包含文件:     C:\Program Files (x86)\Microsoft Visual Studio\2019\BuildTools\VC\Tools\MSVC\14.29.30133\include\system_error
注意: 包含文件:      C:\Program Files (x86)\Microsoft Visual Studio\2019\BuildTools\VC\Tools\MSVC\14.29.30133\include\__msvc_system_error_abi.hpp
注意: 包含文件:      C:\Program Files (x86)\Microsoft Visual Studio\2019\BuildTools\VC\Tools\MSVC\14.29.30133\include\cerrno
注意: 包含文件:      C:\Program Files (x86)\Microsoft Visual Studio\2019\BuildTools\VC\Tools\MSVC\14.29.30133\include\stdexcept
注意: 包含文件:      C:\Program Files (x86)\Microsoft Visual Studio\2019\BuildTools\VC\Tools\MSVC\14.29.30133\include\xcall_once.h
注意: 包含文件:      C:\Program Files (x86)\Microsoft Visual Studio\2019\BuildTools\VC\Tools\MSVC\14.29.30133\include\xerrc.h
注意: 包含文件:     C:\Program Files (x86)\Microsoft Visual Studio\2019\BuildTools\VC\Tools\MSVC\14.29.30133\include\thread
注意: 包含文件:      C:\Program Files (x86)\Windows Kits\10\include\10.0.19041.0\ucrt\process.h
注意: 包含文件:       C:\Program Files (x86)\Windows Kits\10\include\10.0.19041.0\ucrt\corecrt_startup.h
注意: 包含文件:        C:\Program Files (x86)\Windows Kits\10\include\10.0.19041.0\ucrt\math.h
注意: 包含文件:        C:\Program Files (x86)\Microsoft Visual Studio\2019\BuildTools\VC\Tools\MSVC\14.29.30133\include\vcruntime_startup.h
注意: 包含文件:   C:\Users\user1000\AppData\Local\Temp\webrc-native-config-preflight-v1-source\native-mvp\engine-cpp\include\native_track_host.hpp
注意: 包含文件:    C:\Users\user1000\AppData\Local\Temp\webrc-native-config-preflight-v1-source\native-mvp\engine-cpp\include\multitrack_looper_core.hpp
注意: 包含文件:  C:\Program Files (x86)\Microsoft Visual Studio\2019\BuildTools\VC\Tools\MSVC\14.29.30133\include\iostream
注意: 包含文件:   C:\Program Files (x86)\Microsoft Visual Studio\2019\BuildTools\VC\Tools\MSVC\14.29.30133\include\istream
注意: 包含文件:    C:\Program Files (x86)\Microsoft Visual Studio\2019\BuildTools\VC\Tools\MSVC\14.29.30133\include\ostream
注意: 包含文件:     C:\Program Files (x86)\Microsoft Visual Studio\2019\BuildTools\VC\Tools\MSVC\14.29.30133\include\ios
注意: 包含文件:      C:\Program Files (x86)\Microsoft Visual Studio\2019\BuildTools\VC\Tools\MSVC\14.29.30133\include\xlocnum
注意: 包含文件:       C:\Program Files (x86)\Microsoft Visual Studio\2019\BuildTools\VC\Tools\MSVC\14.29.30133\include\cmath
注意: 包含文件:       C:\Program Files (x86)\Microsoft Visual Studio\2019\BuildTools\VC\Tools\MSVC\14.29.30133\include\iterator
注意: 包含文件:       C:\Program Files (x86)\Microsoft Visual Studio\2019\BuildTools\VC\Tools\MSVC\14.29.30133\include\streambuf
注意: 包含文件:        C:\Program Files (x86)\Microsoft Visual Studio\2019\BuildTools\VC\Tools\MSVC\14.29.30133\include\xiosbase
注意: 包含文件:         C:\Program Files (x86)\Windows Kits\10\include\10.0.19041.0\ucrt\share.h
注意: 包含文件:         C:\Program Files (x86)\Microsoft Visual Studio\2019\BuildTools\VC\Tools\MSVC\14.29.30133\include\xlocale
注意: 包含文件:          C:\Program Files (x86)\Microsoft Visual Studio\2019\BuildTools\VC\Tools\MSVC\14.29.30133\include\xfacet
注意: 包含文件:          C:\Program Files (x86)\Microsoft Visual Studio\2019\BuildTools\VC\Tools\MSVC\14.29.30133\include\xlocinfo
注意: 包含文件:           C:\Program Files (x86)\Microsoft Visual Studio\2019\BuildTools\VC\Tools\MSVC\14.29.30133\include\xlocinfo.h
注意: 包含文件:            C:\Program Files (x86)\Microsoft Visual Studio\2019\BuildTools\VC\Tools\MSVC\14.29.30133\include\cctype
注意: 包含文件:             C:\Program Files (x86)\Windows Kits\10\include\10.0.19041.0\ucrt\ctype.h
注意: 包含文件:            C:\Program Files (x86)\Microsoft Visual Studio\2019\BuildTools\VC\Tools\MSVC\14.29.30133\include\clocale
注意: 包含文件:             C:\Program Files (x86)\Windows Kits\10\include\10.0.19041.0\ucrt\locale.h
