**********************************************************************
** Visual Studio 2019 Developer Command Prompt v16.11.58
** Copyright (c) 2021 Microsoft Corporation
**********************************************************************
[vcvarsall.bat] Environment initialized for: 'x64'
-- The CXX compiler identification is MSVC 19.29.30159.0
-- Detecting CXX compiler ABI info
-- Detecting CXX compiler ABI info - done
-- Check for working CXX compiler: C:/Program Files (x86)/Microsoft Visual Studio/2019/BuildTools/VC/Tools/MSVC/14.29.30133/bin/Hostx64/x64/cl.exe - skipped
-- Detecting CXX compile features
-- Detecting CXX compile features - done
-- Configuring done (2.3s)
-- Generating done (0.8s)
-- Build files have been written to: C:/Users/user1000/AppData/Local/Temp/webrc-native-serial-warmup-20261009T180047Z
[  3%] Building CXX object CMakeFiles/webrc_dsp.dir/shared/dsp/src/primitives.cpp.obj
primitives.cpp
[  7%] Building CXX object CMakeFiles/webrc_dsp.dir/shared/dsp/src/control_dynamics.cpp.obj
control_dynamics.cpp
[ 11%] Building CXX object CMakeFiles/webrc_dsp.dir/shared/dsp/src/nonlinear.cpp.obj
nonlinear.cpp
[ 15%] Building CXX object CMakeFiles/webrc_dsp.dir/shared/dsp/src/fft.cpp.obj
fft.cpp
[ 19%] Building CXX object CMakeFiles/webrc_dsp.dir/shared/dsp/src/spatial_temporal.cpp.obj
spatial_temporal.cpp
[ 23%] Building CXX object CMakeFiles/webrc_dsp.dir/shared/dsp/src/pitch.cpp.obj
pitch.cpp
[ 26%] Building CXX object CMakeFiles/webrc_dsp.dir/shared/dsp/src/signalsmith_adapter.cpp.obj
signalsmith_adapter.cpp
D:\Documents\Codes\2024_1_WebRC505MKII\2025_WebRC505MKII_v2\bench\results\native-fx-reclaim-serial-warmup-20261009T180047Z\source-snapshot\third_party\signalsmith-linear\include\signalsmith-linear\../../stft.h(530): warning C4305: 鈥滃垵濮嬪寲鈥? 浠庘€渄ouble鈥濆埌鈥渃onst Sample鈥濇埅鏂?
        with
        [
            Sample=float
        ]
D:\Documents\Codes\2024_1_WebRC505MKII\2025_WebRC505MKII_v2\bench\results\native-fx-reclaim-serial-warmup-20261009T180047Z\source-snapshot\third_party\signalsmith-stretch\include\signalsmith-stretch\../../signalsmith-stretch.h(520): note: 鏌ョ湅瀵规鍦ㄧ紪璇戠殑 绫?妯℃澘 瀹炰緥鍖栤€渟ignalsmith::linear::DynamicSTFT<Sample,false,1>鈥濈殑寮曠敤
        with
        [
            Sample=float
        ]
D:\Documents\Codes\2024_1_WebRC505MKII\2025_WebRC505MKII_v2\bench\results\native-fx-reclaim-serial-warmup-20261009T180047Z\source-snapshot\shared\dsp\src\signalsmith_adapter.cpp(94): note: 鏌ョ湅瀵规鍦ㄧ紪璇戠殑 绫?妯℃澘 瀹炰緥鍖栤€渟ignalsmith::stretch::SignalsmithStretch<float,void>鈥濈殑寮曠敤
D:\Documents\Codes\2024_1_WebRC505MKII\2025_WebRC505MKII_v2\bench\results\native-fx-reclaim-serial-warmup-20261009T180047Z\source-snapshot\third_party\signalsmith-stretch\include\signalsmith-stretch\../../signalsmith-stretch.h(50): warning C4305: 鈥滃弬鏁扳€? 浠庘€渄ouble鈥濆埌鈥淪ample鈥濇埅鏂?
        with
        [
            Sample=float
        ]
D:\Documents\Codes\2024_1_WebRC505MKII\2025_WebRC505MKII_v2\bench\results\native-fx-reclaim-serial-warmup-20261009T180047Z\source-snapshot\third_party\signalsmith-stretch\include\signalsmith-stretch\../../signalsmith-stretch.h(49): note: 鍦ㄧ紪璇?绫?妯℃澘 鎴愬憳鍑芥暟鈥渧oid signalsmith::stretch::SignalsmithStretch<float,void>::reset(void)鈥濇椂
D:\Documents\Codes\2024_1_WebRC505MKII\2025_WebRC505MKII_v2\bench\results\native-fx-reclaim-serial-warmup-20261009T180047Z\source-snapshot\shared\dsp\src\signalsmith_adapter.cpp(127): note: 鏌ョ湅瀵规鍦ㄧ紪璇戠殑鍑芥暟 妯℃澘 瀹炰緥鍖栤€渧oid signalsmith::stretch::SignalsmithStretch<float,void>::reset(void)鈥濈殑寮曠敤
D:\Documents\Codes\2024_1_WebRC505MKII\2025_WebRC505MKII_v2\bench\results\native-fx-reclaim-serial-warmup-20261009T180047Z\source-snapshot\shared\dsp\src\signalsmith_adapter.cpp(94): note: 鏌ョ湅瀵规鍦ㄧ紪璇戠殑 绫?妯℃澘 瀹炰緥鍖栤€渟ignalsmith::stretch::SignalsmithStretch<float,void>鈥濈殑寮曠敤
D:\Documents\Codes\2024_1_WebRC505MKII\2025_WebRC505MKII_v2\bench\results\native-fx-reclaim-serial-warmup-20261009T180047Z\source-snapshot\third_party\signalsmith-linear\include\signalsmith-linear\../../stft.h(554): warning C4244: 鈥滃垵濮嬪寲鈥? 浠庘€渟ize_t鈥濊浆鎹㈠埌鈥淪ample鈥濓紝鍙兘涓㈠け鏁版嵁
        with
        [
            Sample=float
        ]
D:\Documents\Codes\2024_1_WebRC505MKII\2025_WebRC505MKII_v2\bench\results\native-fx-reclaim-serial-warmup-20261009T180047Z\source-snapshot\third_party\signalsmith-linear\include\signalsmith-linear\../../stft.h(544): note: 鍦ㄧ紪璇?绫?妯℃澘 鎴愬憳鍑芥暟鈥渧oid signalsmith::linear::DynamicSTFT<Sample,false,1>::addWindowProduct(void)鈥濇椂
        with
        [
            Sample=float
        ]
D:\Documents\Codes\2024_1_WebRC505MKII\2025_WebRC505MKII_v2\bench\results\native-fx-reclaim-serial-warmup-20261009T180047Z\source-snapshot\third_party\signalsmith-linear\include\signalsmith-linear\../../stft.h(91): note: 鏌ョ湅瀵规鍦ㄧ紪璇戠殑鍑芥暟 妯℃澘 瀹炰緥鍖栤€渧oid signalsmith::linear::DynamicSTFT<Sample,false,1>::addWindowProduct(void)鈥濈殑寮曠敤
        with
        [
            Sample=float
        ]
D:\Documents\Codes\2024_1_WebRC505MKII\2025_WebRC505MKII_v2\bench\results\native-fx-reclaim-serial-warmup-20261009T180047Z\source-snapshot\third_party\signalsmith-stretch\include\signalsmith-stretch\../../signalsmith-stretch.h(520): note: 鏌ョ湅瀵规鍦ㄧ紪璇戠殑 绫?妯℃澘 瀹炰緥鍖栤€渟ignalsmith::linear::DynamicSTFT<Sample,false,1>鈥濈殑寮曠敤
        with
        [
            Sample=float
        ]
D:\Documents\Codes\2024_1_WebRC505MKII\2025_WebRC505MKII_v2\bench\results\native-fx-reclaim-serial-warmup-20261009T180047Z\source-snapshot\third_party\signalsmith-linear\./fft.h(980): warning C4244: 鈥滃垵濮嬪寲鈥? 浠庘€渄ouble鈥濊浆鎹㈠埌鈥淪ample鈥濓紝鍙兘涓㈠け鏁版嵁
        with
        [
            Sample=float
        ]
D:\Documents\Codes\2024_1_WebRC505MKII\2025_WebRC505MKII_v2\bench\results\native-fx-reclaim-serial-warmup-20261009T180047Z\source-snapshot\third_party\signalsmith-linear\./fft.h(970): note: 鍦ㄧ紪璇?绫?妯℃澘 鎴愬憳鍑芥暟鈥渧oid signalsmith::linear::RealFFT<Sample,false,true>::resize(size_t)鈥濇椂
        with
        [
            Sample=float
        ]
D:\Documents\Codes\2024_1_WebRC505MKII\2025_WebRC505MKII_v2\bench\results\native-fx-reclaim-serial-warmup-20261009T180047Z\source-snapshot\third_party\signalsmith-linear\include\signalsmith-linear\../../stft.h(37): note: 鏌ョ湅瀵规鍦ㄧ紪璇戠殑鍑芥暟 妯℃澘 瀹炰緥鍖栤€渧oid signalsmith::linear::RealFFT<Sample,false,true>::resize(size_t)鈥濈殑寮曠敤
        with
        [
            Sample=float
        ]
D:\Documents\Codes\2024_1_WebRC505MKII\2025_WebRC505MKII_v2\bench\results\native-fx-reclaim-serial-warmup-20261009T180047Z\source-snapshot\third_party\signalsmith-linear\include\signalsmith-linear\../../stft.h(19): note: 鏌ョ湅瀵规鍦ㄧ紪璇戠殑 绫?妯℃澘 瀹炰緥鍖栤€渟ignalsmith::linear::RealFFT<Sample,false,true>鈥濈殑寮曠敤
        with
        [
            Sample=float
        ]
D:\Documents\Codes\2024_1_WebRC505MKII\2025_WebRC505MKII_v2\bench\results\native-fx-reclaim-serial-warmup-20261009T180047Z\source-snapshot\third_party\signalsmith-linear\./fft.h(985): warning C4244: 鈥滃垵濮嬪寲鈥? 浠庘€渄ouble鈥濊浆鎹㈠埌鈥淪ample鈥濓紝鍙兘涓㈠け鏁版嵁
        with
        [
            Sample=float
        ]
D:\Documents\Codes\2024_1_WebRC505MKII\2025_WebRC505MKII_v2\bench\results\native-fx-reclaim-serial-warmup-20261009T180047Z\source-snapshot\third_party\signalsmith-linear\./fft.h(991): warning C4244: 鈥滃垵濮嬪寲鈥? 浠庘€渄ouble鈥濊浆鎹㈠埌鈥淪ample鈥濓紝鍙兘涓㈠け鏁版嵁
        with
        [
            Sample=float
        ]
D:\Documents\Codes\2024_1_WebRC505MKII\2025_WebRC505MKII_v2\bench\results\native-fx-reclaim-serial-warmup-20261009T180047Z\source-snapshot\third_party\signalsmith-linear\./fft.h(115): warning C4244: 鈥滃垵濮嬪寲鈥? 浠庘€渄ouble鈥濊浆鎹㈠埌鈥淪ample鈥濓紝鍙兘涓㈠け鏁版嵁
        with
        [
            Sample=float
        ]
D:\Documents\Codes\2024_1_WebRC505MKII\2025_WebRC505MKII_v2\bench\results\native-fx-reclaim-serial-warmup-20261009T180047Z\source-snapshot\third_party\signalsmith-linear\./fft.h(112): note: 鍦ㄧ紪璇?绫?妯℃澘 鎴愬憳鍑芥暟鈥渧oid signalsmith::linear::SimpleFFT<Sample>::resize(size_t)鈥濇椂
        with
        [
            Sample=float
        ]
D:\Documents\Codes\2024_1_WebRC505MKII\2025_WebRC505MKII_v2\bench\results\native-fx-reclaim-serial-warmup-20261009T180047Z\source-snapshot\third_party\signalsmith-linear\./fft.h(109): note: 鏌ョ湅瀵规鍦ㄧ紪璇戠殑鍑芥暟 妯℃澘 瀹炰緥鍖栤€渧oid signalsmith::linear::SimpleFFT<Sample>::resize(size_t)鈥濈殑寮曠敤
        with
        [
            Sample=float
        ]
D:\Documents\Codes\2024_1_WebRC505MKII\2025_WebRC505MKII_v2\bench\results\native-fx-reclaim-serial-warmup-20261009T180047Z\source-snapshot\third_party\signalsmith-linear\./fft.h(321): note: 鏌ョ湅瀵规鍦ㄧ紪璇戠殑 绫?妯℃澘 瀹炰緥鍖栤€渟ignalsmith::linear::SimpleFFT<Sample>鈥濈殑寮曠敤
        with
        [
            Sample=float
        ]
D:\Documents\Codes\2024_1_WebRC505MKII\2025_WebRC505MKII_v2\bench\results\native-fx-reclaim-serial-warmup-20261009T180047Z\source-snapshot\third_party\signalsmith-linear\./fft.h(328): note: 鏌ョ湅瀵规鍦ㄧ紪璇戠殑 绫?妯℃澘 瀹炰緥鍖栤€渟ignalsmith::linear::Pow2FFT<Sample>鈥濈殑寮曠敤
        with
        [
            Sample=float
        ]
D:\Documents\Codes\2024_1_WebRC505MKII\2025_WebRC505MKII_v2\bench\results\native-fx-reclaim-serial-warmup-20261009T180047Z\source-snapshot\third_party\signalsmith-linear\./fft.h(960): note: 鏌ョ湅瀵规鍦ㄧ紪璇戠殑 绫?妯℃澘 瀹炰緥鍖栤€渟ignalsmith::linear::SplitFFT<Sample,false>鈥濈殑寮曠敤
        with
        [
            Sample=float
        ]
D:\Documents\Codes\2024_1_WebRC505MKII\2025_WebRC505MKII_v2\bench\results\native-fx-reclaim-serial-warmup-20261009T180047Z\source-snapshot\third_party\signalsmith-linear\include\signalsmith-linear\../../stft.h(667): warning C4458: 鈥渘orm鈥濈殑澹版槑闅愯棌浜嗙被鎴愬憳
D:\Documents\Codes\2024_1_WebRC505MKII\2025_WebRC505MKII_v2\bench\results\native-fx-reclaim-serial-warmup-20261009T180047Z\source-snapshot\third_party\signalsmith-linear\include\signalsmith-linear\../../stft.h(543): note: 鍙傝鈥渟ignalsmith::linear::DynamicSTFT<Sample,false,1>::norm鈥濈殑澹版槑
        with
        [
            Sample=float
        ]
D:\Documents\Codes\2024_1_WebRC505MKII\2025_WebRC505MKII_v2\bench\results\native-fx-reclaim-serial-warmup-20261009T180047Z\source-snapshot\third_party\signalsmith-linear\include\signalsmith-linear\../../stft.h(293): note: 鏌ョ湅瀵规鍦ㄧ紪璇戠殑鍑芥暟 妯℃澘 瀹炰緥鍖栤€渧oid signalsmith::linear::DynamicSTFT<Sample,false,1>::ApproximateConfinedGaussian::fill<std::vector<float,std::allocator<float>>&>(Data,size_t,double,bool) const鈥濈殑寮曠敤
        with
        [
            Sample=float,
            Data=std::vector<float,std::allocator<float>> &
        ]
D:\Documents\Codes\2024_1_WebRC505MKII\2025_WebRC505MKII_v2\bench\results\native-fx-reclaim-serial-warmup-20261009T180047Z\source-snapshot\third_party\signalsmith-linear\include\signalsmith-linear\../../stft.h(293): note: 鏌ョ湅瀵规鍦ㄧ紪璇戠殑鍑芥暟 妯℃澘 瀹炰緥鍖栤€渧oid signalsmith::linear::DynamicSTFT<Sample,false,1>::ApproximateConfinedGaussian::fill<std::vector<float,std::allocator<float>>&>(Data,size_t,double,bool) const鈥濈殑寮曠敤
        with
        [
            Sample=float,
            Data=std::vector<float,std::allocator<float>> &
        ]
D:\Documents\Codes\2024_1_WebRC505MKII\2025_WebRC505MKII_v2\bench\results\native-fx-reclaim-serial-warmup-20261009T180047Z\source-snapshot\third_party\signalsmith-linear\include\signalsmith-linear\../../stft.h(287): note: 鍦ㄧ紪璇?绫?妯℃澘 鎴愬憳鍑芥暟鈥渧oid signalsmith::linear::DynamicSTFT<Sample,false,1>::setInterval(size_t,signalsmith::linear::DynamicSTFT<Sample,false,1>::WindowShape,Sample)鈥濇椂
        with
        [
            Sample=float
        ]
D:\Documents\Codes\2024_1_WebRC505MKII\2025_WebRC505MKII_v2\bench\results\native-fx-reclaim-serial-warmup-20261009T180047Z\source-snapshot\third_party\signalsmith-stretch\include\signalsmith-stretch\../../signalsmith-stretch.h(75): note: 鏌ョ湅瀵规鍦ㄧ紪璇戠殑鍑芥暟 妯℃澘 瀹炰緥鍖栤€渧oid signalsmith::linear::DynamicSTFT<Sample,false,1>::setInterval(size_t,signalsmith::linear::DynamicSTFT<Sample,false,1>::WindowShape,Sample)鈥濈殑寮曠敤
        with
        [
            Sample=float
        ]
D:\Documents\Codes\2024_1_WebRC505MKII\2025_WebRC505MKII_v2\bench\results\native-fx-reclaim-serial-warmup-20261009T180047Z\source-snapshot\third_party\signalsmith-linear\include\signalsmith-linear\../../stft.h(672): warning C4244: 鈥?鈥? 浠庘€渄ouble鈥濊浆鎹㈠埌鈥淿Ty鈥濓紝鍙兘涓㈠け鏁版嵁
        with
        [
            _Ty=float
        ]
D:\Documents\Codes\2024_1_WebRC505MKII\2025_WebRC505MKII_v2\bench\results\native-fx-reclaim-serial-warmup-20261009T180047Z\source-snapshot\third_party\signalsmith-linear\include\signalsmith-linear\../../stft.h(677): warning C4244: 鈥?=鈥? 浠庘€渄ouble鈥濊浆鎹㈠埌鈥淿Ty鈥濓紝鍙兘涓㈠け鏁版嵁
        with
        [
            _Ty=float
        ]
D:\Documents\Codes\2024_1_WebRC505MKII\2025_WebRC505MKII_v2\bench\results\native-fx-reclaim-serial-warmup-20261009T180047Z\source-snapshot\third_party\signalsmith-linear\include\signalsmith-linear\../../stft.h(635): warning C4244: 鈥?鈥? 浠庘€渄ouble鈥濊浆鎹㈠埌鈥淿Ty鈥濓紝鍙兘涓㈠け鏁版嵁
        with
        [
            _Ty=float
        ]
D:\Documents\Codes\2024_1_WebRC505MKII\2025_WebRC505MKII_v2\bench\results\native-fx-reclaim-serial-warmup-20261009T180047Z\source-snapshot\third_party\signalsmith-linear\include\signalsmith-linear\../../stft.h(296): note: 鏌ョ湅瀵规鍦ㄧ紪璇戠殑鍑芥暟 妯℃澘 瀹炰緥鍖栤€渧oid signalsmith::linear::DynamicSTFT<Sample,false,1>::Kaiser::fill<std::vector<float,std::allocator<float>>&>(Data,size_t,double,bool) const鈥濈殑寮曠敤
        with
        [
            Sample=float,
            Data=std::vector<float,std::allocator<float>> &
        ]
D:\Documents\Codes\2024_1_WebRC505MKII\2025_WebRC505MKII_v2\bench\results\native-fx-reclaim-serial-warmup-20261009T180047Z\source-snapshot\third_party\signalsmith-linear\include\signalsmith-linear\../../stft.h(296): note: 鏌ョ湅瀵规鍦ㄧ紪璇戠殑鍑芥暟 妯℃澘 瀹炰緥鍖栤€渧oid signalsmith::linear::DynamicSTFT<Sample,false,1>::Kaiser::fill<std::vector<float,std::allocator<float>>&>(Data,size_t,double,bool) const鈥濈殑寮曠敤
        with
        [
            Sample=float,
            Data=std::vector<float,std::allocator<float>> &
        ]
D:\Documents\Codes\2024_1_WebRC505MKII\2025_WebRC505MKII_v2\bench\results\native-fx-reclaim-serial-warmup-20261009T180047Z\source-snapshot\third_party\signalsmith-linear\include\signalsmith-linear\../../stft.h(640): warning C4244: 鈥?=鈥? 浠庘€渄ouble鈥濊浆鎹㈠埌鈥淿Ty鈥濓紝鍙兘涓㈠け鏁版嵁
        with
        [
            _Ty=float
        ]
D:\Documents\Codes\2024_1_WebRC505MKII\2025_WebRC505MKII_v2\bench\results\native-fx-reclaim-serial-warmup-20261009T180047Z\source-snapshot\third_party\signalsmith-linear\include\signalsmith-linear\../../stft.h(692): warning C4244: 鈥?=鈥? 浠庘€渄ouble鈥濊浆鎹㈠埌鈥淿Ty鈥濓紝鍙兘涓㈠け鏁版嵁
        with
        [
            _Ty=float
        ]
D:\Documents\Codes\2024_1_WebRC505MKII\2025_WebRC505MKII_v2\bench\results\native-fx-reclaim-serial-warmup-20261009T180047Z\source-snapshot\third_party\signalsmith-linear\include\signalsmith-linear\../../stft.h(303): note: 鏌ョ湅瀵规鍦ㄧ紪璇戠殑鍑芥暟 妯℃澘 瀹炰緥鍖栤€渧oid signalsmith::linear::DynamicSTFT<Sample,false,1>::forcePerfectReconstruction<std::vector<float,std::allocator<float>>&>(Data,size_t,size_t)鈥濈殑寮曠敤
        with
        [
            Sample=float,
            Data=std::vector<float,std::allocator<float>> &
        ]
D:\Documents\Codes\2024_1_WebRC505MKII\2025_WebRC505MKII_v2\bench\results\native-fx-reclaim-serial-warmup-20261009T180047Z\source-snapshot\third_party\signalsmith-linear\include\signalsmith-linear\../../stft.h(303): note: 鏌ョ湅瀵规鍦ㄧ紪璇戠殑鍑芥暟 妯℃澘 瀹炰緥鍖栤€渧oid signalsmith::linear::DynamicSTFT<Sample,false,1>::forcePerfectReconstruction<std::vector<float,std::allocator<float>>&>(Data,size_t,size_t)鈥濈殑寮曠敤
        with
        [
            Sample=float,
            Data=std::vector<float,std::allocator<float>> &
        ]
D:\Documents\Codes\2024_1_WebRC505MKII\2025_WebRC505MKII_v2\bench\results\native-fx-reclaim-serial-warmup-20261009T180047Z\source-snapshot\third_party\signalsmith-linear\include\signalsmith-linear\../../stft.h(420): warning C4127: 鏉′欢琛ㄨ揪寮忔槸甯搁噺
D:\Documents\Codes\2024_1_WebRC505MKII\2025_WebRC505MKII_v2\bench\results\native-fx-reclaim-serial-warmup-20261009T180047Z\source-snapshot\third_party\signalsmith-linear\include\signalsmith-linear\../../stft.h(420): note: 鑰冭檻鏀圭敤 "if constexpr" 璇彞
D:\Documents\Codes\2024_1_WebRC505MKII\2025_WebRC505MKII_v2\bench\results\native-fx-reclaim-serial-warmup-20261009T180047Z\source-snapshot\third_party\signalsmith-linear\include\signalsmith-linear\../../stft.h(408): note: 鍦ㄧ紪璇?绫?妯℃澘 鎴愬憳鍑芥暟鈥渧oid signalsmith::linear::DynamicSTFT<Sample,false,1>::synthesiseStep(size_t)鈥濇椂
        with
        [
            Sample=float
        ]
D:\Documents\Codes\2024_1_WebRC505MKII\2025_WebRC505MKII_v2\bench\results\native-fx-reclaim-serial-warmup-20261009T180047Z\source-snapshot\third_party\signalsmith-stretch\include\signalsmith-stretch\../../signalsmith-stretch.h(398): note: 鏌ョ湅瀵规鍦ㄧ紪璇戠殑鍑芥暟 妯℃澘 瀹炰緥鍖栤€渧oid signalsmith::linear::DynamicSTFT<Sample,false,1>::synthesiseStep(size_t)鈥濈殑寮曠敤
        with
        [
            Sample=float
        ]
D:\Documents\Codes\2024_1_WebRC505MKII\2025_WebRC505MKII_v2\bench\results\native-fx-reclaim-serial-warmup-20261009T180047Z\source-snapshot\third_party\signalsmith-linear\include\signalsmith-linear\../../stft.h(387): warning C4127: 鏉′欢琛ㄨ揪寮忔槸甯搁噺
D:\Documents\Codes\2024_1_WebRC505MKII\2025_WebRC505MKII_v2\bench\results\native-fx-reclaim-serial-warmup-20261009T180047Z\source-snapshot\third_party\signalsmith-linear\include\signalsmith-linear\../../stft.h(387): note: 鑰冭檻鏀圭敤 "if constexpr" 璇彞
D:\Documents\Codes\2024_1_WebRC505MKII\2025_WebRC505MKII_v2\bench\results\native-fx-reclaim-serial-warmup-20261009T180047Z\source-snapshot\third_party\signalsmith-linear\include\signalsmith-linear\../../stft.h(330): note: 鍦ㄧ紪璇?绫?妯℃澘 鎴愬憳鍑芥暟鈥渧oid signalsmith::linear::DynamicSTFT<Sample,false,1>::analyseStep(size_t,size_t)鈥濇椂
        with
        [
            Sample=float
        ]
D:\Documents\Codes\2024_1_WebRC505MKII\2025_WebRC505MKII_v2\bench\results\native-fx-reclaim-serial-warmup-20261009T180047Z\source-snapshot\third_party\signalsmith-stretch\include\signalsmith-stretch\../../signalsmith-stretch.h(337): note: 鏌ョ湅瀵规鍦ㄧ紪璇戠殑鍑芥暟 妯℃澘 瀹炰緥鍖栤€渧oid signalsmith::linear::DynamicSTFT<Sample,false,1>::analyseStep(size_t,size_t)鈥濈殑寮曠敤
        with
        [
            Sample=float
        ]
D:\Documents\Codes\2024_1_WebRC505MKII\2025_WebRC505MKII_v2\bench\results\native-fx-reclaim-serial-warmup-20261009T180047Z\source-snapshot\third_party\signalsmith-linear\./fft.h(1222): warning C4456: 鈥渉Size鈥濈殑澹版槑闅愯棌浜嗕笂涓€涓湰鍦板０鏄?
D:\Documents\Codes\2024_1_WebRC505MKII\2025_WebRC505MKII_v2\bench\results\native-fx-reclaim-serial-warmup-20261009T180047Z\source-snapshot\third_party\signalsmith-linear\./fft.h(1183): note: 鍙傝鈥渉Size鈥濈殑澹版槑
D:\Documents\Codes\2024_1_WebRC505MKII\2025_WebRC505MKII_v2\bench\results\native-fx-reclaim-serial-warmup-20261009T180047Z\source-snapshot\third_party\signalsmith-linear\./fft.h(1181): note: 鍦ㄧ紪璇?绫?妯℃澘 鎴愬憳鍑芥暟鈥渧oid signalsmith::linear::RealFFT<Sample,false,true>::ifft(size_t,const std::complex<float> *,Sample *)鈥濇椂
        with
        [
            Sample=float
        ]
D:\Documents\Codes\2024_1_WebRC505MKII\2025_WebRC505MKII_v2\bench\results\native-fx-reclaim-serial-warmup-20261009T180047Z\source-snapshot\third_party\signalsmith-linear\include\signalsmith-linear\../../stft.h(426): note: 鏌ョ湅瀵规鍦ㄧ紪璇戠殑鍑芥暟 妯℃澘 瀹炰緥鍖栤€渧oid signalsmith::linear::RealFFT<Sample,false,true>::ifft(size_t,const std::complex<float> *,Sample *)鈥濈殑寮曠敤
        with
        [
            Sample=float
        ]
D:\Documents\Codes\2024_1_WebRC505MKII\2025_WebRC505MKII_v2\bench\results\native-fx-reclaim-serial-warmup-20261009T180047Z\source-snapshot\third_party\signalsmith-linear\./fft.h(1015): warning C4456: 鈥渉Size鈥濈殑澹版槑闅愯棌浜嗕笂涓€涓湰鍦板０鏄?
D:\Documents\Codes\2024_1_WebRC505MKII\2025_WebRC505MKII_v2\bench\results\native-fx-reclaim-serial-warmup-20261009T180047Z\source-snapshot\third_party\signalsmith-linear\./fft.h(1011): note: 鍙傝鈥渉Size鈥濈殑澹版槑
D:\Documents\Codes\2024_1_WebRC505MKII\2025_WebRC505MKII_v2\bench\results\native-fx-reclaim-serial-warmup-20261009T180047Z\source-snapshot\third_party\signalsmith-linear\./fft.h(1009): note: 鍦ㄧ紪璇?绫?妯℃澘 鎴愬憳鍑芥暟鈥渧oid signalsmith::linear::RealFFT<Sample,false,true>::fft(size_t,const Sample *,std::complex<float> *)鈥濇椂
        with
        [
            Sample=float
        ]
D:\Documents\Codes\2024_1_WebRC505MKII\2025_WebRC505MKII_v2\bench\results\native-fx-reclaim-serial-warmup-20261009T180047Z\source-snapshot\third_party\signalsmith-linear\include\signalsmith-linear\../../stft.h(386): note: 鏌ョ湅瀵规鍦ㄧ紪璇戠殑鍑芥暟 妯℃澘 瀹炰緥鍖栤€渧oid signalsmith::linear::RealFFT<Sample,false,true>::fft(size_t,const Sample *,std::complex<float> *)鈥濈殑寮曠敤
        with
        [
            Sample=float
        ]
D:\Documents\Codes\2024_1_WebRC505MKII\2025_WebRC505MKII_v2\bench\results\native-fx-reclaim-serial-warmup-20261009T180047Z\source-snapshot\third_party\signalsmith-stretch\include\signalsmith-stretch\../../signalsmith-stretch.h(1012): warning C4244: 鈥滃垵濮嬪寲鈥? 浠庘€渇loat鈥濊浆鎹㈠埌鈥渋nt鈥濓紝鍙兘涓㈠け鏁版嵁
D:\Documents\Codes\2024_1_WebRC505MKII\2025_WebRC505MKII_v2\bench\results\native-fx-reclaim-serial-warmup-20261009T180047Z\source-snapshot\third_party\signalsmith-stretch\include\signalsmith-stretch\../../signalsmith-stretch.h(972): note: 鍦ㄧ紪璇?绫?妯℃澘 鎴愬憳鍑芥暟鈥渧oid signalsmith::stretch::SignalsmithStretch<float,void>::updateFormants(size_t)鈥濇椂
D:\Documents\Codes\2024_1_WebRC505MKII\2025_WebRC505MKII_v2\bench\results\native-fx-reclaim-serial-warmup-20261009T180047Z\source-snapshot\third_party\signalsmith-stretch\include\signalsmith-stretch\../../signalsmith-stretch.h(691): note: 鏌ョ湅瀵规鍦ㄧ紪璇戠殑鍑芥暟 妯℃澘 瀹炰緥鍖栤€渧oid signalsmith::stretch::SignalsmithStretch<float,void>::updateFormants(size_t)鈥濈殑寮曠敤
D:\Documents\Codes\2024_1_WebRC505MKII\2025_WebRC505MKII_v2\bench\results\native-fx-reclaim-serial-warmup-20261009T180047Z\source-snapshot\third_party\signalsmith-linear\./fft.h(682): warning C4244: 鈥滃垵濮嬪寲鈥? 浠庘€渄ouble鈥濊浆鎹㈠埌鈥淪ample鈥濓紝鍙兘涓㈠け鏁版嵁
        with
        [
            Sample=float
        ]
D:\Documents\Codes\2024_1_WebRC505MKII\2025_WebRC505MKII_v2\bench\results\native-fx-reclaim-serial-warmup-20261009T180047Z\source-snapshot\third_party\signalsmith-linear\./fft.h(623): note: 鏌ョ湅瀵规鍦ㄧ紪璇戠殑鍑芥暟 妯℃澘 瀹炰緥鍖栤€渧oid signalsmith::linear::SplitFFT<Sample,false>::finalPass3<true>(Sample *,Sample *)鈥濈殑寮曠敤
        with
        [
            Sample=float
        ]
D:\Documents\Codes\2024_1_WebRC505MKII\2025_WebRC505MKII_v2\bench\results\native-fx-reclaim-serial-warmup-20261009T180047Z\source-snapshot\third_party\signalsmith-linear\./fft.h(623): note: 鏌ョ湅瀵规鍦ㄧ紪璇戠殑鍑芥暟 妯℃澘 瀹炰緥鍖栤€渧oid signalsmith::linear::SplitFFT<Sample,false>::finalPass3<true>(Sample *,Sample *)鈥濈殑寮曠敤
        with
        [
            Sample=float
        ]
D:\Documents\Codes\2024_1_WebRC505MKII\2025_WebRC505MKII_v2\bench\results\native-fx-reclaim-serial-warmup-20261009T180047Z\source-snapshot\third_party\signalsmith-linear\./fft.h(456): note: 鏌ョ湅瀵规鍦ㄧ紪璇戠殑鍑芥暟 妯℃澘 瀹炰緥鍖栤€渧oid signalsmith::linear::SplitFFT<Sample,false>::fftStep<true>(signalsmith::linear::SplitFFT<Sample,false>::Step,const Sample *,const Sample *,Sample *,Sample *)鈥濈殑寮曠敤
        with
        [
            Sample=float
        ]
D:\Documents\Codes\2024_1_WebRC505MKII\2025_WebRC505MKII_v2\bench\results\native-fx-reclaim-serial-warmup-20261009T180047Z\source-snapshot\third_party\signalsmith-linear\./fft.h(456): note: 鏌ョ湅瀵规鍦ㄧ紪璇戠殑鍑芥暟 妯℃澘 瀹炰緥鍖栤€渧oid signalsmith::linear::SplitFFT<Sample,false>::fftStep<true>(signalsmith::linear::SplitFFT<Sample,false>::Step,const Sample *,const Sample *,Sample *,Sample *)鈥濈殑寮曠敤
        with
        [
            Sample=float
        ]
D:\Documents\Codes\2024_1_WebRC505MKII\2025_WebRC505MKII_v2\bench\results\native-fx-reclaim-serial-warmup-20261009T180047Z\source-snapshot\third_party\signalsmith-linear\./fft.h(455): note: 鍦ㄧ紪璇?绫?妯℃澘 鎴愬憳鍑芥暟鈥渧oid signalsmith::linear::SplitFFT<Sample,false>::ifft(size_t,const Sample *,const Sample *,Sample *,Sample *)鈥濇椂
        with
        [
            Sample=float
        ]
D:\Documents\Codes\2024_1_WebRC505MKII\2025_WebRC505MKII_v2\bench\results\native-fx-reclaim-serial-warmup-20261009T180047Z\source-snapshot\third_party\signalsmith-linear\./fft.h(1220): note: 鏌ョ湅瀵规鍦ㄧ紪璇戠殑鍑芥暟 妯℃澘 瀹炰緥鍖栤€渧oid signalsmith::linear::SplitFFT<Sample,false>::ifft(size_t,const Sample *,const Sample *,Sample *,Sample *)鈥濈殑寮曠敤
        with
        [
            Sample=float
        ]
D:\Documents\Codes\2024_1_WebRC505MKII\2025_WebRC505MKII_v2\bench\results\native-fx-reclaim-serial-warmup-20261009T180047Z\source-snapshot\third_party\signalsmith-linear\./fft.h(682): warning C4244: 鈥滃垵濮嬪寲鈥? 浠庘€渄ouble鈥濊浆鎹㈠埌鈥渃onst Sample鈥濓紝鍙兘涓㈠け鏁版嵁
        with
        [
            Sample=float
        ]
D:\Documents\Codes\2024_1_WebRC505MKII\2025_WebRC505MKII_v2\bench\results\native-fx-reclaim-serial-warmup-20261009T180047Z\source-snapshot\third_party\signalsmith-linear\./fft.h(777): warning C4305: 鈥滃垵濮嬪寲鈥? 浠庘€渄ouble鈥濆埌鈥淪ample鈥濇埅鏂?
        with
        [
            Sample=float
        ]
D:\Documents\Codes\2024_1_WebRC505MKII\2025_WebRC505MKII_v2\bench\results\native-fx-reclaim-serial-warmup-20261009T180047Z\source-snapshot\third_party\signalsmith-linear\./fft.h(629): note: 鏌ョ湅瀵规鍦ㄧ紪璇戠殑鍑芥暟 妯℃澘 瀹炰緥鍖栤€渧oid signalsmith::linear::SplitFFT<Sample,false>::finalPass5<true>(Sample *,Sample *)鈥濈殑寮曠敤
        with
        [
            Sample=float
        ]
D:\Documents\Codes\2024_1_WebRC505MKII\2025_WebRC505MKII_v2\bench\results\native-fx-reclaim-serial-warmup-20261009T180047Z\source-snapshot\third_party\signalsmith-linear\./fft.h(629): note: 鏌ョ湅瀵规鍦ㄧ紪璇戠殑鍑芥暟 妯℃澘 瀹炰緥鍖栤€渧oid signalsmith::linear::SplitFFT<Sample,false>::finalPass5<true>(Sample *,Sample *)鈥濈殑寮曠敤
        with
        [
            Sample=float
        ]
D:\Documents\Codes\2024_1_WebRC505MKII\2025_WebRC505MKII_v2\bench\results\native-fx-reclaim-serial-warmup-20261009T180047Z\source-snapshot\third_party\signalsmith-linear\./fft.h(778): warning C4305: 鈥滃垵濮嬪寲鈥? 浠庘€渄ouble鈥濆埌鈥淪ample鈥濇埅鏂?
        with
        [
            Sample=float
        ]
D:\Documents\Codes\2024_1_WebRC505MKII\2025_WebRC505MKII_v2\bench\results\native-fx-reclaim-serial-warmup-20261009T180047Z\source-snapshot\third_party\signalsmith-linear\./fft.h(779): warning C4305: 鈥滃垵濮嬪寲鈥? 浠庘€渄ouble鈥濆埌鈥淪ample鈥濇埅鏂?
        with
        [
            Sample=float
        ]
D:\Documents\Codes\2024_1_WebRC505MKII\2025_WebRC505MKII_v2\bench\results\native-fx-reclaim-serial-warmup-20261009T180047Z\source-snapshot\third_party\signalsmith-linear\./fft.h(780): warning C4305: 鈥滃垵濮嬪寲鈥? 浠庘€渄ouble鈥濆埌鈥淪ample鈥濇埅鏂?
        with
        [
            Sample=float
        ]
D:\Documents\Codes\2024_1_WebRC505MKII\2025_WebRC505MKII_v2\bench\results\native-fx-reclaim-serial-warmup-20261009T180047Z\source-snapshot\third_party\signalsmith-linear\./fft.h(849): warning C4456: 鈥渟umR鈥濈殑澹版槑闅愯棌浜嗕笂涓€涓湰鍦板０鏄?
D:\Documents\Codes\2024_1_WebRC505MKII\2025_WebRC505MKII_v2\bench\results\native-fx-reclaim-serial-warmup-20261009T180047Z\source-snapshot\third_party\signalsmith-linear\./fft.h(840): note: 鍙傝鈥渟umR鈥濈殑澹版槑
D:\Documents\Codes\2024_1_WebRC505MKII\2025_WebRC505MKII_v2\bench\results\native-fx-reclaim-serial-warmup-20261009T180047Z\source-snapshot\third_party\signalsmith-linear\./fft.h(632): note: 鏌ョ湅瀵规鍦ㄧ紪璇戠殑鍑芥暟 妯℃澘 瀹炰緥鍖栤€渧oid signalsmith::linear::SplitFFT<Sample,false>::finalPassN<true>(Sample *,Sample *)鈥濈殑寮曠敤
        with
        [
            Sample=float
        ]
D:\Documents\Codes\2024_1_WebRC505MKII\2025_WebRC505MKII_v2\bench\results\native-fx-reclaim-serial-warmup-20261009T180047Z\source-snapshot\third_party\signalsmith-linear\./fft.h(632): note: 鏌ョ湅瀵规鍦ㄧ紪璇戠殑鍑芥暟 妯℃澘 瀹炰緥鍖栤€渧oid signalsmith::linear::SplitFFT<Sample,false>::finalPassN<true>(Sample *,Sample *)鈥濈殑寮曠敤
        with
        [
            Sample=float
        ]
D:\Documents\Codes\2024_1_WebRC505MKII\2025_WebRC505MKII_v2\bench\results\native-fx-reclaim-serial-warmup-20261009T180047Z\source-snapshot\third_party\signalsmith-linear\./fft.h(849): warning C4456: 鈥渟umI鈥濈殑澹版槑闅愯棌浜嗕笂涓€涓湰鍦板０鏄?
D:\Documents\Codes\2024_1_WebRC505MKII\2025_WebRC505MKII_v2\bench\results\native-fx-reclaim-serial-warmup-20261009T180047Z\source-snapshot\third_party\signalsmith-linear\./fft.h(840): note: 鍙傝鈥渟umI鈥濈殑澹版槑
D:\Documents\Codes\2024_1_WebRC505MKII\2025_WebRC505MKII_v2\bench\results\native-fx-reclaim-serial-warmup-20261009T180047Z\source-snapshot\third_party\signalsmith-linear\./fft.h(744): warning C4305: 鈥滃垵濮嬪寲鈥? 浠庘€渄ouble鈥濆埌鈥淪ample鈥濇埅鏂?
        with
        [
            Sample=float
        ]
D:\Documents\Codes\2024_1_WebRC505MKII\2025_WebRC505MKII_v2\bench\results\native-fx-reclaim-serial-warmup-20261009T180047Z\source-snapshot\third_party\signalsmith-linear\./fft.h(547): note: 鏌ョ湅瀵规鍦ㄧ紪璇戠殑鍑芥暟 妯℃澘 瀹炰緥鍖栤€渧oid signalsmith::linear::SplitFFT<Sample,false>::finalPass5<true>(std::complex<float> *)鈥濈殑寮曠敤
        with
        [
            Sample=float
        ]
D:\Documents\Codes\2024_1_WebRC505MKII\2025_WebRC505MKII_v2\bench\results\native-fx-reclaim-serial-warmup-20261009T180047Z\source-snapshot\third_party\signalsmith-linear\./fft.h(547): note: 鏌ョ湅瀵规鍦ㄧ紪璇戠殑鍑芥暟 妯℃澘 瀹炰緥鍖栤€渧oid signalsmith::linear::SplitFFT<Sample,false>::finalPass5<true>(std::complex<float> *)鈥濈殑寮曠敤
        with
        [
            Sample=float
        ]
D:\Documents\Codes\2024_1_WebRC505MKII\2025_WebRC505MKII_v2\bench\results\native-fx-reclaim-serial-warmup-20261009T180047Z\source-snapshot\third_party\signalsmith-linear\./fft.h(448): note: 鏌ョ湅瀵规鍦ㄧ紪璇戠殑鍑芥暟 妯℃澘 瀹炰緥鍖栤€渧oid signalsmith::linear::SplitFFT<Sample,false>::fftStep<true>(signalsmith::linear::SplitFFT<Sample,false>::Step,const std::complex<float> *,std::complex<float> *)鈥濈殑寮曠敤
        with
        [
            Sample=float
        ]
D:\Documents\Codes\2024_1_WebRC505MKII\2025_WebRC505MKII_v2\bench\results\native-fx-reclaim-serial-warmup-20261009T180047Z\source-snapshot\third_party\signalsmith-linear\./fft.h(448): note: 鏌ョ湅瀵规鍦ㄧ紪璇戠殑鍑芥暟 妯℃澘 瀹炰緥鍖栤€渧oid signalsmith::linear::SplitFFT<Sample,false>::fftStep<true>(signalsmith::linear::SplitFFT<Sample,false>::Step,const std::complex<float> *,std::complex<float> *)鈥濈殑寮曠敤
        with
        [
            Sample=float
        ]
D:\Documents\Codes\2024_1_WebRC505MKII\2025_WebRC505MKII_v2\bench\results\native-fx-reclaim-serial-warmup-20261009T180047Z\source-snapshot\third_party\signalsmith-linear\./fft.h(447): note: 鍦ㄧ紪璇?绫?妯℃澘 鎴愬憳鍑芥暟鈥渧oid signalsmith::linear::SplitFFT<Sample,false>::ifft(size_t,const std::complex<float> *,std::complex<float> *)鈥濇椂
        with
        [
            Sample=float
        ]
D:\Documents\Codes\2024_1_WebRC505MKII\2025_WebRC505MKII_v2\bench\results\native-fx-reclaim-serial-warmup-20261009T180047Z\source-snapshot\third_party\signalsmith-linear\./fft.h(1274): note: 鏌ョ湅瀵规鍦ㄧ紪璇戠殑鍑芥暟 妯℃澘 瀹炰緥鍖栤€渧oid signalsmith::linear::SplitFFT<Sample,false>::ifft(size_t,const std::complex<float> *,std::complex<float> *)鈥濈殑寮曠敤
        with
        [
            Sample=float
        ]
D:\Documents\Codes\2024_1_WebRC505MKII\2025_WebRC505MKII_v2\bench\results\native-fx-reclaim-serial-warmup-20261009T180047Z\source-snapshot\third_party\signalsmith-linear\./fft.h(745): warning C4305: 鈥滃垵濮嬪寲鈥? 浠庘€渄ouble鈥濆埌鈥淪ample鈥濇埅鏂?
        with
        [
            Sample=float
        ]
D:\Documents\Codes\2024_1_WebRC505MKII\2025_WebRC505MKII_v2\bench\results\native-fx-reclaim-serial-warmup-20261009T180047Z\source-snapshot\third_party\signalsmith-linear\./fft.h(746): warning C4305: 鈥滃垵濮嬪寲鈥? 浠庘€渄ouble鈥濆埌鈥淪ample鈥濇埅鏂?
        with
        [
            Sample=float
        ]
D:\Documents\Codes\2024_1_WebRC505MKII\2025_WebRC505MKII_v2\bench\results\native-fx-reclaim-serial-warmup-20261009T180047Z\source-snapshot\third_party\signalsmith-linear\./fft.h(747): warning C4305: 鈥滃垵濮嬪寲鈥? 浠庘€渄ouble鈥濆埌鈥淪ample鈥濇埅鏂?
        with
        [
            Sample=float
        ]
D:\Documents\Codes\2024_1_WebRC505MKII\2025_WebRC505MKII_v2\bench\results\native-fx-reclaim-serial-warmup-20261009T180047Z\source-snapshot\third_party\signalsmith-linear\./fft.h(818): warning C4456: 鈥渟um鈥濈殑澹版槑闅愯棌浜嗕笂涓€涓湰鍦板０鏄?
D:\Documents\Codes\2024_1_WebRC505MKII\2025_WebRC505MKII_v2\bench\results\native-fx-reclaim-serial-warmup-20261009T180047Z\source-snapshot\third_party\signalsmith-linear\./fft.h(811): note: 鍙傝鈥渟um鈥濈殑澹版槑
D:\Documents\Codes\2024_1_WebRC505MKII\2025_WebRC505MKII_v2\bench\results\native-fx-reclaim-serial-warmup-20261009T180047Z\source-snapshot\third_party\signalsmith-linear\./fft.h(550): note: 鏌ョ湅瀵规鍦ㄧ紪璇戠殑鍑芥暟 妯℃澘 瀹炰緥鍖栤€渧oid signalsmith::linear::SplitFFT<Sample,false>::finalPassN<true>(std::complex<float> *)鈥濈殑寮曠敤
        with
        [
            Sample=float
        ]
D:\Documents\Codes\2024_1_WebRC505MKII\2025_WebRC505MKII_v2\bench\results\native-fx-reclaim-serial-warmup-20261009T180047Z\source-snapshot\third_party\signalsmith-linear\./fft.h(550): note: 鏌ョ湅瀵规鍦ㄧ紪璇戠殑鍑芥暟 妯℃澘 瀹炰緥鍖栤€渧oid signalsmith::linear::SplitFFT<Sample,false>::finalPassN<true>(std::complex<float> *)鈥濈殑寮曠敤
        with
        [
            Sample=float
        ]
[ 30%] Building CXX object CMakeFiles/webrc_dsp.dir/shared/dsp/src/streaming_yin.cpp.obj
streaming_yin.cpp
[ 34%] Building CXX object CMakeFiles/webrc_dsp.dir/shared/dsp/src/live_mono_pitch.cpp.obj
live_mono_pitch.cpp
[ 38%] Building CXX object CMakeFiles/webrc_dsp.dir/shared/dsp/src/fx_registry.cpp.obj
fx_registry.cpp
[ 42%] Building CXX object CMakeFiles/webrc_dsp.dir/shared/dsp/src/performance_fx.cpp.obj
performance_fx.cpp
[ 46%] Building CXX object CMakeFiles/webrc_dsp.dir/shared/dsp/src/modulation_fx.cpp.obj
modulation_fx.cpp
[ 50%] Building CXX object CMakeFiles/webrc_dsp.dir/shared/dsp/src/rhythm.cpp.obj
rhythm.cpp
[ 53%] Building CXX object CMakeFiles/webrc_dsp.dir/shared/dsp/src/cleanroom_rhythm_data.cpp.obj
cleanroom_rhythm_data.cpp
[ 57%] Building CXX object CMakeFiles/webrc_dsp.dir/shared/dsp/src/composite_fx.cpp.obj
composite_fx.cpp
[ 61%] Building CXX object CMakeFiles/webrc_dsp.dir/shared/dsp/src/modulated_delay_fx.cpp.obj
modulated_delay_fx.cpp
[ 65%] Building CXX object CMakeFiles/webrc_dsp.dir/shared/dsp/src/rhythmic_fx.cpp.obj
rhythmic_fx.cpp
[ 69%] Building CXX object CMakeFiles/webrc_dsp.dir/shared/dsp/src/spatial_fx_adapters.cpp.obj
spatial_fx_adapters.cpp
[ 73%] Linking CXX static library webrc_dsp.lib
[ 73%] Built target webrc_dsp
[ 76%] Building CXX object CMakeFiles/native_multitrack_core.dir/native/src/multitrack_looper_core.cpp.obj
multitrack_looper_core.cpp
[ 80%] Linking CXX static library native_multitrack_core.lib
[ 80%] Built target native_multitrack_core
[ 84%] Building CXX object CMakeFiles/native_track_host.dir/native/src/native_track_host.cpp.obj
native_track_host.cpp
[ 88%] Building CXX object CMakeFiles/native_track_host.dir/native/src/native_fx_graph.cpp.obj
native_fx_graph.cpp
[ 92%] Linking CXX static library native_track_host.lib
[ 92%] Built target native_track_host
[ 96%] Building CXX object CMakeFiles/native_fx_graph_tests.dir/native/tests/native_fx_graph_tests.cpp.obj
native_fx_graph_tests.cpp
[100%] Linking CXX executable native_fx_graph_tests.exe
[100%] Built target native_fx_graph_tests
[ 73%] Built target webrc_dsp
[ 80%] Built target native_multitrack_core
[ 92%] Built target native_track_host
[ 96%] Building CXX object CMakeFiles/native_track_host_tests.dir/native/tests/native_track_host_tests.cpp.obj
native_track_host_tests.cpp
[100%] Linking CXX executable native_track_host_tests.exe
[100%] Built target native_track_host_tests
[ 82%] Built target webrc_dsp
[ 91%] Built target native_multitrack_core
[ 95%] Building CXX object CMakeFiles/native_multitrack_core_tests.dir/native/tests/multitrack_looper_core_tests.cpp.obj
multitrack_looper_core_tests.cpp
[100%] Linking CXX executable native_multitrack_core_tests.exe
[100%] Built target native_multitrack_core_tests
Test project C:/Users/user1000/AppData/Local/Temp/webrc-native-serial-warmup-20261009T180047Z
    Start 1: native_fx_graph_tests
1/3 Test #1: native_fx_graph_tests ............   Passed    0.17 sec
    Start 2: native_track_host_tests
2/3 Test #2: native_track_host_tests ..........   Passed    0.12 sec
    Start 3: native_multitrack_core_tests
3/3 Test #3: native_multitrack_core_tests .....   Passed    0.14 sec

100% tests passed out of 3

Total Test time (real) =   0.56 sec
