**********************************************************************
** Visual Studio 2019 Developer Command Prompt v16.11.58
** Copyright (c) 2021 Microsoft Corporation
**********************************************************************
[vcvarsall.bat] Environment initialized for: 'x64'
-- The CXX compiler identification is MSVC 19.29.30159.0
-- Detecting CXX compiler ABI info
-- Detecting CXX compiler ABI info - done
-- Check for working CXX compiler: C:/Program Files (x86)/Microsoft Visual Studio/2019/BuildTools/VC/Tools/MSVC/14.29.30133/bin/Hostx64/x64/cl.exe - skipped
-- Detecting CXX compile features
-- Detecting CXX compile features - done
-- Could NOT find PkgConfig (missing: PKG_CONFIG_EXECUTABLE) 
-- Looking for gettimeofday
-- Looking for gettimeofday - not found
-- Compiling with support for: wasapi
-- Performing Test CMAKE_HAVE_LIBC_PTHREAD
-- Performing Test CMAKE_HAVE_LIBC_PTHREAD - Failed
-- Looking for pthread_create in pthreads
-- Looking for pthread_create in pthreads - not found
-- Looking for pthread_create in pthread
-- Looking for pthread_create in pthread - not found
-- Found Threads: TRUE
-- Using the multi-header code from C:/Users/user1000/AppData/Local/Temp/webrc-native-warmup-delta-20261009T2011Z/src/native-mvp/build-v145/_deps/json_src-src/include/
-- Configuring done (9.2s)
-- Generating done (3.4s)
-- Build files have been written to: C:/Users/user1000/AppData/Local/Temp/webrc-native-warmup-delta-20261009T2011Z/build-showincludes
[  3%] Building CXX object shared_dsp/CMakeFiles/webrc_dsp.dir/src/primitives.cpp.obj
primitives.cpp
[  6%] Building CXX object shared_dsp/CMakeFiles/webrc_dsp.dir/src/control_dynamics.cpp.obj
control_dynamics.cpp
[  9%] Building CXX object shared_dsp/CMakeFiles/webrc_dsp.dir/src/nonlinear.cpp.obj
nonlinear.cpp
[ 12%] Building CXX object shared_dsp/CMakeFiles/webrc_dsp.dir/src/preamp_fx.cpp.obj
preamp_fx.cpp
[ 12%] Building CXX object shared_dsp/CMakeFiles/webrc_dsp.dir/src/preamp_models.cpp.obj
preamp_models.cpp
[ 16%] Building CXX object shared_dsp/CMakeFiles/webrc_dsp.dir/src/distortion_fx.cpp.obj
distortion_fx.cpp
[ 19%] Building CXX object shared_dsp/CMakeFiles/webrc_dsp.dir/src/octave_fx.cpp.obj
octave_fx.cpp
C:\Program Files (x86)\Microsoft Visual Studio\2019\BuildTools\VC\Tools\MSVC\14.29.30133\include\vector(1232): warning C4530: 浣跨敤浜?C++ 寮傚父澶勭悊绋嬪簭锛屼絾鏈惎鐢ㄥ睍寮€璇箟銆傝鎸囧畾 /EHsc
C:\Program Files (x86)\Microsoft Visual Studio\2019\BuildTools\VC\Tools\MSVC\14.29.30133\include\vector(1262): note: 鏌ョ湅瀵规鍦ㄧ紪璇戠殑鍑芥暟 妯℃澘 瀹炰緥鍖栤€渧oid std::vector<float,std::allocator<float>>::_Resize_reallocate<_Ty2>(const unsigned __int64,const _Ty2 &)鈥濈殑寮曠敤
        with
        [
            _Ty2=std::_Value_init_tag
        ]
C:\Program Files (x86)\Microsoft Visual Studio\2019\BuildTools\VC\Tools\MSVC\14.29.30133\include\vector(1262): note: 鏌ョ湅瀵规鍦ㄧ紪璇戠殑鍑芥暟 妯℃澘 瀹炰緥鍖栤€渧oid std::vector<float,std::allocator<float>>::_Resize_reallocate<_Ty2>(const unsigned __int64,const _Ty2 &)鈥濈殑寮曠敤
        with
        [
            _Ty2=std::_Value_init_tag
        ]
C:\Program Files (x86)\Microsoft Visual Studio\2019\BuildTools\VC\Tools\MSVC\14.29.30133\include\vector(1277): note: 鏌ョ湅瀵规鍦ㄧ紪璇戠殑鍑芥暟 妯℃澘 瀹炰緥鍖栤€渧oid std::vector<float,std::allocator<float>>::_Resize<std::_Value_init_tag>(const unsigned __int64,const _Ty2 &)鈥濈殑寮曠敤
        with
        [
            _Ty2=std::_Value_init_tag
        ]
C:\Program Files (x86)\Microsoft Visual Studio\2019\BuildTools\VC\Tools\MSVC\14.29.30133\include\vector(1277): note: 鏌ョ湅瀵规鍦ㄧ紪璇戠殑鍑芥暟 妯℃澘 瀹炰緥鍖栤€渧oid std::vector<float,std::allocator<float>>::_Resize<std::_Value_init_tag>(const unsigned __int64,const _Ty2 &)鈥濈殑寮曠敤
        with
        [
            _Ty2=std::_Value_init_tag
        ]
C:\Program Files (x86)\Microsoft Visual Studio\2019\BuildTools\VC\Tools\MSVC\14.29.30133\include\vector(1275): note: 鍦ㄧ紪璇?绫?妯℃澘 鎴愬憳鍑芥暟鈥渧oid std::vector<float,std::allocator<float>>::resize(const unsigned __int64)鈥濇椂
C:\Users\user1000\AppData\Local\Temp\webrc-native-warmup-delta-20261009T2011Z\src\shared\dsp\src\octave_fx.cpp(105): note: 鏌ョ湅瀵规鍦ㄧ紪璇戠殑鍑芥暟 妯℃澘 瀹炰緥鍖栤€渧oid std::vector<float,std::allocator<float>>::resize(const unsigned __int64)鈥濈殑寮曠敤
C:\Users\user1000\AppData\Local\Temp\webrc-native-warmup-delta-20261009T2011Z\src\shared\dsp\include\webrc/dsp/primitives.hpp(181): note: 鏌ョ湅瀵规鍦ㄧ紪璇戠殑 绫?妯℃澘 瀹炰緥鍖栤€渟td::vector<float,std::allocator<float>>鈥濈殑寮曠敤
[ 22%] Building CXX object shared_dsp/CMakeFiles/webrc_dsp.dir/src/octave_models.cpp.obj
octave_models.cpp
[ 22%] Building CXX object shared_dsp/CMakeFiles/webrc_dsp.dir/src/temporal_fx_adapters.cpp.obj
temporal_fx_adapters.cpp
[ 25%] Building CXX object shared_dsp/CMakeFiles/webrc_dsp.dir/src/reconstruction_fx_adapter.cpp.obj
reconstruction_fx_adapter.cpp
[ 29%] Building CXX object shared_dsp/CMakeFiles/webrc_dsp.dir/src/fft.cpp.obj
fft.cpp
[ 32%] Building CXX object shared_dsp/CMakeFiles/webrc_dsp.dir/src/spatial_temporal.cpp.obj
spatial_temporal.cpp
C:\Program Files (x86)\Microsoft Visual Studio\2019\BuildTools\VC\Tools\MSVC\14.29.30133\include\vector(1232): warning C4530: 浣跨敤浜?C++ 寮傚父澶勭悊绋嬪簭锛屼絾鏈惎鐢ㄥ睍寮€璇箟銆傝鎸囧畾 /EHsc
C:\Program Files (x86)\Microsoft Visual Studio\2019\BuildTools\VC\Tools\MSVC\14.29.30133\include\vector(1262): note: 鏌ョ湅瀵规鍦ㄧ紪璇戠殑鍑芥暟 妯℃澘 瀹炰緥鍖栤€渧oid std::vector<float,std::allocator<float>>::_Resize_reallocate<_Ty2>(const unsigned __int64,const _Ty2 &)鈥濈殑寮曠敤
        with
        [
            _Ty2=std::_Value_init_tag
        ]
C:\Program Files (x86)\Microsoft Visual Studio\2019\BuildTools\VC\Tools\MSVC\14.29.30133\include\vector(1262): note: 鏌ョ湅瀵规鍦ㄧ紪璇戠殑鍑芥暟 妯℃澘 瀹炰緥鍖栤€渧oid std::vector<float,std::allocator<float>>::_Resize_reallocate<_Ty2>(const unsigned __int64,const _Ty2 &)鈥濈殑寮曠敤
        with
        [
            _Ty2=std::_Value_init_tag
        ]
C:\Program Files (x86)\Microsoft Visual Studio\2019\BuildTools\VC\Tools\MSVC\14.29.30133\include\vector(1277): note: 鏌ョ湅瀵规鍦ㄧ紪璇戠殑鍑芥暟 妯℃澘 瀹炰緥鍖栤€渧oid std::vector<float,std::allocator<float>>::_Resize<std::_Value_init_tag>(const unsigned __int64,const _Ty2 &)鈥濈殑寮曠敤
        with
        [
            _Ty2=std::_Value_init_tag
        ]
C:\Program Files (x86)\Microsoft Visual Studio\2019\BuildTools\VC\Tools\MSVC\14.29.30133\include\vector(1277): note: 鏌ョ湅瀵规鍦ㄧ紪璇戠殑鍑芥暟 妯℃澘 瀹炰緥鍖栤€渧oid std::vector<float,std::allocator<float>>::_Resize<std::_Value_init_tag>(const unsigned __int64,const _Ty2 &)鈥濈殑寮曠敤
        with
        [
            _Ty2=std::_Value_init_tag
        ]
C:\Program Files (x86)\Microsoft Visual Studio\2019\BuildTools\VC\Tools\MSVC\14.29.30133\include\vector(1275): note: 鍦ㄧ紪璇?绫?妯℃澘 鎴愬憳鍑芥暟鈥渧oid std::vector<float,std::allocator<float>>::resize(const unsigned __int64)鈥濇椂
C:\Users\user1000\AppData\Local\Temp\webrc-native-warmup-delta-20261009T2011Z\src\shared\dsp\src\spatial_temporal.cpp(810): note: 鏌ョ湅瀵规鍦ㄧ紪璇戠殑鍑芥暟 妯℃澘 瀹炰緥鍖栤€渧oid std::vector<float,std::allocator<float>>::resize(const unsigned __int64)鈥濈殑寮曠敤
C:\Users\user1000\AppData\Local\Temp\webrc-native-warmup-delta-20261009T2011Z\src\shared\dsp\include\webrc/dsp/primitives.hpp(181): note: 鏌ョ湅瀵规鍦ㄧ紪璇戠殑 绫?妯℃澘 瀹炰緥鍖栤€渟td::vector<float,std::allocator<float>>鈥濈殑寮曠敤
[ 35%] Building CXX object shared_dsp/CMakeFiles/webrc_dsp.dir/src/pitch.cpp.obj
pitch.cpp
C:\Program Files (x86)\Microsoft Visual Studio\2019\BuildTools\VC\Tools\MSVC\14.29.30133\include\vector(1232): warning C4530: 浣跨敤浜?C++ 寮傚父澶勭悊绋嬪簭锛屼絾鏈惎鐢ㄥ睍寮€璇箟銆傝鎸囧畾 /EHsc
C:\Program Files (x86)\Microsoft Visual Studio\2019\BuildTools\VC\Tools\MSVC\14.29.30133\include\vector(1262): note: 鏌ョ湅瀵规鍦ㄧ紪璇戠殑鍑芥暟 妯℃澘 瀹炰緥鍖栤€渧oid std::vector<uint32_t,std::allocator<uint32_t>>::_Resize_reallocate<_Ty2>(const unsigned __int64,const _Ty2 &)鈥濈殑寮曠敤
        with
        [
            _Ty2=std::_Value_init_tag
        ]
C:\Program Files (x86)\Microsoft Visual Studio\2019\BuildTools\VC\Tools\MSVC\14.29.30133\include\vector(1262): note: 鏌ョ湅瀵规鍦ㄧ紪璇戠殑鍑芥暟 妯℃澘 瀹炰緥鍖栤€渧oid std::vector<uint32_t,std::allocator<uint32_t>>::_Resize_reallocate<_Ty2>(const unsigned __int64,const _Ty2 &)鈥濈殑寮曠敤
        with
        [
            _Ty2=std::_Value_init_tag
        ]
C:\Program Files (x86)\Microsoft Visual Studio\2019\BuildTools\VC\Tools\MSVC\14.29.30133\include\vector(1277): note: 鏌ョ湅瀵规鍦ㄧ紪璇戠殑鍑芥暟 妯℃澘 瀹炰緥鍖栤€渧oid std::vector<uint32_t,std::allocator<uint32_t>>::_Resize<std::_Value_init_tag>(const unsigned __int64,const _Ty2 &)鈥濈殑寮曠敤
        with
        [
            _Ty2=std::_Value_init_tag
        ]
C:\Program Files (x86)\Microsoft Visual Studio\2019\BuildTools\VC\Tools\MSVC\14.29.30133\include\vector(1277): note: 鏌ョ湅瀵规鍦ㄧ紪璇戠殑鍑芥暟 妯℃澘 瀹炰緥鍖栤€渧oid std::vector<uint32_t,std::allocator<uint32_t>>::_Resize<std::_Value_init_tag>(const unsigned __int64,const _Ty2 &)鈥濈殑寮曠敤
        with
        [
            _Ty2=std::_Value_init_tag
        ]
C:\Program Files (x86)\Microsoft Visual Studio\2019\BuildTools\VC\Tools\MSVC\14.29.30133\include\vector(1275): note: 鍦ㄧ紪璇?绫?妯℃澘 鎴愬憳鍑芥暟鈥渧oid std::vector<uint32_t,std::allocator<uint32_t>>::resize(const unsigned __int64)鈥濇椂
C:\Users\user1000\AppData\Local\Temp\webrc-native-warmup-delta-20261009T2011Z\src\shared\dsp\src\pitch.cpp(357): note: 鏌ョ湅瀵规鍦ㄧ紪璇戠殑鍑芥暟 妯℃澘 瀹炰緥鍖栤€渧oid std::vector<uint32_t,std::allocator<uint32_t>>::resize(const unsigned __int64)鈥濈殑寮曠敤
C:\Users\user1000\AppData\Local\Temp\webrc-native-warmup-delta-20261009T2011Z\src\shared\dsp\include\webrc/dsp/pitch.hpp(122): note: 鏌ョ湅瀵规鍦ㄧ紪璇戠殑 绫?妯℃澘 瀹炰緥鍖栤€渟td::vector<uint32_t,std::allocator<uint32_t>>鈥濈殑寮曠敤
[ 35%] Building CXX object shared_dsp/CMakeFiles/webrc_dsp.dir/src/pitch_profiles.cpp.obj
pitch_profiles.cpp
C:\Users\user1000\AppData\Local\Temp\webrc-native-warmup-delta-20261009T2011Z\src\third_party\signalsmith-linear\include\signalsmith-linear\../../stft.h(530): warning C4305: 鈥滃垵濮嬪寲鈥? 浠庘€渄ouble鈥濆埌鈥渃onst Sample鈥濇埅鏂?
        with
        [
            Sample=float
        ]
C:\Users\user1000\AppData\Local\Temp\webrc-native-warmup-delta-20261009T2011Z\src\third_party\signalsmith-stretch\include\signalsmith-stretch\../../signalsmith-stretch.h(520): note: 鏌ョ湅瀵规鍦ㄧ紪璇戠殑 绫?妯℃澘 瀹炰緥鍖栤€渟ignalsmith::linear::DynamicSTFT<Sample,false,1>鈥濈殑寮曠敤
        with
        [
            Sample=float
        ]
C:\Program Files (x86)\Microsoft Visual Studio\2019\BuildTools\VC\Tools\MSVC\14.29.30133\include\memory(3089): note: 鏌ョ湅瀵规鍦ㄧ紪璇戠殑 绫?妯℃澘 瀹炰緥鍖栤€渟ignalsmith::stretch::SignalsmithStretch<float,void>鈥濈殑寮曠敤
C:\Program Files (x86)\Microsoft Visual Studio\2019\BuildTools\VC\Tools\MSVC\14.29.30133\include\memory(3088): note: 鍦ㄧ紪璇?绫?妯℃澘 鎴愬憳鍑芥暟鈥渧oid std::default_delete<webrc::dsp::SignalsmithStretchAdapter::Engine>::operator ()(_Ty *) noexcept const鈥濇椂
        with
        [
            _Ty=webrc::dsp::SignalsmithStretchAdapter::Engine
        ]
C:\Program Files (x86)\Microsoft Visual Studio\2019\BuildTools\VC\Tools\MSVC\14.29.30133\include\memory(3198): note: 鏌ョ湅瀵规鍦ㄧ紪璇戠殑鍑芥暟 妯℃澘 瀹炰緥鍖栤€渧oid std::default_delete<webrc::dsp::SignalsmithStretchAdapter::Engine>::operator ()(_Ty *) noexcept const鈥濈殑寮曠敤
        with
        [
            _Ty=webrc::dsp::SignalsmithStretchAdapter::Engine
        ]
C:\Program Files (x86)\Microsoft Visual Studio\2019\BuildTools\VC\Tools\MSVC\14.29.30133\include\memory(3125): note: 鏌ョ湅瀵规鍦ㄧ紪璇戠殑 绫?妯℃澘 瀹炰緥鍖栤€渟td::default_delete<webrc::dsp::SignalsmithStretchAdapter::Engine>鈥濈殑寮曠敤
C:\Users\user1000\AppData\Local\Temp\webrc-native-warmup-delta-20261009T2011Z\src\shared\dsp\include\webrc/dsp/signalsmith_adapter.hpp(73): note: 鏌ョ湅瀵规鍦ㄧ紪璇戠殑 绫?妯℃澘 瀹炰緥鍖栤€渟td::unique_ptr<webrc::dsp::SignalsmithStretchAdapter::Engine,std::default_delete<webrc::dsp::SignalsmithStretchAdapter::Engine>>鈥濈殑寮曠敤
[ 38%] Building CXX object shared_dsp/CMakeFiles/webrc_dsp.dir/src/signalsmith_adapter.cpp.obj
signalsmith_adapter.cpp
C:\Users\user1000\AppData\Local\Temp\webrc-native-warmup-delta-20261009T2011Z\src\third_party\signalsmith-linear\include\signalsmith-linear\../../stft.h(530): warning C4305: 鈥滃垵濮嬪寲鈥? 浠庘€渄ouble鈥濆埌鈥渃onst Sample鈥濇埅鏂?
        with
        [
            Sample=float
        ]
C:\Users\user1000\AppData\Local\Temp\webrc-native-warmup-delta-20261009T2011Z\src\third_party\signalsmith-stretch\include\signalsmith-stretch\../../signalsmith-stretch.h(520): note: 鏌ョ湅瀵规鍦ㄧ紪璇戠殑 绫?妯℃澘 瀹炰緥鍖栤€渟ignalsmith::linear::DynamicSTFT<Sample,false,1>鈥濈殑寮曠敤
        with
        [
            Sample=float
        ]
C:\Users\user1000\AppData\Local\Temp\webrc-native-warmup-delta-20261009T2011Z\src\shared\dsp\src\signalsmith_adapter.cpp(94): note: 鏌ョ湅瀵规鍦ㄧ紪璇戠殑 绫?妯℃澘 瀹炰緥鍖栤€渟ignalsmith::stretch::SignalsmithStretch<float,void>鈥濈殑寮曠敤
C:\Users\user1000\AppData\Local\Temp\webrc-native-warmup-delta-20261009T2011Z\src\third_party\signalsmith-stretch\include\signalsmith-stretch\../../signalsmith-stretch.h(50): warning C4305: 鈥滃弬鏁扳€? 浠庘€渄ouble鈥濆埌鈥淪ample鈥濇埅鏂?
        with
        [
            Sample=float
        ]
C:\Users\user1000\AppData\Local\Temp\webrc-native-warmup-delta-20261009T2011Z\src\third_party\signalsmith-stretch\include\signalsmith-stretch\../../signalsmith-stretch.h(49): note: 鍦ㄧ紪璇?绫?妯℃澘 鎴愬憳鍑芥暟鈥渧oid signalsmith::stretch::SignalsmithStretch<float,void>::reset(void)鈥濇椂
C:\Users\user1000\AppData\Local\Temp\webrc-native-warmup-delta-20261009T2011Z\src\shared\dsp\src\signalsmith_adapter.cpp(127): note: 鏌ョ湅瀵规鍦ㄧ紪璇戠殑鍑芥暟 妯℃澘 瀹炰緥鍖栤€渧oid signalsmith::stretch::SignalsmithStretch<float,void>::reset(void)鈥濈殑寮曠敤
C:\Users\user1000\AppData\Local\Temp\webrc-native-warmup-delta-20261009T2011Z\src\shared\dsp\src\signalsmith_adapter.cpp(94): note: 鏌ョ湅瀵规鍦ㄧ紪璇戠殑 绫?妯℃澘 瀹炰緥鍖栤€渟ignalsmith::stretch::SignalsmithStretch<float,void>鈥濈殑寮曠敤
C:\Program Files (x86)\Microsoft Visual Studio\2019\BuildTools\VC\Tools\MSVC\14.29.30133\include\vector(1296): warning C4530: 浣跨敤浜?C++ 寮傚父澶勭悊绋嬪簭锛屼絾鏈惎鐢ㄥ睍寮€璇箟銆傝鎸囧畾 /EHsc
C:\Program Files (x86)\Microsoft Visual Studio\2019\BuildTools\VC\Tools\MSVC\14.29.30133\include\vector(1286): note: 鍦ㄧ紪璇?绫?妯℃澘 鎴愬憳鍑芥暟鈥渧oid std::vector<signalsmith::stretch::SignalsmithStretch<float,void>::Peak,std::allocator<signalsmith::stretch::SignalsmithStretch<float,void>::Peak>>::_Reallocate_exactly(const unsigned __int64)鈥濇椂
C:\Program Files (x86)\Microsoft Visual Studio\2019\BuildTools\VC\Tools\MSVC\14.29.30133\include\vector(1363): note: 鏌ョ湅瀵规鍦ㄧ紪璇戠殑鍑芥暟 妯℃澘 瀹炰緥鍖栤€渧oid std::vector<signalsmith::stretch::SignalsmithStretch<float,void>::Peak,std::allocator<signalsmith::stretch::SignalsmithStretch<float,void>::Peak>>::_Reallocate_exactly(const unsigned __int64)鈥濈殑寮曠敤
C:\Users\user1000\AppData\Local\Temp\webrc-native-warmup-delta-20261009T2011Z\src\third_party\signalsmith-stretch\include\signalsmith-stretch\../../signalsmith-stretch.h(585): note: 鏌ョ湅瀵规鍦ㄧ紪璇戠殑 绫?妯℃澘 瀹炰緥鍖栤€渟td::vector<signalsmith::stretch::SignalsmithStretch<float,void>::Peak,std::allocator<signalsmith::stretch::SignalsmithStretch<float,void>::Peak>>鈥濈殑寮曠敤
C:\Users\user1000\AppData\Local\Temp\webrc-native-warmup-delta-20261009T2011Z\src\third_party\signalsmith-linear\include\signalsmith-linear\../../stft.h(554): warning C4244: 鈥滃垵濮嬪寲鈥? 浠庘€渟ize_t鈥濊浆鎹㈠埌鈥淪ample鈥濓紝鍙兘涓㈠け鏁版嵁
        with
        [
            Sample=float
        ]
C:\Users\user1000\AppData\Local\Temp\webrc-native-warmup-delta-20261009T2011Z\src\third_party\signalsmith-linear\include\signalsmith-linear\../../stft.h(544): note: 鍦ㄧ紪璇?绫?妯℃澘 鎴愬憳鍑芥暟鈥渧oid signalsmith::linear::DynamicSTFT<Sample,false,1>::addWindowProduct(void)鈥濇椂
        with
        [
            Sample=float
        ]
C:\Users\user1000\AppData\Local\Temp\webrc-native-warmup-delta-20261009T2011Z\src\third_party\signalsmith-linear\include\signalsmith-linear\../../stft.h(91): note: 鏌ョ湅瀵规鍦ㄧ紪璇戠殑鍑芥暟 妯℃澘 瀹炰緥鍖栤€渧oid signalsmith::linear::DynamicSTFT<Sample,false,1>::addWindowProduct(void)鈥濈殑寮曠敤
        with
        [
            Sample=float
        ]
C:\Users\user1000\AppData\Local\Temp\webrc-native-warmup-delta-20261009T2011Z\src\third_party\signalsmith-stretch\include\signalsmith-stretch\../../signalsmith-stretch.h(520): note: 鏌ョ湅瀵规鍦ㄧ紪璇戠殑 绫?妯℃澘 瀹炰緥鍖栤€渟ignalsmith::linear::DynamicSTFT<Sample,false,1>鈥濈殑寮曠敤
        with
        [
            Sample=float
        ]
C:\Users\user1000\AppData\Local\Temp\webrc-native-warmup-delta-20261009T2011Z\src\third_party\signalsmith-linear\./fft.h(980): warning C4244: 鈥滃垵濮嬪寲鈥? 浠庘€渄ouble鈥濊浆鎹㈠埌鈥淪ample鈥濓紝鍙兘涓㈠け鏁版嵁
        with
        [
            Sample=float
        ]
C:\Users\user1000\AppData\Local\Temp\webrc-native-warmup-delta-20261009T2011Z\src\third_party\signalsmith-linear\./fft.h(970): note: 鍦ㄧ紪璇?绫?妯℃澘 鎴愬憳鍑芥暟鈥渧oid signalsmith::linear::RealFFT<Sample,false,true>::resize(size_t)鈥濇椂
        with
        [
            Sample=float
        ]
C:\Users\user1000\AppData\Local\Temp\webrc-native-warmup-delta-20261009T2011Z\src\third_party\signalsmith-linear\include\signalsmith-linear\../../stft.h(37): note: 鏌ョ湅瀵规鍦ㄧ紪璇戠殑鍑芥暟 妯℃澘 瀹炰緥鍖栤€渧oid signalsmith::linear::RealFFT<Sample,false,true>::resize(size_t)鈥濈殑寮曠敤
        with
        [
            Sample=float
        ]
C:\Users\user1000\AppData\Local\Temp\webrc-native-warmup-delta-20261009T2011Z\src\third_party\signalsmith-linear\include\signalsmith-linear\../../stft.h(19): note: 鏌ョ湅瀵规鍦ㄧ紪璇戠殑 绫?妯℃澘 瀹炰緥鍖栤€渟ignalsmith::linear::RealFFT<Sample,false,true>鈥濈殑寮曠敤
        with
        [
            Sample=float
        ]
C:\Users\user1000\AppData\Local\Temp\webrc-native-warmup-delta-20261009T2011Z\src\third_party\signalsmith-linear\./fft.h(985): warning C4244: 鈥滃垵濮嬪寲鈥? 浠庘€渄ouble鈥濊浆鎹㈠埌鈥淪ample鈥濓紝鍙兘涓㈠け鏁版嵁
        with
        [
            Sample=float
        ]
C:\Users\user1000\AppData\Local\Temp\webrc-native-warmup-delta-20261009T2011Z\src\third_party\signalsmith-linear\./fft.h(991): warning C4244: 鈥滃垵濮嬪寲鈥? 浠庘€渄ouble鈥濊浆鎹㈠埌鈥淪ample鈥濓紝鍙兘涓㈠け鏁版嵁
        with
        [
            Sample=float
        ]
C:\Users\user1000\AppData\Local\Temp\webrc-native-warmup-delta-20261009T2011Z\src\third_party\signalsmith-linear\./fft.h(115): warning C4244: 鈥滃垵濮嬪寲鈥? 浠庘€渄ouble鈥濊浆鎹㈠埌鈥淪ample鈥濓紝鍙兘涓㈠け鏁版嵁
        with
        [
            Sample=float
        ]
C:\Users\user1000\AppData\Local\Temp\webrc-native-warmup-delta-20261009T2011Z\src\third_party\signalsmith-linear\./fft.h(112): note: 鍦ㄧ紪璇?绫?妯℃澘 鎴愬憳鍑芥暟鈥渧oid signalsmith::linear::SimpleFFT<Sample>::resize(size_t)鈥濇椂
        with
        [
            Sample=float
        ]
C:\Users\user1000\AppData\Local\Temp\webrc-native-warmup-delta-20261009T2011Z\src\third_party\signalsmith-linear\./fft.h(109): note: 鏌ョ湅瀵规鍦ㄧ紪璇戠殑鍑芥暟 妯℃澘 瀹炰緥鍖栤€渧oid signalsmith::linear::SimpleFFT<Sample>::resize(size_t)鈥濈殑寮曠敤
        with
        [
            Sample=float
        ]
C:\Users\user1000\AppData\Local\Temp\webrc-native-warmup-delta-20261009T2011Z\src\third_party\signalsmith-linear\./fft.h(321): note: 鏌ョ湅瀵规鍦ㄧ紪璇戠殑 绫?妯℃澘 瀹炰緥鍖栤€渟ignalsmith::linear::SimpleFFT<Sample>鈥濈殑寮曠敤
        with
        [
            Sample=float
        ]
C:\Users\user1000\AppData\Local\Temp\webrc-native-warmup-delta-20261009T2011Z\src\third_party\signalsmith-linear\./fft.h(328): note: 鏌ョ湅瀵规鍦ㄧ紪璇戠殑 绫?妯℃澘 瀹炰緥鍖栤€渟ignalsmith::linear::Pow2FFT<Sample>鈥濈殑寮曠敤
        with
        [
            Sample=float
        ]
C:\Users\user1000\AppData\Local\Temp\webrc-native-warmup-delta-20261009T2011Z\src\third_party\signalsmith-linear\./fft.h(960): note: 鏌ョ湅瀵规鍦ㄧ紪璇戠殑 绫?妯℃澘 瀹炰緥鍖栤€渟ignalsmith::linear::SplitFFT<Sample,false>鈥濈殑寮曠敤
        with
        [
            Sample=float
        ]
C:\Users\user1000\AppData\Local\Temp\webrc-native-warmup-delta-20261009T2011Z\src\third_party\signalsmith-linear\include\signalsmith-linear\../../stft.h(667): warning C4458: 鈥渘orm鈥濈殑澹版槑闅愯棌浜嗙被鎴愬憳
C:\Users\user1000\AppData\Local\Temp\webrc-native-warmup-delta-20261009T2011Z\src\third_party\signalsmith-linear\include\signalsmith-linear\../../stft.h(543): note: 鍙傝鈥渟ignalsmith::linear::DynamicSTFT<Sample,false,1>::norm鈥濈殑澹版槑
        with
        [
            Sample=float
        ]
C:\Users\user1000\AppData\Local\Temp\webrc-native-warmup-delta-20261009T2011Z\src\third_party\signalsmith-linear\include\signalsmith-linear\../../stft.h(293): note: 鏌ョ湅瀵规鍦ㄧ紪璇戠殑鍑芥暟 妯℃澘 瀹炰緥鍖栤€渧oid signalsmith::linear::DynamicSTFT<Sample,false,1>::ApproximateConfinedGaussian::fill<std::vector<float,std::allocator<float>>&>(Data,size_t,double,bool) const鈥濈殑寮曠敤
        with
        [
            Sample=float,
            Data=std::vector<float,std::allocator<float>> &
        ]
C:\Users\user1000\AppData\Local\Temp\webrc-native-warmup-delta-20261009T2011Z\src\third_party\signalsmith-linear\include\signalsmith-linear\../../stft.h(293): note: 鏌ョ湅瀵规鍦ㄧ紪璇戠殑鍑芥暟 妯℃澘 瀹炰緥鍖栤€渧oid signalsmith::linear::DynamicSTFT<Sample,false,1>::ApproximateConfinedGaussian::fill<std::vector<float,std::allocator<float>>&>(Data,size_t,double,bool) const鈥濈殑寮曠敤
        with
        [
            Sample=float,
            Data=std::vector<float,std::allocator<float>> &
        ]
C:\Users\user1000\AppData\Local\Temp\webrc-native-warmup-delta-20261009T2011Z\src\third_party\signalsmith-linear\include\signalsmith-linear\../../stft.h(287): note: 鍦ㄧ紪璇?绫?妯℃澘 鎴愬憳鍑芥暟鈥渧oid signalsmith::linear::DynamicSTFT<Sample,false,1>::setInterval(size_t,signalsmith::linear::DynamicSTFT<Sample,false,1>::WindowShape,Sample)鈥濇椂
        with
        [
            Sample=float
        ]
C:\Users\user1000\AppData\Local\Temp\webrc-native-warmup-delta-20261009T2011Z\src\third_party\signalsmith-stretch\include\signalsmith-stretch\../../signalsmith-stretch.h(75): note: 鏌ョ湅瀵规鍦ㄧ紪璇戠殑鍑芥暟 妯℃澘 瀹炰緥鍖栤€渧oid signalsmith::linear::DynamicSTFT<Sample,false,1>::setInterval(size_t,signalsmith::linear::DynamicSTFT<Sample,false,1>::WindowShape,Sample)鈥濈殑寮曠敤
        with
        [
            Sample=float
        ]
C:\Users\user1000\AppData\Local\Temp\webrc-native-warmup-delta-20261009T2011Z\src\third_party\signalsmith-linear\include\signalsmith-linear\../../stft.h(672): warning C4244: 鈥?鈥? 浠庘€渄ouble鈥濊浆鎹㈠埌鈥淿Ty鈥濓紝鍙兘涓㈠け鏁版嵁
        with
        [
            _Ty=float
        ]
C:\Users\user1000\AppData\Local\Temp\webrc-native-warmup-delta-20261009T2011Z\src\third_party\signalsmith-linear\include\signalsmith-linear\../../stft.h(677): warning C4244: 鈥?=鈥? 浠庘€渄ouble鈥濊浆鎹㈠埌鈥淿Ty鈥濓紝鍙兘涓㈠け鏁版嵁
        with
        [
            _Ty=float
        ]
C:\Users\user1000\AppData\Local\Temp\webrc-native-warmup-delta-20261009T2011Z\src\third_party\signalsmith-linear\include\signalsmith-linear\../../stft.h(635): warning C4244: 鈥?鈥? 浠庘€渄ouble鈥濊浆鎹㈠埌鈥淿Ty鈥濓紝鍙兘涓㈠け鏁版嵁
        with
        [
            _Ty=float
        ]
C:\Users\user1000\AppData\Local\Temp\webrc-native-warmup-delta-20261009T2011Z\src\third_party\signalsmith-linear\include\signalsmith-linear\../../stft.h(296): note: 鏌ョ湅瀵规鍦ㄧ紪璇戠殑鍑芥暟 妯℃澘 瀹炰緥鍖栤€渧oid signalsmith::linear::DynamicSTFT<Sample,false,1>::Kaiser::fill<std::vector<float,std::allocator<float>>&>(Data,size_t,double,bool) const鈥濈殑寮曠敤
        with
        [
            Sample=float,
            Data=std::vector<float,std::allocator<float>> &
        ]
C:\Users\user1000\AppData\Local\Temp\webrc-native-warmup-delta-20261009T2011Z\src\third_party\signalsmith-linear\include\signalsmith-linear\../../stft.h(296): note: 鏌ョ湅瀵规鍦ㄧ紪璇戠殑鍑芥暟 妯℃澘 瀹炰緥鍖栤€渧oid signalsmith::linear::DynamicSTFT<Sample,false,1>::Kaiser::fill<std::vector<float,std::allocator<float>>&>(Data,size_t,double,bool) const鈥濈殑寮曠敤
        with
        [
            Sample=float,
            Data=std::vector<float,std::allocator<float>> &
        ]
C:\Users\user1000\AppData\Local\Temp\webrc-native-warmup-delta-20261009T2011Z\src\third_party\signalsmith-linear\include\signalsmith-linear\../../stft.h(640): warning C4244: 鈥?=鈥? 浠庘€渄ouble鈥濊浆鎹㈠埌鈥淿Ty鈥濓紝鍙兘涓㈠け鏁版嵁
        with
        [
            _Ty=float
        ]
C:\Users\user1000\AppData\Local\Temp\webrc-native-warmup-delta-20261009T2011Z\src\third_party\signalsmith-linear\include\signalsmith-linear\../../stft.h(692): warning C4244: 鈥?=鈥? 浠庘€渄ouble鈥濊浆鎹㈠埌鈥淿Ty鈥濓紝鍙兘涓㈠け鏁版嵁
        with
        [
            _Ty=float
        ]
C:\Users\user1000\AppData\Local\Temp\webrc-native-warmup-delta-20261009T2011Z\src\third_party\signalsmith-linear\include\signalsmith-linear\../../stft.h(303): note: 鏌ョ湅瀵规鍦ㄧ紪璇戠殑鍑芥暟 妯℃澘 瀹炰緥鍖栤€渧oid signalsmith::linear::DynamicSTFT<Sample,false,1>::forcePerfectReconstruction<std::vector<float,std::allocator<float>>&>(Data,size_t,size_t)鈥濈殑寮曠敤
        with
        [
            Sample=float,
            Data=std::vector<float,std::allocator<float>> &
        ]
C:\Users\user1000\AppData\Local\Temp\webrc-native-warmup-delta-20261009T2011Z\src\third_party\signalsmith-linear\include\signalsmith-linear\../../stft.h(303): note: 鏌ョ湅瀵规鍦ㄧ紪璇戠殑鍑芥暟 妯℃澘 瀹炰緥鍖栤€渧oid signalsmith::linear::DynamicSTFT<Sample,false,1>::forcePerfectReconstruction<std::vector<float,std::allocator<float>>&>(Data,size_t,size_t)鈥濈殑寮曠敤
        with
        [
            Sample=float,
            Data=std::vector<float,std::allocator<float>> &
        ]
C:\Users\user1000\AppData\Local\Temp\webrc-native-warmup-delta-20261009T2011Z\src\third_party\signalsmith-linear\include\signalsmith-linear\../../stft.h(420): warning C4127: 鏉′欢琛ㄨ揪寮忔槸甯搁噺
C:\Users\user1000\AppData\Local\Temp\webrc-native-warmup-delta-20261009T2011Z\src\third_party\signalsmith-linear\include\signalsmith-linear\../../stft.h(420): note: 鑰冭檻鏀圭敤 "if constexpr" 璇彞
C:\Users\user1000\AppData\Local\Temp\webrc-native-warmup-delta-20261009T2011Z\src\third_party\signalsmith-linear\include\signalsmith-linear\../../stft.h(408): note: 鍦ㄧ紪璇?绫?妯℃澘 鎴愬憳鍑芥暟鈥渧oid signalsmith::linear::DynamicSTFT<Sample,false,1>::synthesiseStep(size_t)鈥濇椂
        with
        [
            Sample=float
        ]
C:\Users\user1000\AppData\Local\Temp\webrc-native-warmup-delta-20261009T2011Z\src\third_party\signalsmith-stretch\include\signalsmith-stretch\../../signalsmith-stretch.h(398): note: 鏌ョ湅瀵规鍦ㄧ紪璇戠殑鍑芥暟 妯℃澘 瀹炰緥鍖栤€渧oid signalsmith::linear::DynamicSTFT<Sample,false,1>::synthesiseStep(size_t)鈥濈殑寮曠敤
        with
        [
            Sample=float
        ]
C:\Users\user1000\AppData\Local\Temp\webrc-native-warmup-delta-20261009T2011Z\src\third_party\signalsmith-linear\include\signalsmith-linear\../../stft.h(387): warning C4127: 鏉′欢琛ㄨ揪寮忔槸甯搁噺
C:\Users\user1000\AppData\Local\Temp\webrc-native-warmup-delta-20261009T2011Z\src\third_party\signalsmith-linear\include\signalsmith-linear\../../stft.h(387): note: 鑰冭檻鏀圭敤 "if constexpr" 璇彞
C:\Users\user1000\AppData\Local\Temp\webrc-native-warmup-delta-20261009T2011Z\src\third_party\signalsmith-linear\include\signalsmith-linear\../../stft.h(330): note: 鍦ㄧ紪璇?绫?妯℃澘 鎴愬憳鍑芥暟鈥渧oid signalsmith::linear::DynamicSTFT<Sample,false,1>::analyseStep(size_t,size_t)鈥濇椂
        with
        [
            Sample=float
        ]
C:\Users\user1000\AppData\Local\Temp\webrc-native-warmup-delta-20261009T2011Z\src\third_party\signalsmith-stretch\include\signalsmith-stretch\../../signalsmith-stretch.h(337): note: 鏌ョ湅瀵规鍦ㄧ紪璇戠殑鍑芥暟 妯℃澘 瀹炰緥鍖栤€渧oid signalsmith::linear::DynamicSTFT<Sample,false,1>::analyseStep(size_t,size_t)鈥濈殑寮曠敤
        with
        [
            Sample=float
        ]
C:\Users\user1000\AppData\Local\Temp\webrc-native-warmup-delta-20261009T2011Z\src\third_party\signalsmith-linear\./fft.h(1222): warning C4456: 鈥渉Size鈥濈殑澹版槑闅愯棌浜嗕笂涓€涓湰鍦板０鏄?
C:\Users\user1000\AppData\Local\Temp\webrc-native-warmup-delta-20261009T2011Z\src\third_party\signalsmith-linear\./fft.h(1183): note: 鍙傝鈥渉Size鈥濈殑澹版槑
C:\Users\user1000\AppData\Local\Temp\webrc-native-warmup-delta-20261009T2011Z\src\third_party\signalsmith-linear\./fft.h(1181): note: 鍦ㄧ紪璇?绫?妯℃澘 鎴愬憳鍑芥暟鈥渧oid signalsmith::linear::RealFFT<Sample,false,true>::ifft(size_t,const std::complex<float> *,Sample *)鈥濇椂
        with
        [
            Sample=float
        ]
C:\Users\user1000\AppData\Local\Temp\webrc-native-warmup-delta-20261009T2011Z\src\third_party\signalsmith-linear\include\signalsmith-linear\../../stft.h(426): note: 鏌ョ湅瀵规鍦ㄧ紪璇戠殑鍑芥暟 妯℃澘 瀹炰緥鍖栤€渧oid signalsmith::linear::RealFFT<Sample,false,true>::ifft(size_t,const std::complex<float> *,Sample *)鈥濈殑寮曠敤
        with
        [
            Sample=float
        ]
C:\Users\user1000\AppData\Local\Temp\webrc-native-warmup-delta-20261009T2011Z\src\third_party\signalsmith-linear\./fft.h(1015): warning C4456: 鈥渉Size鈥濈殑澹版槑闅愯棌浜嗕笂涓€涓湰鍦板０鏄?
C:\Users\user1000\AppData\Local\Temp\webrc-native-warmup-delta-20261009T2011Z\src\third_party\signalsmith-linear\./fft.h(1011): note: 鍙傝鈥渉Size鈥濈殑澹版槑
C:\Users\user1000\AppData\Local\Temp\webrc-native-warmup-delta-20261009T2011Z\src\third_party\signalsmith-linear\./fft.h(1009): note: 鍦ㄧ紪璇?绫?妯℃澘 鎴愬憳鍑芥暟鈥渧oid signalsmith::linear::RealFFT<Sample,false,true>::fft(size_t,const Sample *,std::complex<float> *)鈥濇椂
        with
        [
            Sample=float
        ]
C:\Users\user1000\AppData\Local\Temp\webrc-native-warmup-delta-20261009T2011Z\src\third_party\signalsmith-linear\include\signalsmith-linear\../../stft.h(386): note: 鏌ョ湅瀵规鍦ㄧ紪璇戠殑鍑芥暟 妯℃澘 瀹炰緥鍖栤€渧oid signalsmith::linear::RealFFT<Sample,false,true>::fft(size_t,const Sample *,std::complex<float> *)鈥濈殑寮曠敤
        with
        [
            Sample=float
        ]
C:\Users\user1000\AppData\Local\Temp\webrc-native-warmup-delta-20261009T2011Z\src\third_party\signalsmith-stretch\include\signalsmith-stretch\../../signalsmith-stretch.h(1012): warning C4244: 鈥滃垵濮嬪寲鈥? 浠庘€渇loat鈥濊浆鎹㈠埌鈥渋nt鈥濓紝鍙兘涓㈠け鏁版嵁
C:\Users\user1000\AppData\Local\Temp\webrc-native-warmup-delta-20261009T2011Z\src\third_party\signalsmith-stretch\include\signalsmith-stretch\../../signalsmith-stretch.h(972): note: 鍦ㄧ紪璇?绫?妯℃澘 鎴愬憳鍑芥暟鈥渧oid signalsmith::stretch::SignalsmithStretch<float,void>::updateFormants(size_t)鈥濇椂
C:\Users\user1000\AppData\Local\Temp\webrc-native-warmup-delta-20261009T2011Z\src\third_party\signalsmith-stretch\include\signalsmith-stretch\../../signalsmith-stretch.h(691): note: 鏌ョ湅瀵规鍦ㄧ紪璇戠殑鍑芥暟 妯℃澘 瀹炰緥鍖栤€渧oid signalsmith::stretch::SignalsmithStretch<float,void>::updateFormants(size_t)鈥濈殑寮曠敤
C:\Users\user1000\AppData\Local\Temp\webrc-native-warmup-delta-20261009T2011Z\src\third_party\signalsmith-linear\./fft.h(682): warning C4244: 鈥滃垵濮嬪寲鈥? 浠庘€渄ouble鈥濊浆鎹㈠埌鈥淪ample鈥濓紝鍙兘涓㈠け鏁版嵁
        with
        [
            Sample=float
        ]
C:\Users\user1000\AppData\Local\Temp\webrc-native-warmup-delta-20261009T2011Z\src\third_party\signalsmith-linear\./fft.h(623): note: 鏌ョ湅瀵规鍦ㄧ紪璇戠殑鍑芥暟 妯℃澘 瀹炰緥鍖栤€渧oid signalsmith::linear::SplitFFT<Sample,false>::finalPass3<true>(Sample *,Sample *)鈥濈殑寮曠敤
        with
        [
            Sample=float
        ]
C:\Users\user1000\AppData\Local\Temp\webrc-native-warmup-delta-20261009T2011Z\src\third_party\signalsmith-linear\./fft.h(623): note: 鏌ョ湅瀵规鍦ㄧ紪璇戠殑鍑芥暟 妯℃澘 瀹炰緥鍖栤€渧oid signalsmith::linear::SplitFFT<Sample,false>::finalPass3<true>(Sample *,Sample *)鈥濈殑寮曠敤
        with
        [
            Sample=float
        ]
C:\Users\user1000\AppData\Local\Temp\webrc-native-warmup-delta-20261009T2011Z\src\third_party\signalsmith-linear\./fft.h(456): note: 鏌ョ湅瀵规鍦ㄧ紪璇戠殑鍑芥暟 妯℃澘 瀹炰緥鍖栤€渧oid signalsmith::linear::SplitFFT<Sample,false>::fftStep<true>(signalsmith::linear::SplitFFT<Sample,false>::Step,const Sample *,const Sample *,Sample *,Sample *)鈥濈殑寮曠敤
        with
        [
            Sample=float
        ]
C:\Users\user1000\AppData\Local\Temp\webrc-native-warmup-delta-20261009T2011Z\src\third_party\signalsmith-linear\./fft.h(456): note: 鏌ョ湅瀵规鍦ㄧ紪璇戠殑鍑芥暟 妯℃澘 瀹炰緥鍖栤€渧oid signalsmith::linear::SplitFFT<Sample,false>::fftStep<true>(signalsmith::linear::SplitFFT<Sample,false>::Step,const Sample *,const Sample *,Sample *,Sample *)鈥濈殑寮曠敤
        with
        [
            Sample=float
        ]
C:\Users\user1000\AppData\Local\Temp\webrc-native-warmup-delta-20261009T2011Z\src\third_party\signalsmith-linear\./fft.h(455): note: 鍦ㄧ紪璇?绫?妯℃澘 鎴愬憳鍑芥暟鈥渧oid signalsmith::linear::SplitFFT<Sample,false>::ifft(size_t,const Sample *,const Sample *,Sample *,Sample *)鈥濇椂
        with
        [
            Sample=float
        ]
C:\Users\user1000\AppData\Local\Temp\webrc-native-warmup-delta-20261009T2011Z\src\third_party\signalsmith-linear\./fft.h(1220): note: 鏌ョ湅瀵规鍦ㄧ紪璇戠殑鍑芥暟 妯℃澘 瀹炰緥鍖栤€渧oid signalsmith::linear::SplitFFT<Sample,false>::ifft(size_t,const Sample *,const Sample *,Sample *,Sample *)鈥濈殑寮曠敤
        with
        [
            Sample=float
        ]
C:\Users\user1000\AppData\Local\Temp\webrc-native-warmup-delta-20261009T2011Z\src\third_party\signalsmith-linear\./fft.h(682): warning C4244: 鈥滃垵濮嬪寲鈥? 浠庘€渄ouble鈥濊浆鎹㈠埌鈥渃onst Sample鈥濓紝鍙兘涓㈠け鏁版嵁
        with
        [
            Sample=float
        ]
C:\Users\user1000\AppData\Local\Temp\webrc-native-warmup-delta-20261009T2011Z\src\third_party\signalsmith-linear\./fft.h(777): warning C4305: 鈥滃垵濮嬪寲鈥? 浠庘€渄ouble鈥濆埌鈥淪ample鈥濇埅鏂?
        with
        [
            Sample=float
        ]
C:\Users\user1000\AppData\Local\Temp\webrc-native-warmup-delta-20261009T2011Z\src\third_party\signalsmith-linear\./fft.h(629): note: 鏌ョ湅瀵规鍦ㄧ紪璇戠殑鍑芥暟 妯℃澘 瀹炰緥鍖栤€渧oid signalsmith::linear::SplitFFT<Sample,false>::finalPass5<true>(Sample *,Sample *)鈥濈殑寮曠敤
        with
        [
            Sample=float
        ]
C:\Users\user1000\AppData\Local\Temp\webrc-native-warmup-delta-20261009T2011Z\src\third_party\signalsmith-linear\./fft.h(629): note: 鏌ョ湅瀵规鍦ㄧ紪璇戠殑鍑芥暟 妯℃澘 瀹炰緥鍖栤€渧oid signalsmith::linear::SplitFFT<Sample,false>::finalPass5<true>(Sample *,Sample *)鈥濈殑寮曠敤
        with
        [
            Sample=float
        ]
C:\Users\user1000\AppData\Local\Temp\webrc-native-warmup-delta-20261009T2011Z\src\third_party\signalsmith-linear\./fft.h(778): warning C4305: 鈥滃垵濮嬪寲鈥? 浠庘€渄ouble鈥濆埌鈥淪ample鈥濇埅鏂?
        with
        [
            Sample=float
        ]
C:\Users\user1000\AppData\Local\Temp\webrc-native-warmup-delta-20261009T2011Z\src\third_party\signalsmith-linear\./fft.h(779): warning C4305: 鈥滃垵濮嬪寲鈥? 浠庘€渄ouble鈥濆埌鈥淪ample鈥濇埅鏂?
        with
        [
            Sample=float
        ]
C:\Users\user1000\AppData\Local\Temp\webrc-native-warmup-delta-20261009T2011Z\src\third_party\signalsmith-linear\./fft.h(780): warning C4305: 鈥滃垵濮嬪寲鈥? 浠庘€渄ouble鈥濆埌鈥淪ample鈥濇埅鏂?
        with
        [
            Sample=float
        ]
C:\Users\user1000\AppData\Local\Temp\webrc-native-warmup-delta-20261009T2011Z\src\third_party\signalsmith-linear\./fft.h(849): warning C4456: 鈥渟umR鈥濈殑澹版槑闅愯棌浜嗕笂涓€涓湰鍦板０鏄?
C:\Users\user1000\AppData\Local\Temp\webrc-native-warmup-delta-20261009T2011Z\src\third_party\signalsmith-linear\./fft.h(840): note: 鍙傝鈥渟umR鈥濈殑澹版槑
C:\Users\user1000\AppData\Local\Temp\webrc-native-warmup-delta-20261009T2011Z\src\third_party\signalsmith-linear\./fft.h(632): note: 鏌ョ湅瀵规鍦ㄧ紪璇戠殑鍑芥暟 妯℃澘 瀹炰緥鍖栤€渧oid signalsmith::linear::SplitFFT<Sample,false>::finalPassN<true>(Sample *,Sample *)鈥濈殑寮曠敤
        with
        [
            Sample=float
        ]
C:\Users\user1000\AppData\Local\Temp\webrc-native-warmup-delta-20261009T2011Z\src\third_party\signalsmith-linear\./fft.h(632): note: 鏌ョ湅瀵规鍦ㄧ紪璇戠殑鍑芥暟 妯℃澘 瀹炰緥鍖栤€渧oid signalsmith::linear::SplitFFT<Sample,false>::finalPassN<true>(Sample *,Sample *)鈥濈殑寮曠敤
        with
        [
            Sample=float
        ]
C:\Users\user1000\AppData\Local\Temp\webrc-native-warmup-delta-20261009T2011Z\src\third_party\signalsmith-linear\./fft.h(849): warning C4456: 鈥渟umI鈥濈殑澹版槑闅愯棌浜嗕笂涓€涓湰鍦板０鏄?
C:\Users\user1000\AppData\Local\Temp\webrc-native-warmup-delta-20261009T2011Z\src\third_party\signalsmith-linear\./fft.h(840): note: 鍙傝鈥渟umI鈥濈殑澹版槑
C:\Users\user1000\AppData\Local\Temp\webrc-native-warmup-delta-20261009T2011Z\src\third_party\signalsmith-linear\./fft.h(744): warning C4305: 鈥滃垵濮嬪寲鈥? 浠庘€渄ouble鈥濆埌鈥淪ample鈥濇埅鏂?
        with
        [
            Sample=float
        ]
C:\Users\user1000\AppData\Local\Temp\webrc-native-warmup-delta-20261009T2011Z\src\third_party\signalsmith-linear\./fft.h(547): note: 鏌ョ湅瀵规鍦ㄧ紪璇戠殑鍑芥暟 妯℃澘 瀹炰緥鍖栤€渧oid signalsmith::linear::SplitFFT<Sample,false>::finalPass5<true>(std::complex<float> *)鈥濈殑寮曠敤
        with
        [
            Sample=float
        ]
C:\Users\user1000\AppData\Local\Temp\webrc-native-warmup-delta-20261009T2011Z\src\third_party\signalsmith-linear\./fft.h(547): note: 鏌ョ湅瀵规鍦ㄧ紪璇戠殑鍑芥暟 妯℃澘 瀹炰緥鍖栤€渧oid signalsmith::linear::SplitFFT<Sample,false>::finalPass5<true>(std::complex<float> *)鈥濈殑寮曠敤
        with
        [
            Sample=float
        ]
C:\Users\user1000\AppData\Local\Temp\webrc-native-warmup-delta-20261009T2011Z\src\third_party\signalsmith-linear\./fft.h(448): note: 鏌ョ湅瀵规鍦ㄧ紪璇戠殑鍑芥暟 妯℃澘 瀹炰緥鍖栤€渧oid signalsmith::linear::SplitFFT<Sample,false>::fftStep<true>(signalsmith::linear::SplitFFT<Sample,false>::Step,const std::complex<float> *,std::complex<float> *)鈥濈殑寮曠敤
        with
        [
            Sample=float
        ]
C:\Users\user1000\AppData\Local\Temp\webrc-native-warmup-delta-20261009T2011Z\src\third_party\signalsmith-linear\./fft.h(448): note: 鏌ョ湅瀵规鍦ㄧ紪璇戠殑鍑芥暟 妯℃澘 瀹炰緥鍖栤€渧oid signalsmith::linear::SplitFFT<Sample,false>::fftStep<true>(signalsmith::linear::SplitFFT<Sample,false>::Step,const std::complex<float> *,std::complex<float> *)鈥濈殑寮曠敤
        with
        [
            Sample=float
        ]
C:\Users\user1000\AppData\Local\Temp\webrc-native-warmup-delta-20261009T2011Z\src\third_party\signalsmith-linear\./fft.h(447): note: 鍦ㄧ紪璇?绫?妯℃澘 鎴愬憳鍑芥暟鈥渧oid signalsmith::linear::SplitFFT<Sample,false>::ifft(size_t,const std::complex<float> *,std::complex<float> *)鈥濇椂
        with
        [
            Sample=float
        ]
C:\Users\user1000\AppData\Local\Temp\webrc-native-warmup-delta-20261009T2011Z\src\third_party\signalsmith-linear\./fft.h(1274): note: 鏌ョ湅瀵规鍦ㄧ紪璇戠殑鍑芥暟 妯℃澘 瀹炰緥鍖栤€渧oid signalsmith::linear::SplitFFT<Sample,false>::ifft(size_t,const std::complex<float> *,std::complex<float> *)鈥濈殑寮曠敤
        with
        [
            Sample=float
        ]
C:\Users\user1000\AppData\Local\Temp\webrc-native-warmup-delta-20261009T2011Z\src\third_party\signalsmith-linear\./fft.h(745): warning C4305: 鈥滃垵濮嬪寲鈥? 浠庘€渄ouble鈥濆埌鈥淪ample鈥濇埅鏂?
        with
        [
            Sample=float
        ]
C:\Users\user1000\AppData\Local\Temp\webrc-native-warmup-delta-20261009T2011Z\src\third_party\signalsmith-linear\./fft.h(746): warning C4305: 鈥滃垵濮嬪寲鈥? 浠庘€渄ouble鈥濆埌鈥淪ample鈥濇埅鏂?
        with
        [
            Sample=float
        ]
C:\Users\user1000\AppData\Local\Temp\webrc-native-warmup-delta-20261009T2011Z\src\third_party\signalsmith-linear\./fft.h(747): warning C4305: 鈥滃垵濮嬪寲鈥? 浠庘€渄ouble鈥濆埌鈥淪ample鈥濇埅鏂?
        with
        [
            Sample=float
        ]
C:\Users\user1000\AppData\Local\Temp\webrc-native-warmup-delta-20261009T2011Z\src\third_party\signalsmith-linear\./fft.h(818): warning C4456: 鈥渟um鈥濈殑澹版槑闅愯棌浜嗕笂涓€涓湰鍦板０鏄?
C:\Users\user1000\AppData\Local\Temp\webrc-native-warmup-delta-20261009T2011Z\src\third_party\signalsmith-linear\./fft.h(811): note: 鍙傝鈥渟um鈥濈殑澹版槑
C:\Users\user1000\AppData\Local\Temp\webrc-native-warmup-delta-20261009T2011Z\src\third_party\signalsmith-linear\./fft.h(550): note: 鏌ョ湅瀵规鍦ㄧ紪璇戠殑鍑芥暟 妯℃澘 瀹炰緥鍖栤€渧oid signalsmith::linear::SplitFFT<Sample,false>::finalPassN<true>(std::complex<float> *)鈥濈殑寮曠敤
        with
        [
            Sample=float
        ]
C:\Users\user1000\AppData\Local\Temp\webrc-native-warmup-delta-20261009T2011Z\src\third_party\signalsmith-linear\./fft.h(550): note: 鏌ョ湅瀵规鍦ㄧ紪璇戠殑鍑芥暟 妯℃澘 瀹炰緥鍖栤€渧oid signalsmith::linear::SplitFFT<Sample,false>::finalPassN<true>(std::complex<float> *)鈥濈殑寮曠敤
        with
        [
            Sample=float
        ]
[ 41%] Building CXX object shared_dsp/CMakeFiles/webrc_dsp.dir/src/streaming_yin.cpp.obj
streaming_yin.cpp
C:\Program Files (x86)\Microsoft Visual Studio\2019\BuildTools\VC\Tools\MSVC\14.29.30133\include\vector(1232): warning C4530: 浣跨敤浜?C++ 寮傚父澶勭悊绋嬪簭锛屼絾鏈惎鐢ㄥ睍寮€璇箟銆傝鎸囧畾 /EHsc
C:\Program Files (x86)\Microsoft Visual Studio\2019\BuildTools\VC\Tools\MSVC\14.29.30133\include\vector(1262): note: 鏌ョ湅瀵规鍦ㄧ紪璇戠殑鍑芥暟 妯℃澘 瀹炰緥鍖栤€渧oid std::vector<std::complex<double>,std::allocator<std::complex<double>>>::_Resize_reallocate<_Ty2>(const unsigned __int64,const _Ty2 &)鈥濈殑寮曠敤
        with
        [
            _Ty2=std::_Value_init_tag
        ]
C:\Program Files (x86)\Microsoft Visual Studio\2019\BuildTools\VC\Tools\MSVC\14.29.30133\include\vector(1262): note: 鏌ョ湅瀵规鍦ㄧ紪璇戠殑鍑芥暟 妯℃澘 瀹炰緥鍖栤€渧oid std::vector<std::complex<double>,std::allocator<std::complex<double>>>::_Resize_reallocate<_Ty2>(const unsigned __int64,const _Ty2 &)鈥濈殑寮曠敤
        with
        [
            _Ty2=std::_Value_init_tag
        ]
C:\Program Files (x86)\Microsoft Visual Studio\2019\BuildTools\VC\Tools\MSVC\14.29.30133\include\vector(1277): note: 鏌ョ湅瀵规鍦ㄧ紪璇戠殑鍑芥暟 妯℃澘 瀹炰緥鍖栤€渧oid std::vector<std::complex<double>,std::allocator<std::complex<double>>>::_Resize<std::_Value_init_tag>(const unsigned __int64,const _Ty2 &)鈥濈殑寮曠敤
        with
        [
            _Ty2=std::_Value_init_tag
        ]
C:\Program Files (x86)\Microsoft Visual Studio\2019\BuildTools\VC\Tools\MSVC\14.29.30133\include\vector(1277): note: 鏌ョ湅瀵规鍦ㄧ紪璇戠殑鍑芥暟 妯℃澘 瀹炰緥鍖栤€渧oid std::vector<std::complex<double>,std::allocator<std::complex<double>>>::_Resize<std::_Value_init_tag>(const unsigned __int64,const _Ty2 &)鈥濈殑寮曠敤
        with
        [
            _Ty2=std::_Value_init_tag
        ]
C:\Program Files (x86)\Microsoft Visual Studio\2019\BuildTools\VC\Tools\MSVC\14.29.30133\include\vector(1275): note: 鍦ㄧ紪璇?绫?妯℃澘 鎴愬憳鍑芥暟鈥渧oid std::vector<std::complex<double>,std::allocator<std::complex<double>>>::resize(const unsigned __int64)鈥濇椂
C:\Users\user1000\AppData\Local\Temp\webrc-native-warmup-delta-20261009T2011Z\src\shared\dsp\src\streaming_yin.cpp(81): note: 鏌ョ湅瀵规鍦ㄧ紪璇戠殑鍑芥暟 妯℃澘 瀹炰緥鍖栤€渧oid std::vector<std::complex<double>,std::allocator<std::complex<double>>>::resize(const unsigned __int64)鈥濈殑寮曠敤
C:\Users\user1000\AppData\Local\Temp\webrc-native-warmup-delta-20261009T2011Z\src\shared\dsp\include\webrc/dsp/streaming_yin.hpp(114): note: 鏌ョ湅瀵规鍦ㄧ紪璇戠殑 绫?妯℃澘 瀹炰緥鍖栤€渟td::vector<std::complex<double>,std::allocator<std::complex<double>>>鈥濈殑寮曠敤
[ 45%] Building CXX object shared_dsp/CMakeFiles/webrc_dsp.dir/src/live_mono_pitch.cpp.obj
live_mono_pitch.cpp
[ 45%] Building CXX object shared_dsp/CMakeFiles/webrc_dsp.dir/src/fx_registry.cpp.obj
fx_registry.cpp
[ 48%] Building CXX object shared_dsp/CMakeFiles/webrc_dsp.dir/src/performance_fx.cpp.obj
performance_fx.cpp
[ 51%] Building CXX object shared_dsp/CMakeFiles/webrc_dsp.dir/src/modulation_fx.cpp.obj
modulation_fx.cpp
[ 54%] Building CXX object shared_dsp/CMakeFiles/webrc_dsp.dir/src/rhythm.cpp.obj
rhythm.cpp
[ 58%] Building CXX object shared_dsp/CMakeFiles/webrc_dsp.dir/src/cleanroom_rhythm_data.cpp.obj
cleanroom_rhythm_data.cpp
[ 58%] Building CXX object shared_dsp/CMakeFiles/webrc_dsp.dir/src/composite_fx.cpp.obj
composite_fx.cpp
[ 61%] Building CXX object shared_dsp/CMakeFiles/webrc_dsp.dir/src/modulated_delay_fx.cpp.obj
modulated_delay_fx.cpp
[ 64%] Building CXX object shared_dsp/CMakeFiles/webrc_dsp.dir/src/rhythmic_fx.cpp.obj
rhythmic_fx.cpp
C:\Users\user1000\AppData\Local\Temp\webrc-native-warmup-delta-20261009T2011Z\src\shared\dsp\src\rhythmic_fx.cpp(1): warning C4819: 璇ユ枃浠跺寘鍚笉鑳藉湪褰撳墠浠ｇ爜椤?936)涓〃绀虹殑瀛楃銆傝灏嗚鏂囦欢淇濆瓨涓?Unicode 鏍煎紡浠ラ槻姝㈡暟鎹涪澶?
[ 67%] Building CXX object shared_dsp/CMakeFiles/webrc_dsp.dir/src/spatial_fx_adapters.cpp.obj
spatial_fx_adapters.cpp
[ 70%] Linking CXX static library webrc_dsp.lib
[ 70%] Built target webrc_dsp
[ 70%] Building CXX object CMakeFiles/native_multitrack_core.dir/src/multitrack_looper_core.cpp.obj
multitrack_looper_core.cpp
C:\Users\user1000\AppData\Local\Temp\webrc-native-warmup-delta-20261009T2011Z\src\native-mvp\engine-cpp\src\multitrack_looper_core.cpp(128): warning C4530: 浣跨敤浜?C++ 寮傚父澶勭悊绋嬪簭锛屼絾鏈惎鐢ㄥ睍寮€璇箟銆傝鎸囧畾 /EHsc
[ 74%] Linking CXX static library native_multitrack_core.lib
[ 74%] Built target native_multitrack_core
[ 77%] Building CXX object CMakeFiles/native_track_host.dir/src/native_track_host.cpp.obj
native_track_host.cpp
[ 77%] Building CXX object CMakeFiles/native_track_host.dir/src/native_fx_graph.cpp.obj
native_fx_graph.cpp
C:\Program Files (x86)\Microsoft Visual Studio\2019\BuildTools\VC\Tools\MSVC\14.29.30133\include\vector(1232): warning C4530: 浣跨敤浜?C++ 寮傚父澶勭悊绋嬪簭锛屼絾鏈惎鐢ㄥ睍寮€璇箟銆傝鎸囧畾 /EHsc
C:\Program Files (x86)\Microsoft Visual Studio\2019\BuildTools\VC\Tools\MSVC\14.29.30133\include\vector(1262): note: 鏌ョ湅瀵规鍦ㄧ紪璇戠殑鍑芥暟 妯℃澘 瀹炰緥鍖栤€渧oid std::vector<float,std::allocator<float>>::_Resize_reallocate<_Ty2>(const unsigned __int64,const _Ty2 &)鈥濈殑寮曠敤
        with
        [
            _Ty2=float
        ]
C:\Program Files (x86)\Microsoft Visual Studio\2019\BuildTools\VC\Tools\MSVC\14.29.30133\include\vector(1262): note: 鏌ョ湅瀵规鍦ㄧ紪璇戠殑鍑芥暟 妯℃澘 瀹炰緥鍖栤€渧oid std::vector<float,std::allocator<float>>::_Resize_reallocate<_Ty2>(const unsigned __int64,const _Ty2 &)鈥濈殑寮曠敤
        with
        [
            _Ty2=float
        ]
C:\Program Files (x86)\Microsoft Visual Studio\2019\BuildTools\VC\Tools\MSVC\14.29.30133\include\vector(1282): note: 鏌ョ湅瀵规鍦ㄧ紪璇戠殑鍑芥暟 妯℃澘 瀹炰緥鍖栤€渧oid std::vector<float,std::allocator<float>>::_Resize<_Ty>(const unsigned __int64,const _Ty2 &)鈥濈殑寮曠敤
        with
        [
            _Ty=float,
            _Ty2=float
        ]
C:\Program Files (x86)\Microsoft Visual Studio\2019\BuildTools\VC\Tools\MSVC\14.29.30133\include\vector(1282): note: 鏌ョ湅瀵规鍦ㄧ紪璇戠殑鍑芥暟 妯℃澘 瀹炰緥鍖栤€渧oid std::vector<float,std::allocator<float>>::_Resize<_Ty>(const unsigned __int64,const _Ty2 &)鈥濈殑寮曠敤
        with
        [
            _Ty=float,
            _Ty2=float
        ]
C:\Program Files (x86)\Microsoft Visual Studio\2019\BuildTools\VC\Tools\MSVC\14.29.30133\include\vector(1280): note: 鍦ㄧ紪璇?绫?妯℃澘 鎴愬憳鍑芥暟鈥渧oid std::vector<float,std::allocator<float>>::resize(const unsigned __int64,const _Ty &)鈥濇椂
        with
        [
            _Ty=float
        ]
C:\Users\user1000\AppData\Local\Temp\webrc-native-warmup-delta-20261009T2011Z\src\native-mvp\engine-cpp\src\native_fx_graph.cpp(227): note: 鏌ョ湅瀵规鍦ㄧ紪璇戠殑鍑芥暟 妯℃澘 瀹炰緥鍖栤€渧oid std::vector<float,std::allocator<float>>::resize(const unsigned __int64,const _Ty &)鈥濈殑寮曠敤
        with
        [
            _Ty=float
        ]
C:\Users\user1000\AppData\Local\Temp\webrc-native-warmup-delta-20261009T2011Z\src\shared\dsp\include\webrc/dsp/primitives.hpp(181): note: 鏌ョ湅瀵规鍦ㄧ紪璇戠殑 绫?妯℃澘 瀹炰緥鍖栤€渟td::vector<float,std::allocator<float>>鈥濈殑寮曠敤
[ 80%] Linking CXX static library native_track_host.lib
[ 80%] Built target native_track_host
[ 80%] Building CXX object _deps/rtaudio_src-build/CMakeFiles/rtaudio.dir/RtAudio.cpp.obj
RtAudio.cpp
C:\Program Files (x86)\Microsoft Visual Studio\2019\BuildTools\VC\Tools\MSVC\14.29.30133\include\ostream(786): warning C4530: 浣跨敤浜?C++ 寮傚父澶勭悊绋嬪簭锛屼絾鏈惎鐢ㄥ睍寮€璇箟銆傝鎸囧畾 /EHsc
C:\Users\user1000\AppData\Local\Temp\webrc-native-warmup-delta-20261009T2011Z\src\native-mvp\build-v145\_deps\rtaudio_src-src\RtAudio.cpp(583): note: 鏌ョ湅瀵规鍦ㄧ紪璇戠殑鍑芥暟 妯℃澘 瀹炰緥鍖栤€渟td::basic_ostream<char,std::char_traits<char>> &std::operator <<<std::char_traits<char>>(std::basic_ostream<char,std::char_traits<char>> &,char)鈥濈殑寮曠敤
[ 83%] Building CXX object _deps/rtaudio_src-build/CMakeFiles/rtaudio.dir/rtaudio_c.cpp.obj
rtaudio_c.cpp
[ 87%] Linking CXX static library rtaudio.lib
[ 87%] Built target rtaudio
[ 87%] Building CXX object CMakeFiles/native_audio_core.dir/src/looper_core.cpp.obj
looper_core.cpp
[ 90%] Building CXX object CMakeFiles/native_audio_core.dir/src/native_audio_core.cpp.obj
native_audio_core.cpp
C:\Users\user1000\AppData\Local\Temp\webrc-native-warmup-delta-20261009T2011Z\src\native-mvp\engine-cpp\src\native_audio_core.cpp(1): warning C4819: 璇ユ枃浠跺寘鍚笉鑳藉湪褰撳墠浠ｇ爜椤?936)涓〃绀虹殑瀛楃銆傝灏嗚鏂囦欢淇濆瓨涓?Unicode 鏍煎紡浠ラ槻姝㈡暟鎹涪澶?
C:\Users\user1000\AppData\Local\Temp\webrc-native-warmup-delta-20261009T2011Z\src\native-mvp\engine-cpp\src\native_audio_core.cpp(35): warning C4530: 浣跨敤浜?C++ 寮傚父澶勭悊绋嬪簭锛屼絾鏈惎鐢ㄥ睍寮€璇箟銆傝鎸囧畾 /EHsc
[ 93%] Linking CXX static library native_audio_core.lib
[ 93%] Built target native_audio_core
[ 96%] Building CXX object CMakeFiles/native_bridge_host.dir/src/native_bridge_host.cpp.obj
native_bridge_host.cpp
C:\Users\user1000\AppData\Local\Temp\webrc-native-warmup-delta-20261009T2011Z\src\native-mvp\build-v145\_deps\httplib_src-src\httplib.h(4556): warning C4530: 浣跨敤浜?C++ 寮傚父澶勭悊绋嬪簭锛屼絾鏈惎鐢ㄥ睍寮€璇箟銆傝鎸囧畾 /EHsc
[100%] Linking CXX executable native_bridge_host.exe
[100%] Built target native_bridge_host
[ 75%] Built target webrc_dsp
[ 79%] Built target native_multitrack_core
[ 86%] Built target native_track_host
[ 93%] Built target rtaudio
[ 96%] Building CXX object CMakeFiles/looper_core_tests.dir/tests/looper_core_tests.cpp.obj
looper_core_tests.cpp
[100%] Building CXX object CMakeFiles/looper_core_tests.dir/src/looper_core.cpp.obj
looper_core.cpp
[100%] Linking CXX executable looper_core_tests.exe
[100%] Built target looper_core_tests
[ 88%] Built target webrc_dsp
[ 92%] Built target native_multitrack_core
[ 96%] Building CXX object CMakeFiles/native_multitrack_core_tests.dir/tests/multitrack_looper_core_tests.cpp.obj
multitrack_looper_core_tests.cpp
C:\Program Files (x86)\Microsoft Visual Studio\2019\BuildTools\VC\Tools\MSVC\14.29.30133\include\ostream(743): warning C4530: 浣跨敤浜?C++ 寮傚父澶勭悊绋嬪簭锛屼絾鏈惎鐢ㄥ睍寮€璇箟銆傝鎸囧畾 /EHsc
C:\Users\user1000\AppData\Local\Temp\webrc-native-warmup-delta-20261009T2011Z\src\native-mvp\engine-cpp\tests\multitrack_looper_core_tests.cpp(11): note: 鏌ョ湅瀵规鍦ㄧ紪璇戠殑鍑芥暟 妯℃澘 瀹炰緥鍖栤€渟td::basic_ostream<char,std::char_traits<char>> &std::operator <<<std::char_traits<char>>(std::basic_ostream<char,std::char_traits<char>> &,const char *)鈥濈殑寮曠敤
[100%] Linking CXX executable native_multitrack_core_tests.exe
[100%] Built target native_multitrack_core_tests
[ 81%] Built target webrc_dsp
[ 85%] Built target native_multitrack_core
[ 92%] Built target native_track_host
[ 96%] Building CXX object CMakeFiles/native_track_host_tests.dir/tests/native_track_host_tests.cpp.obj
native_track_host_tests.cpp
C:\Program Files (x86)\Microsoft Visual Studio\2019\BuildTools\VC\Tools\MSVC\14.29.30133\include\ostream(743): warning C4530: 浣跨敤浜?C++ 寮傚父澶勭悊绋嬪簭锛屼絾鏈惎鐢ㄥ睍寮€璇箟銆傝鎸囧畾 /EHsc
C:\Users\user1000\AppData\Local\Temp\webrc-native-warmup-delta-20261009T2011Z\src\native-mvp\engine-cpp\tests\native_track_host_tests.cpp(37): note: 鏌ョ湅瀵规鍦ㄧ紪璇戠殑鍑芥暟 妯℃澘 瀹炰緥鍖栤€渟td::basic_ostream<char,std::char_traits<char>> &std::operator <<<std::char_traits<char>>(std::basic_ostream<char,std::char_traits<char>> &,const char *)鈥濈殑寮曠敤
[100%] Linking CXX executable native_track_host_tests.exe
[100%] Built target native_track_host_tests
[ 84%] Built target webrc_dsp
[ 88%] Built target native_multitrack_core
[ 96%] Built target native_track_host
[100%] Building CXX object CMakeFiles/native_fx_graph_tests.dir/tests/native_fx_graph_tests.cpp.obj
native_fx_graph_tests.cpp
C:\Program Files (x86)\Microsoft Visual Studio\2019\BuildTools\VC\Tools\MSVC\14.29.30133\include\ostream(392): warning C4530: 浣跨敤浜?C++ 寮傚父澶勭悊绋嬪簭锛屼絾鏈惎鐢ㄥ睍寮€璇箟銆傝鎸囧畾 /EHsc
C:\Program Files (x86)\Microsoft Visual Studio\2019\BuildTools\VC\Tools\MSVC\14.29.30133\include\ostream(385): note: 鍦ㄧ紪璇?绫?妯℃澘 鎴愬憳鍑芥暟鈥渟td::basic_ostream<char,std::char_traits<char>> &std::basic_ostream<char,std::char_traits<char>>::operator <<(float)鈥濇椂
C:\Users\user1000\AppData\Local\Temp\webrc-native-warmup-delta-20261009T2011Z\src\native-mvp\engine-cpp\tests\native_fx_graph_tests.cpp(723): note: 鏌ョ湅瀵规鍦ㄧ紪璇戠殑鍑芥暟 妯℃澘 瀹炰緥鍖栤€渟td::basic_ostream<char,std::char_traits<char>> &std::basic_ostream<char,std::char_traits<char>>::operator <<(float)鈥濈殑寮曠敤
C:\Program Files (x86)\Microsoft Visual Studio\2019\BuildTools\VC\Tools\MSVC\14.29.30133\include\ostream(640): note: 鏌ョ湅瀵规鍦ㄧ紪璇戠殑 绫?妯℃澘 瀹炰緥鍖栤€渟td::basic_ostream<char,std::char_traits<char>>鈥濈殑寮曠敤
[100%] Linking CXX executable native_fx_graph_tests.exe
[100%] Built target native_fx_graph_tests
[ 33%] Building CXX object CMakeFiles/native_looper_bench.dir/benchmarks/native_looper_bench.cpp.obj
native_looper_bench.cpp
C:\Program Files (x86)\Microsoft Visual Studio\2019\BuildTools\VC\Tools\MSVC\14.29.30133\include\ostream(410): warning C4530: 浣跨敤浜?C++ 寮傚父澶勭悊绋嬪簭锛屼絾鏈惎鐢ㄥ睍寮€璇箟銆傝鎸囧畾 /EHsc
C:\Program Files (x86)\Microsoft Visual Studio\2019\BuildTools\VC\Tools\MSVC\14.29.30133\include\ostream(403): note: 鍦ㄧ紪璇?绫?妯℃澘 鎴愬憳鍑芥暟鈥渟td::basic_ostream<char,std::char_traits<char>> &std::basic_ostream<char,std::char_traits<char>>::operator <<(double)鈥濇椂
C:\Users\user1000\AppData\Local\Temp\webrc-native-warmup-delta-20261009T2011Z\src\native-mvp\engine-cpp\benchmarks\native_looper_bench.cpp(58): note: 鏌ョ湅瀵规鍦ㄧ紪璇戠殑鍑芥暟 妯℃澘 瀹炰緥鍖栤€渟td::basic_ostream<char,std::char_traits<char>> &std::basic_ostream<char,std::char_traits<char>>::operator <<(double)鈥濈殑寮曠敤
C:\Program Files (x86)\Microsoft Visual Studio\2019\BuildTools\VC\Tools\MSVC\14.29.30133\include\ostream(640): note: 鏌ョ湅瀵规鍦ㄧ紪璇戠殑 绫?妯℃澘 瀹炰緥鍖栤€渟td::basic_ostream<char,std::char_traits<char>>鈥濈殑寮曠敤
[ 66%] Building CXX object CMakeFiles/native_looper_bench.dir/src/looper_core.cpp.obj
looper_core.cpp
[100%] Linking CXX executable native_looper_bench.exe
[100%] Built target native_looper_bench
[ 95%] Built target webrc_dsp
[100%] Building CXX object shared_dsp/CMakeFiles/dsp_primitives_tests.dir/tests/dsp_primitives_tests.cpp.obj
dsp_primitives_tests.cpp
[100%] Linking CXX executable dsp_primitives_tests.exe
[100%] Built target dsp_primitives_tests
[ 91%] Built target webrc_dsp
[ 95%] Building CXX object shared_dsp/CMakeFiles/control_dynamics_tests.dir/tests/control_dynamics_tests.cpp.obj
control_dynamics_tests.cpp
[100%] Linking CXX executable control_dynamics_tests.exe
[100%] Built target control_dynamics_tests
[ 95%] Built target webrc_dsp
[100%] Building CXX object shared_dsp/CMakeFiles/nonlinear_tests.dir/tests/nonlinear_tests.cpp.obj
nonlinear_tests.cpp
C:\Program Files (x86)\Microsoft Visual Studio\2019\BuildTools\VC\Tools\MSVC\14.29.30133\include\ostream(410): warning C4530: 浣跨敤浜?C++ 寮傚父澶勭悊绋嬪簭锛屼絾鏈惎鐢ㄥ睍寮€璇箟銆傝鎸囧畾 /EHsc
C:\Program Files (x86)\Microsoft Visual Studio\2019\BuildTools\VC\Tools\MSVC\14.29.30133\include\ostream(403): note: 鍦ㄧ紪璇?绫?妯℃澘 鎴愬憳鍑芥暟鈥渟td::basic_ostream<char,std::char_traits<char>> &std::basic_ostream<char,std::char_traits<char>>::operator <<(double)鈥濇椂
C:\Users\user1000\AppData\Local\Temp\webrc-native-warmup-delta-20261009T2011Z\src\shared\dsp\tests\nonlinear_tests.cpp(550): note: 鏌ョ湅瀵规鍦ㄧ紪璇戠殑鍑芥暟 妯℃澘 瀹炰緥鍖栤€渟td::basic_ostream<char,std::char_traits<char>> &std::basic_ostream<char,std::char_traits<char>>::operator <<(double)鈥濈殑寮曠敤
C:\Program Files (x86)\Microsoft Visual Studio\2019\BuildTools\VC\Tools\MSVC\14.29.30133\include\ostream(640): note: 鏌ョ湅瀵规鍦ㄧ紪璇戠殑 绫?妯℃澘 瀹炰緥鍖栤€渟td::basic_ostream<char,std::char_traits<char>>鈥濈殑寮曠敤
[100%] Linking CXX executable nonlinear_tests.exe
[100%] Built target nonlinear_tests
[ 95%] Built target webrc_dsp
[ 95%] Building CXX object shared_dsp/CMakeFiles/spatial_temporal_tests.dir/tests/spatial_temporal_tests.cpp.obj
spatial_temporal_tests.cpp
C:\Program Files (x86)\Microsoft Visual Studio\2019\BuildTools\VC\Tools\MSVC\14.29.30133\include\vector(1296): warning C4530: 浣跨敤浜?C++ 寮傚父澶勭悊绋嬪簭锛屼絾鏈惎鐢ㄥ睍寮€璇箟銆傝鎸囧畾 /EHsc
C:\Program Files (x86)\Microsoft Visual Studio\2019\BuildTools\VC\Tools\MSVC\14.29.30133\include\vector(1286): note: 鍦ㄧ紪璇?绫?妯℃澘 鎴愬憳鍑芥暟鈥渧oid std::vector<float,std::allocator<float>>::_Reallocate_exactly(const unsigned __int64)鈥濇椂
C:\Program Files (x86)\Microsoft Visual Studio\2019\BuildTools\VC\Tools\MSVC\14.29.30133\include\vector(1363): note: 鏌ョ湅瀵规鍦ㄧ紪璇戠殑鍑芥暟 妯℃澘 瀹炰緥鍖栤€渧oid std::vector<float,std::allocator<float>>::_Reallocate_exactly(const unsigned __int64)鈥濈殑寮曠敤
C:\Users\user1000\AppData\Local\Temp\webrc-native-warmup-delta-20261009T2011Z\src\shared\dsp\include\webrc/dsp/primitives.hpp(181): note: 鏌ョ湅瀵规鍦ㄧ紪璇戠殑 绫?妯℃澘 瀹炰緥鍖栤€渟td::vector<float,std::allocator<float>>鈥濈殑寮曠敤
[100%] Linking CXX executable spatial_temporal_tests.exe
[100%] Built target spatial_temporal_tests
[ 95%] Built target webrc_dsp
[ 95%] Building CXX object shared_dsp/CMakeFiles/pitch_tests.dir/tests/pitch_tests.cpp.obj
pitch_tests.cpp
C:\Program Files (x86)\Microsoft Visual Studio\2019\BuildTools\VC\Tools\MSVC\14.29.30133\include\ostream(410): warning C4530: 浣跨敤浜?C++ 寮傚父澶勭悊绋嬪簭锛屼絾鏈惎鐢ㄥ睍寮€璇箟銆傝鎸囧畾 /EHsc
C:\Program Files (x86)\Microsoft Visual Studio\2019\BuildTools\VC\Tools\MSVC\14.29.30133\include\ostream(403): note: 鍦ㄧ紪璇?绫?妯℃澘 鎴愬憳鍑芥暟鈥渟td::basic_ostream<char,std::char_traits<char>> &std::basic_ostream<char,std::char_traits<char>>::operator <<(double)鈥濇椂
C:\Users\user1000\AppData\Local\Temp\webrc-native-warmup-delta-20261009T2011Z\src\shared\dsp\tests\pitch_tests.cpp(470): note: 鏌ョ湅瀵规鍦ㄧ紪璇戠殑鍑芥暟 妯℃澘 瀹炰緥鍖栤€渟td::basic_ostream<char,std::char_traits<char>> &std::basic_ostream<char,std::char_traits<char>>::operator <<(double)鈥濈殑寮曠敤
C:\Program Files (x86)\Microsoft Visual Studio\2019\BuildTools\VC\Tools\MSVC\14.29.30133\include\ostream(640): note: 鏌ョ湅瀵规鍦ㄧ紪璇戠殑 绫?妯℃澘 瀹炰緥鍖栤€渟td::basic_ostream<char,std::char_traits<char>>鈥濈殑寮曠敤
[100%] Linking CXX executable pitch_tests.exe
[100%] Built target pitch_tests
[ 91%] Built target webrc_dsp
[ 95%] Building CXX object shared_dsp/CMakeFiles/pitch_profiles_tests.dir/tests/pitch_profiles_tests.cpp.obj
pitch_profiles_tests.cpp
[100%] Linking CXX executable pitch_profiles_tests.exe
[100%] Built target pitch_profiles_tests
[ 91%] Built target webrc_dsp
[ 95%] Building CXX object shared_dsp/CMakeFiles/streaming_yin_tests.dir/tests/streaming_yin_tests.cpp.obj
streaming_yin_tests.cpp
[100%] Linking CXX executable streaming_yin_tests.exe
[100%] Built target streaming_yin_tests
[ 95%] Built target webrc_dsp
[ 95%] Building CXX object shared_dsp/CMakeFiles/live_mono_pitch_tests.dir/tests/live_mono_pitch_tests.cpp.obj
live_mono_pitch_tests.cpp
[100%] Linking CXX executable live_mono_pitch_tests.exe
[100%] Built target live_mono_pitch_tests
[ 91%] Built target webrc_dsp
[ 95%] Building CXX object shared_dsp/CMakeFiles/fx_registry_tests.dir/tests/fx_registry_tests.cpp.obj
fx_registry_tests.cpp
?敞鎰? 鍖呭惈鏂囦欢:       C:\Program Files (x86)\Microsoft Visual Studio\2019\BuildTools\VC\Tools\MSVC\14.29.30133\include\climits
[100%] Linking CXX executable fx_registry_tests.exe
[100%] Built target fx_registry_tests
[ 95%] Built target webrc_dsp
[ 95%] Building CXX object shared_dsp/CMakeFiles/performance_fx_tests.dir/tests/performance_fx_tests.cpp.obj
performance_fx_tests.cpp
[100%] Linking CXX executable performance_fx_tests.exe
[100%] Built target performance_fx_tests
[ 91%] Built target webrc_dsp
[ 95%] Building CXX object shared_dsp/CMakeFiles/modulation_fx_tests.dir/tests/modulation_fx_tests.cpp.obj
modulation_fx_tests.cpp
[100%] Linking CXX executable modulation_fx_tests.exe
[100%] Built target modulation_fx_tests
[ 95%] Built target webrc_dsp
[ 95%] Building CXX object shared_dsp/CMakeFiles/rhythm_tests.dir/tests/rhythm_tests.cpp.obj
rhythm_tests.cpp
C:\Program Files (x86)\Microsoft Visual Studio\2019\BuildTools\VC\Tools\MSVC\14.29.30133\include\vector(1232): warning C4530: 浣跨敤浜?C++ 寮傚父澶勭悊绋嬪簭锛屼絾鏈惎鐢ㄥ睍寮€璇箟銆傝鎸囧畾 /EHsc
C:\Program Files (x86)\Microsoft Visual Studio\2019\BuildTools\VC\Tools\MSVC\14.29.30133\include\vector(1262): note: 鏌ョ湅瀵规鍦ㄧ紪璇戠殑鍑芥暟 妯℃澘 瀹炰緥鍖栤€渧oid std::vector<float,std::allocator<float>>::_Resize_reallocate<_Ty2>(const unsigned __int64,const _Ty2 &)鈥濈殑寮曠敤
        with
        [
            _Ty2=std::_Value_init_tag
        ]
C:\Program Files (x86)\Microsoft Visual Studio\2019\BuildTools\VC\Tools\MSVC\14.29.30133\include\vector(1262): note: 鏌ョ湅瀵规鍦ㄧ紪璇戠殑鍑芥暟 妯℃澘 瀹炰緥鍖栤€渧oid std::vector<float,std::allocator<float>>::_Resize_reallocate<_Ty2>(const unsigned __int64,const _Ty2 &)鈥濈殑寮曠敤
        with
        [
            _Ty2=std::_Value_init_tag
        ]
C:\Program Files (x86)\Microsoft Visual Studio\2019\BuildTools\VC\Tools\MSVC\14.29.30133\include\vector(1277): note: 鏌ョ湅瀵规鍦ㄧ紪璇戠殑鍑芥暟 妯℃澘 瀹炰緥鍖栤€渧oid std::vector<float,std::allocator<float>>::_Resize<std::_Value_init_tag>(const unsigned __int64,const _Ty2 &)鈥濈殑寮曠敤
        with
        [
            _Ty2=std::_Value_init_tag
        ]
C:\Program Files (x86)\Microsoft Visual Studio\2019\BuildTools\VC\Tools\MSVC\14.29.30133\include\vector(1277): note: 鏌ョ湅瀵规鍦ㄧ紪璇戠殑鍑芥暟 妯℃澘 瀹炰緥鍖栤€渧oid std::vector<float,std::allocator<float>>::_Resize<std::_Value_init_tag>(const unsigned __int64,const _Ty2 &)鈥濈殑寮曠敤
        with
        [
            _Ty2=std::_Value_init_tag
        ]
C:\Program Files (x86)\Microsoft Visual Studio\2019\BuildTools\VC\Tools\MSVC\14.29.30133\include\vector(1275): note: 鍦ㄧ紪璇?绫?妯℃澘 鎴愬憳鍑芥暟鈥渧oid std::vector<float,std::allocator<float>>::resize(const unsigned __int64)鈥濇椂
C:\Users\user1000\AppData\Local\Temp\webrc-native-warmup-delta-20261009T2011Z\src\shared\dsp\tests\rhythm_tests.cpp(79): note: 鏌ョ湅瀵规鍦ㄧ紪璇戠殑鍑芥暟 妯℃澘 瀹炰緥鍖栤€渧oid std::vector<float,std::allocator<float>>::resize(const unsigned __int64)鈥濈殑寮曠敤
C:\Users\user1000\AppData\Local\Temp\webrc-native-warmup-delta-20261009T2011Z\src\shared\dsp\include\webrc/dsp/primitives.hpp(181): note: 鏌ョ湅瀵规鍦ㄧ紪璇戠殑 绫?妯℃澘 瀹炰緥鍖栤€渟td::vector<float,std::allocator<float>>鈥濈殑寮曠敤
[100%] Linking CXX executable rhythm_tests.exe
[100%] Built target rhythm_tests
[ 95%] Built target webrc_dsp
[ 95%] Building CXX object shared_dsp/CMakeFiles/composite_fx_tests.dir/tests/composite_fx_tests.cpp.obj
composite_fx_tests.cpp
[100%] Linking CXX executable composite_fx_tests.exe
[100%] Built target composite_fx_tests
[ 91%] Built target webrc_dsp
[ 95%] Building CXX object shared_dsp/CMakeFiles/modulated_delay_fx_tests.dir/tests/modulated_delay_fx_tests.cpp.obj
modulated_delay_fx_tests.cpp
[100%] Linking CXX executable modulated_delay_fx_tests.exe
[100%] Built target modulated_delay_fx_tests
[ 91%] Built target webrc_dsp
[ 95%] Building CXX object shared_dsp/CMakeFiles/rhythmic_fx_tests.dir/tests/rhythmic_fx_tests.cpp.obj
rhythmic_fx_tests.cpp
[100%] Linking CXX executable rhythmic_fx_tests.exe
[100%] Built target rhythmic_fx_tests
[ 91%] Built target webrc_dsp
[ 95%] Building CXX object shared_dsp/CMakeFiles/spatial_fx_adapters_tests.dir/tests/spatial_fx_adapters_tests.cpp.obj
spatial_fx_adapters_tests.cpp
[100%] Linking CXX executable spatial_fx_adapters_tests.exe
[100%] Built target spatial_fx_adapters_tests
[ 91%] Built target webrc_dsp
[ 95%] Building CXX object shared_dsp/CMakeFiles/preamp_fx_tests.dir/tests/preamp_fx_tests.cpp.obj
preamp_fx_tests.cpp
C:\Program Files (x86)\Microsoft Visual Studio\2019\BuildTools\VC\Tools\MSVC\14.29.30133\include\vector(1232): warning C4530: 浣跨敤浜?C++ 寮傚父澶勭悊绋嬪簭锛屼絾鏈惎鐢ㄥ睍寮€璇箟銆傝鎸囧畾 /EHsc
C:\Program Files (x86)\Microsoft Visual Studio\2019\BuildTools\VC\Tools\MSVC\14.29.30133\include\vector(1262): note: 鏌ョ湅瀵规鍦ㄧ紪璇戠殑鍑芥暟 妯℃澘 瀹炰緥鍖栤€渧oid std::vector<webrc::dsp::StereoFrame,std::allocator<webrc::dsp::StereoFrame>>::_Resize_reallocate<_Ty2>(const unsigned __int64,const _Ty2 &)鈥濈殑寮曠敤
        with
        [
            _Ty2=std::_Value_init_tag
        ]
C:\Program Files (x86)\Microsoft Visual Studio\2019\BuildTools\VC\Tools\MSVC\14.29.30133\include\vector(1262): note: 鏌ョ湅瀵规鍦ㄧ紪璇戠殑鍑芥暟 妯℃澘 瀹炰緥鍖栤€渧oid std::vector<webrc::dsp::StereoFrame,std::allocator<webrc::dsp::StereoFrame>>::_Resize_reallocate<_Ty2>(const unsigned __int64,const _Ty2 &)鈥濈殑寮曠敤
        with
        [
            _Ty2=std::_Value_init_tag
        ]
C:\Program Files (x86)\Microsoft Visual Studio\2019\BuildTools\VC\Tools\MSVC\14.29.30133\include\vector(1277): note: 鏌ョ湅瀵规鍦ㄧ紪璇戠殑鍑芥暟 妯℃澘 瀹炰緥鍖栤€渧oid std::vector<webrc::dsp::StereoFrame,std::allocator<webrc::dsp::StereoFrame>>::_Resize<std::_Value_init_tag>(const unsigned __int64,const _Ty2 &)鈥濈殑寮曠敤
        with
        [
            _Ty2=std::_Value_init_tag
        ]
C:\Program Files (x86)\Microsoft Visual Studio\2019\BuildTools\VC\Tools\MSVC\14.29.30133\include\vector(1277): note: 鏌ョ湅瀵规鍦ㄧ紪璇戠殑鍑芥暟 妯℃澘 瀹炰緥鍖栤€渧oid std::vector<webrc::dsp::StereoFrame,std::allocator<webrc::dsp::StereoFrame>>::_Resize<std::_Value_init_tag>(const unsigned __int64,const _Ty2 &)鈥濈殑寮曠敤
        with
        [
            _Ty2=std::_Value_init_tag
        ]
C:\Program Files (x86)\Microsoft Visual Studio\2019\BuildTools\VC\Tools\MSVC\14.29.30133\include\vector(1275): note: 鍦ㄧ紪璇?绫?妯℃澘 鎴愬憳鍑芥暟鈥渧oid std::vector<webrc::dsp::StereoFrame,std::allocator<webrc::dsp::StereoFrame>>::resize(const unsigned __int64)鈥濇椂
C:\Users\user1000\AppData\Local\Temp\webrc-native-warmup-delta-20261009T2011Z\src\shared\dsp\tests\preamp_fx_tests.cpp(111): note: 鏌ョ湅瀵规鍦ㄧ紪璇戠殑鍑芥暟 妯℃澘 瀹炰緥鍖栤€渧oid std::vector<webrc::dsp::StereoFrame,std::allocator<webrc::dsp::StereoFrame>>::resize(const unsigned __int64)鈥濈殑寮曠敤
C:\Users\user1000\AppData\Local\Temp\webrc-native-warmup-delta-20261009T2011Z\src\shared\dsp\tests\preamp_fx_tests.cpp(89): note: 鏌ョ湅瀵规鍦ㄧ紪璇戠殑 绫?妯℃澘 瀹炰緥鍖栤€渟td::vector<webrc::dsp::StereoFrame,std::allocator<webrc::dsp::StereoFrame>>鈥濈殑寮曠敤
[100%] Linking CXX executable preamp_fx_tests.exe
[100%] Built target preamp_fx_tests
[ 95%] Built target webrc_dsp
[100%] Building CXX object shared_dsp/CMakeFiles/preamp_models_tests.dir/tests/preamp_models_tests.cpp.obj
preamp_models_tests.cpp
C:\Program Files (x86)\Microsoft Visual Studio\2019\BuildTools\VC\Tools\MSVC\14.29.30133\include\vector(1232): warning C4530: 浣跨敤浜?C++ 寮傚父澶勭悊绋嬪簭锛屼絾鏈惎鐢ㄥ睍寮€璇箟銆傝鎸囧畾 /EHsc
C:\Program Files (x86)\Microsoft Visual Studio\2019\BuildTools\VC\Tools\MSVC\14.29.30133\include\vector(1262): note: 鏌ョ湅瀵规鍦ㄧ紪璇戠殑鍑芥暟 妯℃澘 瀹炰緥鍖栤€渧oid std::vector<webrc::dsp::StereoFrame,std::allocator<webrc::dsp::StereoFrame>>::_Resize_reallocate<_Ty2>(const unsigned __int64,const _Ty2 &)鈥濈殑寮曠敤
        with
        [
            _Ty2=std::_Value_init_tag
        ]
C:\Program Files (x86)\Microsoft Visual Studio\2019\BuildTools\VC\Tools\MSVC\14.29.30133\include\vector(1262): note: 鏌ョ湅瀵规鍦ㄧ紪璇戠殑鍑芥暟 妯℃澘 瀹炰緥鍖栤€渧oid std::vector<webrc::dsp::StereoFrame,std::allocator<webrc::dsp::StereoFrame>>::_Resize_reallocate<_Ty2>(const unsigned __int64,const _Ty2 &)鈥濈殑寮曠敤
        with
        [
            _Ty2=std::_Value_init_tag
        ]
C:\Program Files (x86)\Microsoft Visual Studio\2019\BuildTools\VC\Tools\MSVC\14.29.30133\include\vector(1277): note: 鏌ョ湅瀵规鍦ㄧ紪璇戠殑鍑芥暟 妯℃澘 瀹炰緥鍖栤€渧oid std::vector<webrc::dsp::StereoFrame,std::allocator<webrc::dsp::StereoFrame>>::_Resize<std::_Value_init_tag>(const unsigned __int64,const _Ty2 &)鈥濈殑寮曠敤
        with
        [
            _Ty2=std::_Value_init_tag
        ]
C:\Program Files (x86)\Microsoft Visual Studio\2019\BuildTools\VC\Tools\MSVC\14.29.30133\include\vector(1277): note: 鏌ョ湅瀵规鍦ㄧ紪璇戠殑鍑芥暟 妯℃澘 瀹炰緥鍖栤€渧oid std::vector<webrc::dsp::StereoFrame,std::allocator<webrc::dsp::StereoFrame>>::_Resize<std::_Value_init_tag>(const unsigned __int64,const _Ty2 &)鈥濈殑寮曠敤
        with
        [
            _Ty2=std::_Value_init_tag
        ]
C:\Program Files (x86)\Microsoft Visual Studio\2019\BuildTools\VC\Tools\MSVC\14.29.30133\include\vector(1275): note: 鍦ㄧ紪璇?绫?妯℃澘 鎴愬憳鍑芥暟鈥渧oid std::vector<webrc::dsp::StereoFrame,std::allocator<webrc::dsp::StereoFrame>>::resize(const unsigned __int64)鈥濇椂
C:\Users\user1000\AppData\Local\Temp\webrc-native-warmup-delta-20261009T2011Z\src\shared\dsp\tests\preamp_models_tests.cpp(90): note: 鏌ョ湅瀵规鍦ㄧ紪璇戠殑鍑芥暟 妯℃澘 瀹炰緥鍖栤€渧oid std::vector<webrc::dsp::StereoFrame,std::allocator<webrc::dsp::StereoFrame>>::resize(const unsigned __int64)鈥濈殑寮曠敤
C:\Users\user1000\AppData\Local\Temp\webrc-native-warmup-delta-20261009T2011Z\src\shared\dsp\tests\preamp_models_tests.cpp(80): note: 鏌ョ湅瀵规鍦ㄧ紪璇戠殑 绫?妯℃澘 瀹炰緥鍖栤€渟td::vector<webrc::dsp::StereoFrame,std::allocator<webrc::dsp::StereoFrame>>鈥濈殑寮曠敤
[100%] Linking CXX executable preamp_models_tests.exe
[100%] Built target preamp_models_tests
[ 95%] Built target webrc_dsp
[100%] Building CXX object shared_dsp/CMakeFiles/distortion_fx_tests.dir/tests/distortion_fx_tests.cpp.obj
distortion_fx_tests.cpp
[100%] Linking CXX executable distortion_fx_tests.exe
[100%] Built target distortion_fx_tests
[ 91%] Built target webrc_dsp
[ 95%] Building CXX object shared_dsp/CMakeFiles/octave_fx_tests.dir/tests/octave_fx_tests.cpp.obj
octave_fx_tests.cpp
[100%] Linking CXX executable octave_fx_tests.exe
[100%] Built target octave_fx_tests
[ 91%] Built target webrc_dsp
[ 95%] Building CXX object shared_dsp/CMakeFiles/octave_models_tests.dir/tests/octave_models_tests.cpp.obj
octave_models_tests.cpp
[100%] Linking CXX executable octave_models_tests.exe
[100%] Built target octave_models_tests
[ 95%] Built target webrc_dsp
[100%] Building CXX object shared_dsp/CMakeFiles/temporal_fx_adapters_tests.dir/tests/temporal_fx_adapters_tests.cpp.obj
temporal_fx_adapters_tests.cpp
C:\Program Files (x86)\Microsoft Visual Studio\2019\BuildTools\VC\Tools\MSVC\14.29.30133\include\vector(1232): warning C4530: 浣跨敤浜?C++ 寮傚父澶勭悊绋嬪簭锛屼絾鏈惎鐢ㄥ睍寮€璇箟銆傝鎸囧畾 /EHsc
C:\Program Files (x86)\Microsoft Visual Studio\2019\BuildTools\VC\Tools\MSVC\14.29.30133\include\vector(1262): note: 鏌ョ湅瀵规鍦ㄧ紪璇戠殑鍑芥暟 妯℃澘 瀹炰緥鍖栤€渧oid std::vector<webrc::dsp::StereoFrame,std::allocator<webrc::dsp::StereoFrame>>::_Resize_reallocate<_Ty2>(const unsigned __int64,const _Ty2 &)鈥濈殑寮曠敤
        with
        [
            _Ty2=std::_Value_init_tag
        ]
C:\Program Files (x86)\Microsoft Visual Studio\2019\BuildTools\VC\Tools\MSVC\14.29.30133\include\vector(1262): note: 鏌ョ湅瀵规鍦ㄧ紪璇戠殑鍑芥暟 妯℃澘 瀹炰緥鍖栤€渧oid std::vector<webrc::dsp::StereoFrame,std::allocator<webrc::dsp::StereoFrame>>::_Resize_reallocate<_Ty2>(const unsigned __int64,const _Ty2 &)鈥濈殑寮曠敤
        with
        [
            _Ty2=std::_Value_init_tag
        ]
C:\Program Files (x86)\Microsoft Visual Studio\2019\BuildTools\VC\Tools\MSVC\14.29.30133\include\vector(1277): note: 鏌ョ湅瀵规鍦ㄧ紪璇戠殑鍑芥暟 妯℃澘 瀹炰緥鍖栤€渧oid std::vector<webrc::dsp::StereoFrame,std::allocator<webrc::dsp::StereoFrame>>::_Resize<std::_Value_init_tag>(const unsigned __int64,const _Ty2 &)鈥濈殑寮曠敤
        with
        [
            _Ty2=std::_Value_init_tag
        ]
C:\Program Files (x86)\Microsoft Visual Studio\2019\BuildTools\VC\Tools\MSVC\14.29.30133\include\vector(1277): note: 鏌ョ湅瀵规鍦ㄧ紪璇戠殑鍑芥暟 妯℃澘 瀹炰緥鍖栤€渧oid std::vector<webrc::dsp::StereoFrame,std::allocator<webrc::dsp::StereoFrame>>::_Resize<std::_Value_init_tag>(const unsigned __int64,const _Ty2 &)鈥濈殑寮曠敤
        with
        [
            _Ty2=std::_Value_init_tag
        ]
C:\Program Files (x86)\Microsoft Visual Studio\2019\BuildTools\VC\Tools\MSVC\14.29.30133\include\vector(1275): note: 鍦ㄧ紪璇?绫?妯℃澘 鎴愬憳鍑芥暟鈥渧oid std::vector<webrc::dsp::StereoFrame,std::allocator<webrc::dsp::StereoFrame>>::resize(const unsigned __int64)鈥濇椂
C:\Users\user1000\AppData\Local\Temp\webrc-native-warmup-delta-20261009T2011Z\src\shared\dsp\tests\temporal_fx_adapters_tests.cpp(171): note: 鏌ョ湅瀵规鍦ㄧ紪璇戠殑鍑芥暟 妯℃澘 瀹炰緥鍖栤€渧oid std::vector<webrc::dsp::StereoFrame,std::allocator<webrc::dsp::StereoFrame>>::resize(const unsigned __int64)鈥濈殑寮曠敤
C:\Users\user1000\AppData\Local\Temp\webrc-native-warmup-delta-20261009T2011Z\src\shared\dsp\include\webrc/dsp/performance_fx.hpp(118): note: 鏌ョ湅瀵规鍦ㄧ紪璇戠殑 绫?妯℃澘 瀹炰緥鍖栤€渟td::vector<webrc::dsp::StereoFrame,std::allocator<webrc::dsp::StereoFrame>>鈥濈殑寮曠敤
[100%] Linking CXX executable temporal_fx_adapters_tests.exe
[100%] Built target temporal_fx_adapters_tests
[ 91%] Built target webrc_dsp
[ 95%] Building CXX object shared_dsp/CMakeFiles/reconstruction_fx_adapter_tests.dir/tests/reconstruction_fx_adapter_tests.cpp.obj
reconstruction_fx_adapter_tests.cpp
[100%] Linking CXX executable reconstruction_fx_adapter_tests.exe
[100%] Built target reconstruction_fx_adapter_tests
[ 95%] Built target webrc_dsp
[ 95%] Building CXX object shared_dsp/CMakeFiles/native_dsp_primitives_bench.dir/benchmarks/native_dsp_primitives_bench.cpp.obj
native_dsp_primitives_bench.cpp
C:\Program Files (x86)\Microsoft Visual Studio\2019\BuildTools\VC\Tools\MSVC\14.29.30133\include\ostream(410): warning C4530: 浣跨敤浜?C++ 寮傚父澶勭悊绋嬪簭锛屼絾鏈惎鐢ㄥ睍寮€璇箟銆傝鎸囧畾 /EHsc
C:\Program Files (x86)\Microsoft Visual Studio\2019\BuildTools\VC\Tools\MSVC\14.29.30133\include\ostream(403): note: 鍦ㄧ紪璇?绫?妯℃澘 鎴愬憳鍑芥暟鈥渟td::basic_ostream<char,std::char_traits<char>> &std::basic_ostream<char,std::char_traits<char>>::operator <<(double)鈥濇椂
C:\Users\user1000\AppData\Local\Temp\webrc-native-warmup-delta-20261009T2011Z\src\shared\dsp\benchmarks\native_dsp_primitives_bench.cpp(152): note: 鏌ョ湅瀵规鍦ㄧ紪璇戠殑鍑芥暟 妯℃澘 瀹炰緥鍖栤€渟td::basic_ostream<char,std::char_traits<char>> &std::basic_ostream<char,std::char_traits<char>>::operator <<(double)鈥濈殑寮曠敤
C:\Program Files (x86)\Microsoft Visual Studio\2019\BuildTools\VC\Tools\MSVC\14.29.30133\include\ostream(640): note: 鏌ョ湅瀵规鍦ㄧ紪璇戠殑 绫?妯℃澘 瀹炰緥鍖栤€渟td::basic_ostream<char,std::char_traits<char>>鈥濈殑寮曠敤
[100%] Linking CXX executable native_dsp_primitives_bench.exe
[100%] Built target native_dsp_primitives_bench
[ 66%] Built target rtaudio
[ 66%] Building CXX object _deps/rtaudio_src-build/tests/CMakeFiles/apinames.dir/apinames.cpp.obj
apinames.cpp
?敞鎰? 鍖呭惈鏂囦欢:        C:\Program Files (x86)\Windows Kits\10\include\10.0.19041.0\ucrt\corecrt_memory.h
C:\Program Files (x86)\Microsoft Visual Studio\2019\BuildTools\VC\Tools\MSVC\14.29.30133\include\ostream(283): warning C4530: 浣跨敤浜?C++ 寮傚父澶勭悊绋嬪簭锛屼絾鏈惎鐢ㄥ睍寮€璇箟銆傝鎸囧畾 /EHsc
C:\Program Files (x86)\Microsoft Visual Studio\2019\BuildTools\VC\Tools\MSVC\14.29.30133\include\ostream(268): note: 鍦ㄧ紪璇?绫?妯℃澘 鎴愬憳鍑芥暟鈥渟td::basic_ostream<char,std::char_traits<char>> &std::basic_ostream<char,std::char_traits<char>>::operator <<(int)鈥濇椂
C:\Users\user1000\AppData\Local\Temp\webrc-native-warmup-delta-20261009T2011Z\src\native-mvp\build-v145\_deps\rtaudio_src-src\tests\apinames.cpp(26): note: 鏌ョ湅瀵规鍦ㄧ紪璇戠殑鍑芥暟 妯℃澘 瀹炰緥鍖栤€渟td::basic_ostream<char,std::char_traits<char>> &std::basic_ostream<char,std::char_traits<char>>::operator <<(int)鈥濈殑寮曠敤
C:\Program Files (x86)\Microsoft Visual Studio\2019\BuildTools\VC\Tools\MSVC\14.29.30133\include\ostream(640): note: 鏌ョ湅瀵规鍦ㄧ紪璇戠殑 绫?妯℃澘 瀹炰緥鍖栤€渟td::basic_ostream<char,std::char_traits<char>>鈥濈殑寮曠敤
[100%] Linking CXX executable apinames.exe
[100%] Built target apinames
Test project C:/Users/user1000/AppData/Local/Temp/webrc-native-warmup-delta-20261009T2011Z/build-showincludes
      Start  1: looper_core_tests
 1/28 Test  #1: looper_core_tests .................   Passed    0.28 sec
      Start  2: native_multitrack_core_tests
 2/28 Test  #2: native_multitrack_core_tests ......   Passed    0.07 sec
      Start  3: native_track_host_tests
 3/28 Test  #3: native_track_host_tests ...........   Passed    0.10 sec
      Start  4: native_fx_graph_tests
 4/28 Test  #4: native_fx_graph_tests .............   Passed    0.11 sec
      Start  5: dsp_primitives_tests
 5/28 Test  #5: dsp_primitives_tests ..............   Passed    0.07 sec
      Start  6: control_dynamics_tests
 6/28 Test  #6: control_dynamics_tests ............   Passed    0.05 sec
      Start  7: nonlinear_tests
 7/28 Test  #7: nonlinear_tests ...................   Passed    0.14 sec
      Start  8: spatial_temporal_tests
 8/28 Test  #8: spatial_temporal_tests ............   Passed    0.50 sec
      Start  9: pitch_tests
 9/28 Test  #9: pitch_tests .......................   Passed    0.79 sec
      Start 10: pitch_profiles_tests
10/28 Test #10: pitch_profiles_tests ..............   Passed    0.45 sec
      Start 11: streaming_yin_tests
11/28 Test #11: streaming_yin_tests ...............   Passed    0.19 sec
      Start 12: live_mono_pitch_tests
12/28 Test #12: live_mono_pitch_tests .............   Passed    0.36 sec
      Start 13: fx_registry_tests
13/28 Test #13: fx_registry_tests .................   Passed    0.36 sec
      Start 14: performance_fx_tests
14/28 Test #14: performance_fx_tests ..............   Passed    0.20 sec
      Start 15: modulation_fx_tests
15/28 Test #15: modulation_fx_tests ...............   Passed    0.18 sec
      Start 16: rhythm_tests
16/28 Test #16: rhythm_tests ......................   Passed    0.65 sec
      Start 17: composite_fx_tests
17/28 Test #17: composite_fx_tests ................   Passed    0.26 sec
      Start 18: modulated_delay_fx_tests
18/28 Test #18: modulated_delay_fx_tests ..........   Passed    0.45 sec
      Start 19: rhythmic_fx_tests
19/28 Test #19: rhythmic_fx_tests .................   Passed    0.21 sec
      Start 20: spatial_fx_adapters_tests
20/28 Test #20: spatial_fx_adapters_tests .........   Passed    0.16 sec
      Start 21: preamp_fx_tests
21/28 Test #21: preamp_fx_tests ...................   Passed    1.23 sec
      Start 22: preamp_models_tests
22/28 Test #22: preamp_models_tests ...............   Passed    5.26 sec
      Start 23: distortion_fx_tests
23/28 Test #23: distortion_fx_tests ...............   Passed    0.47 sec
      Start 24: octave_fx_tests
24/28 Test #24: octave_fx_tests ...................   Passed    1.07 sec
      Start 25: octave_models_tests
25/28 Test #25: octave_models_tests ...............   Passed    2.61 sec
      Start 26: temporal_fx_adapters_tests
26/28 Test #26: temporal_fx_adapters_tests ........   Passed    0.88 sec
      Start 27: reconstruction_fx_adapter_tests
27/28 Test #27: reconstruction_fx_adapter_tests ...   Passed    0.14 sec
      Start 28: apinames
28/28 Test #28: apinames ..........................   Passed    0.09 sec

100% tests passed out of 28

Total Test time (real) =  18.51 sec
