{
  "suite": "shared-dsp-wasm-extended-smoke",
  "wasmSha256": "f670c0dacdc0e7175f8ce821b1040bf1f39eabdce15673d16f5a00212d0b79c6",
  "sourceSetSha256": "941d410a28a2960ba66080488a34581a2e117be5b427e1f2823061b83e50c3fb",
  "extendedKindsCreated": [
    100,
    101,
    102,
    103,
    104,
    105,
    106,
    107,
    108,
    109,
    110,
    111,
    112,
    113,
    114,
    115,
    116,
    117,
    118,
    119,
    120,
    121,
    126,
    127
  ],
  "pitchProbe": {
    "incrementalYinInputHz": 220,
    "incrementalYinEstimatedHz": 220.0019989013672,
    "incrementalAnalysisCount": "10",
    "incrementalFirstEstimateFrames": "5248",
    "incrementalLastWorkUnits": 32768,
    "incrementalWorkBudget": 32768,
    "liveMonoInputHz": 55,
    "liveMonoDetectedHz": 54.99992752075195,
    "liveMonoOutputZeroCrossingHz": 82.03125,
    "liveMonoDeclaredWindowPlusResynthesisFrames": "7696",
    "liveMonoFirstEstimateFrames": "5248",
    "liveMonoProcessingLagFrames": 960,
    "liveMonoEstimateAgeFrames": 1088,
    "liveMonoLatencyModel": 2
  },
  "capabilities": 7,
  "memoryBytes": 67108864,
  "wasiCalls": {
    "fd_close": 0,
    "fd_write": 0,
    "fd_seek": 0
  },
  "result": "PASS"
}
