{
  "result": "PASS",
  "assertions": "catalog/ABI, 32 available processors including composite, modulated-delay, rhythmic and spatial families, stereo output, sample-accurate events, ledger rejection, handle-domain and no-I/O checks",
  "availableOrdinals": [
    1,
    2,
    3,
    4,
    5,
    7,
    8,
    9,
    11,
    13,
    25,
    26,
    27,
    29,
    30,
    31,
    32,
    33,
    34,
    35,
    36,
    37,
    38,
    39,
    46,
    47,
    48,
    49,
    50,
    51,
    52,
    53
  ],
  "unsupportedOrdinalsRemainMetadataOnly": 21,
  "createdAndProcessed": 32,
  "performanceAdapters": [
    50,
    51,
    52,
    53
  ],
  "delayCandidatesBeforeBudgetRejection": 12,
  "exhaustionStatus": -7,
  "memoryGrowthBytes": 0,
  "wasiCalls": {
    "fd_close": 0,
    "fd_write": 0,
    "fd_seek": 0
  },
  "moduleSha256": "f670c0dacdc0e7175f8ce821b1040bf1f39eabdce15673d16f5a00212d0b79c6",
  "sourceSetSha256": "941d410a28a2960ba66080488a34581a2e117be5b427e1f2823061b83e50c3fb"
}
