{
  "result": "PASS",
  "assertions": "catalog/ABI, 41 available processors, prepare-before-publish PREAMP selector API, finite startup warmup bounds, stereo output, sample-accurate events, ledger rejection, handle-domain and no-I/O checks",
  "availableOrdinals": [
    1,
    2,
    3,
    4,
    5,
    7,
    8,
    9,
    11,
    13,
    23,
    24,
    25,
    26,
    27,
    28,
    29,
    30,
    31,
    32,
    33,
    34,
    35,
    36,
    37,
    38,
    39,
    40,
    41,
    42,
    43,
    44,
    45,
    46,
    47,
    48,
    49,
    50,
    51,
    52,
    53
  ],
  "unsupportedOrdinalsRemainMetadataOnly": 12,
  "createdAndProcessed": 41,
  "performanceAdapters": [
    50,
    51,
    52,
    53
  ],
  "delayCandidatesBeforeBudgetRejection": 32,
  "exhaustionStatus": -7,
  "memoryGrowthBytes": 0,
  "wasiCalls": {
    "fd_close": 0,
    "fd_write": 0,
    "fd_seek": 0
  },
  "moduleSha256": "eb567831965c6194890e602f12a0999773e04eb46f8e22b4330d1424b13017dc",
  "sourceSetSha256": "44afa10f105ef624066ff762173e33e2caf33013d343789462faa8e043f34e0d"
}
