编译器扫描遍数:
 C:\Program Files (x86)\Microsoft Visual Studio\2019\BuildTools\VC\Tools\MSVC\14.29.30133\bin\HostX64\x64\cl.exe:        版本 19.29.30159.0
 C:\Program Files (x86)\Microsoft Visual Studio\2019\BuildTools\VC\Tools\MSVC\14.29.30133\bin\HostX64\x64\c1.dll:        版本 19.29.30159.0
 C:\Program Files (x86)\Microsoft Visual Studio\2019\BuildTools\VC\Tools\MSVC\14.29.30133\bin\HostX64\x64\c1xx.dll:      版本 19.29.30159.0
 C:\Program Files (x86)\Microsoft Visual Studio\2019\BuildTools\VC\Tools\MSVC\14.29.30133\bin\HostX64\x64\c2.dll:        版本 19.29.30159.0
 C:\Program Files (x86)\Microsoft Visual Studio\2019\BuildTools\VC\Tools\MSVC\14.29.30133\bin\HostX64\x64\c1xx.dll:      版本 19.29.30159.0
 C:\Program Files (x86)\Microsoft Visual Studio\2019\BuildTools\VC\Tools\MSVC\14.29.30133\bin\HostX64\x64\link.exe:      版本 14.29.30159.0
 C:\Program Files (x86)\Microsoft Visual Studio\2019\BuildTools\VC\Tools\MSVC\14.29.30133\bin\HostX64\x64\mspdb140.dll:  版本 14.29.30159.0
 C:\Program Files (x86)\Microsoft Visual Studio\2019\BuildTools\VC\Tools\MSVC\14.29.30133\bin\HostX64\x64\2052\clui.dll: 版本 19.29.30159.0

voice_fx.cpp
无法打开 D:\Documents\Codes\2024_1_WebRC505MKII\2025_WebRC505MKII_v2\shared\dsp\benchmarks\results\voice-vocoder-fresh-closure-20261009T183812Z\source\predefined C++ types (compiler internal)，将在没有源注释的情况下继续
无法打开 D:\Documents\Codes\2024_1_WebRC505MKII\2025_WebRC505MKII_v2\shared\dsp\benchmarks\results\voice-vocoder-fresh-closure-20261009T183812Z\source\predefined C++ types (compiler internal)，将在没有源注释的情况下继续
无法打开 D:\Documents\Codes\2024_1_WebRC505MKII\2025_WebRC505MKII_v2\shared\dsp\benchmarks\results\voice-vocoder-fresh-closure-20261009T183812Z\source\predefined C++ types (compiler internal)，将在没有源注释的情况下继续
无法打开 D:\Documents\Codes\2024_1_WebRC505MKII\2025_WebRC505MKII_v2\shared\dsp\benchmarks\results\voice-vocoder-fresh-closure-20261009T183812Z\source\predefined C++ types (compiler internal)，将在没有源注释的情况下继续
无法打开 D:\Documents\Codes\2024_1_WebRC505MKII\2025_WebRC505MKII_v2\shared\dsp\benchmarks\results\voice-vocoder-fresh-closure-20261009T183812Z\source\predefined C++ types (compiler internal)，将在没有源注释的情况下继续
无法打开 D:\Documents\Codes\2024_1_WebRC505MKII\2025_WebRC505MKII_v2\shared\dsp\benchmarks\results\voice-vocoder-fresh-closure-20261009T183812Z\source\predefined C++ types (compiler internal)，将在没有源注释的情况下继续
无法打开 D:\Documents\Codes\2024_1_WebRC505MKII\2025_WebRC505MKII_v2\shared\dsp\benchmarks\results\voice-vocoder-fresh-closure-20261009T183812Z\source\predefined C++ types (compiler internal)，将在没有源注释的情况下继续
无法打开 D:\Documents\Codes\2024_1_WebRC505MKII\2025_WebRC505MKII_v2\shared\dsp\benchmarks\results\voice-vocoder-fresh-closure-20261009T183812Z\source\predefined C++ types (compiler internal)，将在没有源注释的情况下继续
无法打开 D:\Documents\Codes\2024_1_WebRC505MKII\2025_WebRC505MKII_v2\shared\dsp\benchmarks\results\voice-vocoder-fresh-closure-20261009T183812Z\source\predefined C++ types (compiler internal)，将在没有源注释的情况下继续
无法打开 D:\Documents\Codes\2024_1_WebRC505MKII\2025_WebRC505MKII_v2\shared\dsp\benchmarks\results\voice-vocoder-fresh-closure-20261009T183812Z\source\predefined C++ types (compiler internal)，将在没有源注释的情况下继续
无法打开 D:\Documents\Codes\2024_1_WebRC505MKII\2025_WebRC505MKII_v2\shared\dsp\benchmarks\results\voice-vocoder-fresh-closure-20261009T183812Z\source\predefined C++ types (compiler internal)，将在没有源注释的情况下继续
无法打开 D:\Documents\Codes\2024_1_WebRC505MKII\2025_WebRC505MKII_v2\shared\dsp\benchmarks\results\voice-vocoder-fresh-closure-20261009T183812Z\source\predefined C++ types (compiler internal)，将在没有源注释的情况下继续
无法打开 D:\Documents\Codes\2024_1_WebRC505MKII\2025_WebRC505MKII_v2\shared\dsp\benchmarks\results\voice-vocoder-fresh-closure-20261009T183812Z\source\predefined C++ types (compiler internal)，将在没有源注释的情况下继续
无法打开 D:\Documents\Codes\2024_1_WebRC505MKII\2025_WebRC505MKII_v2\shared\dsp\benchmarks\results\voice-vocoder-fresh-closure-20261009T183812Z\source\predefined C++ types (compiler internal)，将在没有源注释的情况下继续
无法打开 D:\Documents\Codes\2024_1_WebRC505MKII\2025_WebRC505MKII_v2\shared\dsp\benchmarks\results\voice-vocoder-fresh-closure-20261009T183812Z\source\predefined C++ types (compiler internal)，将在没有源注释的情况下继续
无法打开 D:\Documents\Codes\2024_1_WebRC505MKII\2025_WebRC505MKII_v2\shared\dsp\benchmarks\results\voice-vocoder-fresh-closure-20261009T183812Z\source\predefined C++ types (compiler internal)，将在没有源注释的情况下继续
无法打开 D:\Documents\Codes\2024_1_WebRC505MKII\2025_WebRC505MKII_v2\shared\dsp\benchmarks\results\voice-vocoder-fresh-closure-20261009T183812Z\source\predefined C++ types (compiler internal)，将在没有源注释的情况下继续
