{
  "result": "PASS",
  "assertions": "catalog/ABI, 50 available processors, prepare-before-publish PREAMP selector API, finite startup warmup bounds, stereo output, sample-accurate events, typed VOCODER carrier routing, ledger rejection, handle-domain and no-I/O checks",
  "availableOrdinals": [
    1,
    2,
    3,
    4,
    5,
    6,
    7,
    8,
    9,
    10,
    11,
    12,
    13,
    16,
    17,
    19,
    20,
    21,
    22,
    23,
    24,
    25,
    26,
    27,
    28,
    29,
    30,
    31,
    32,
    33,
    34,
    35,
    36,
    37,
    38,
    39,
    40,
    41,
    42,
    43,
    44,
    45,
    46,
    47,
    48,
    49,
    50,
    51,
    52,
    53
  ],
  "unsupportedOrdinalsRemainMetadataOnly": 3,
  "createdAndProcessed": 50,
  "performanceAdapters": [
    50,
    51,
    52,
    53
  ],
  "delayCandidatesBeforeBudgetRejection": 32,
  "exhaustionStatus": -7,
  "memoryGrowthBytes": 0,
  "wasiCalls": {
    "fd_close": 0,
    "fd_write": 0,
    "fd_seek": 0
  },
  "moduleSha256": "65960fceaf4cc343629d2cbaaed560a898233c4d3e2d3cda7c9c365fdeca4f5e",
  "sourceSetSha256": "0584854a72abc19c3911637a8ed1629609c0ee42621f6092d3e14d29a10deb53"
}
