RUN R2-b64-tone55-p0.50 out=287488 delay=1024 pad=512 p99_us=502.3 p999_us=1059 max_us=1963.3 >budget=2 new=0
RUN R2-b64-tone55-p0.25 out=287232 delay=1024 pad=256 p99_us=606.8 p999_us=883.3 max_us=1187.5 >budget=0 new=0
RUN R2-b128-tone55-p0.50 out=287488 delay=1024 pad=512 p99_us=607.1 p999_us=1239.2 max_us=2297.9 >budget=0 new=0
RUN R2-b128-tone55-p0.25 out=287232 delay=1024 pad=256 p99_us=2302.1 p999_us=8887.7 max_us=37821.2 >budget=19 new=0
RUN R2-b256-tone55-p0.50 out=287488 delay=1024 pad=512 p99_us=1234.2 p999_us=2918.8 max_us=3144.2 >budget=0 new=0
RUN R2-b256-tone55-p0.25 out=287232 delay=1024 pad=256 p99_us=2387.5 p999_us=4146.9 max_us=4824.9 >budget=0 new=0
RUN R3-b64-tone55-p0.50 out=291330 delay=2048 pad=1024 p99_us=1255.3 p999_us=2259.5 max_us=21080.2 >budget=29 new=0
RUN R3-b64-tone55-p0.25 out=290560 delay=2048 pad=512 p99_us=1588.5 p999_us=3472 max_us=25530.5 >budget=128 new=0
RUN R3-b128-tone55-p0.50 out=291329 delay=2048 pad=1024 p99_us=1942.6 p999_us=3758.8 max_us=27068.7 >budget=5 new=0
RUN R3-b128-tone55-p0.25 out=290560 delay=2048 pad=512 p99_us=4167.2 p999_us=7307.5 max_us=28843.9 >budget=77 new=0
RUN R3-b256-tone55-p0.50 out=291296 delay=2048 pad=1024 p99_us=3486.5 p999_us=8915.4 max_us=34142.1 >budget=2 new=0
RUN R3-b256-tone55-p0.25 out=290560 delay=2048 pad=512 p99_us=5908.4 p999_us=17338.5 max_us=24904.4 >budget=18 new=0
RUN R2-b64-tone110-p0.50 out=287488 delay=1024 pad=512 p99_us=609 p999_us=4013.6 max_us=9167.6 >budget=12 new=0
RUN R2-b64-tone110-p0.25 out=287232 delay=1024 pad=256 p99_us=655.9 p999_us=940.6 max_us=1634.7 >budget=1 new=0
RUN R2-b128-tone110-p0.50 out=287488 delay=1024 pad=512 p99_us=539.7 p999_us=812.6 max_us=970.6 >budget=0 new=0
RUN R2-b128-tone110-p0.25 out=287232 delay=1024 pad=256 p99_us=1517.9 p999_us=3936.7 max_us=4935.7 >budget=9 new=0
RUN R2-b256-tone110-p0.50 out=287488 delay=1024 pad=512 p99_us=1094.9 p999_us=1539.6 max_us=2734.5 >budget=0 new=0
RUN R2-b256-tone110-p0.25 out=287232 delay=1024 pad=256 p99_us=2373.9 p999_us=4023.5 max_us=4300.6 >budget=0 new=0
RUN R3-b64-tone110-p0.50 out=291330 delay=2048 pad=1024 p99_us=1190.7 p999_us=1514 max_us=18777.2 >budget=11 new=0
RUN R3-b64-tone110-p0.25 out=290560 delay=2048 pad=512 p99_us=1351.2 p999_us=2986 max_us=24755.9 >budget=52 new=0
RUN R3-b128-tone110-p0.50 out=291329 delay=2048 pad=1024 p99_us=1240.3 p999_us=1476.9 max_us=17306.7 >budget=1 new=0
RUN R3-b128-tone110-p0.25 out=290560 delay=2048 pad=512 p99_us=2316.5 p999_us=6092.8 max_us=17788 >budget=15 new=0
RUN R3-b256-tone110-p0.50 out=291296 delay=2048 pad=1024 p99_us=3157.8 p999_us=8037.2 max_us=18995.2 >budget=5 new=0
RUN R3-b256-tone110-p0.25 out=290560 delay=2048 pad=512 p99_us=3277.2 p999_us=4785 max_us=20450.6 >budget=1 new=0
RUN R2-b64-tone220-p0.50 out=287488 delay=1024 pad=512 p99_us=476.8 p999_us=690.6 max_us=3159.8 >budget=1 new=0
RUN R2-b64-tone220-p0.25 out=287232 delay=1024 pad=256 p99_us=622.3 p999_us=908.6 max_us=1307.9 >budget=0 new=0
RUN R2-b128-tone220-p0.50 out=287488 delay=1024 pad=512 p99_us=507.5 p999_us=703.6 max_us=918.2 >budget=0 new=0
RUN R2-b128-tone220-p0.25 out=287232 delay=1024 pad=256 p99_us=1192.3 p999_us=6714.3 max_us=8604.3 >budget=7 new=0
RUN R2-b256-tone220-p0.50 out=287488 delay=1024 pad=512 p99_us=2239.2 p999_us=6022.9 max_us=6204.3 >budget=3 new=0
RUN R2-b256-tone220-p0.25 out=287232 delay=1024 pad=256 p99_us=4582.3 p999_us=6446 max_us=11100.5 >budget=3 new=0
RUN R3-b64-tone220-p0.50 out=291330 delay=2048 pad=1024 p99_us=1256 p999_us=2145.9 max_us=25616.7 >budget=31 new=0
RUN R3-b64-tone220-p0.25 out=290560 delay=2048 pad=512 p99_us=2208.3 p999_us=9191.7 max_us=34048 >budget=522 new=0
RUN R3-b128-tone220-p0.50 out=291329 delay=2048 pad=1024 p99_us=1968.1 p999_us=5683.2 max_us=20099.1 >budget=12 new=0
RUN R3-b128-tone220-p0.25 out=290560 delay=2048 pad=512 p99_us=1977.8 p999_us=3133.8 max_us=20677 >budget=3 new=0
RUN R3-b256-tone220-p0.50 out=291296 delay=2048 pad=1024 p99_us=3661.8 p999_us=6136.5 max_us=21714.9 >budget=3 new=0
RUN R3-b256-tone220-p0.25 out=290560 delay=2048 pad=512 p99_us=5874.3 p999_us=12412.6 max_us=19846 >budget=16 new=0
RUN R2-b64-tone880-p0.50 out=287488 delay=1024 pad=512 p99_us=479.9 p999_us=665.5 max_us=1697.5 >budget=2 new=0
RUN R2-b64-tone880-p0.25 out=287232 delay=1024 pad=256 p99_us=679.5 p999_us=1010.2 max_us=2514.5 >budget=3 new=0
RUN R2-b128-tone880-p0.50 out=287488 delay=1024 pad=512 p99_us=577.9 p999_us=835.2 max_us=1019 >budget=0 new=0
RUN R2-b128-tone880-p0.25 out=287232 delay=1024 pad=256 p99_us=1684.9 p999_us=6129.3 max_us=15129.6 >budget=5 new=0
RUN R2-b256-tone880-p0.50 out=287488 delay=1024 pad=512 p99_us=1203 p999_us=2600.1 max_us=4052.7 >budget=0 new=0
RUN R2-b256-tone880-p0.25 out=287232 delay=1024 pad=256 p99_us=2468.6 p999_us=9683.9 max_us=11874.1 >budget=3 new=0
RUN R3-b64-tone880-p0.50 out=291330 delay=2048 pad=1024 p99_us=1518.3 p999_us=2178.3 max_us=19271.9 >budget=85 new=0
RUN R3-b64-tone880-p0.25 out=290560 delay=2048 pad=512 p99_us=1544.1 p999_us=4607.6 max_us=21330.3 >budget=94 new=0
RUN R3-b128-tone880-p0.50 out=291329 delay=2048 pad=1024 p99_us=1924.1 p999_us=2774.9 max_us=31370.8 >budget=3 new=0
RUN R3-b128-tone880-p0.25 out=290560 delay=2048 pad=512 p99_us=3646.1 p999_us=15394.4 max_us=23563.5 >budget=40 new=0
RUN R3-b256-tone880-p0.50 out=291296 delay=2048 pad=1024 p99_us=2966.6 p999_us=3444.5 max_us=24976.8 >budget=1 new=0
RUN R3-b256-tone880-p0.25 out=290560 delay=2048 pad=512 p99_us=4697.2 p999_us=13066.7 max_us=26248.1 >budget=5 new=0
RUN R2-b64-tone220-p1.00 out=288000 delay=1024 pad=1024 p99_us=253.5 p999_us=417.9 max_us=740 >budget=0 new=0
RUN R2-b128-tone220-p1.00 out=288000 delay=1024 pad=1024 p99_us=393 p999_us=1096.7 max_us=1649.9 >budget=0 new=0
RUN R2-b256-tone220-p1.00 out=288000 delay=1024 pad=1024 p99_us=273.1 p999_us=430.1 max_us=436.9 >budget=0 new=0
RUN R3-b64-tone220-p1.00 out=292096 delay=2048 pad=2048 p99_us=1683.2 p999_us=3387.7 max_us=40143.9 >budget=138 new=0
RUN R3-b128-tone220-p1.00 out=292096 delay=2048 pad=2048 p99_us=2405.5 p999_us=5944.6 max_us=21656 >budget=19 new=0
RUN R3-b256-tone220-p1.00 out=292096 delay=2048 pad=2048 p99_us=1109.7 p999_us=1395.6 max_us=16215.2 >budget=1 new=0
RUN R2-b64-impulse-offset-9600-p1.00 out=144000 delay=1024 pad=1024 p99_us=84.3 p999_us=113.8 max_us=154.5 >budget=0 new=0
RUN R2-b128-impulse-offset-9600-p1.00 out=144000 delay=1024 pad=1024 p99_us=189.1 p999_us=272.6 max_us=3326.9 >budget=1 new=0
RUN R2-b256-impulse-offset-9600-p1.00 out=144000 delay=1024 pad=1024 p99_us=285.2 p999_us=925.7 max_us=925.7 >budget=0 new=0
RUN R3-b64-impulse-offset-9600-p1.00 out=148224 delay=2048 pad=2048 p99_us=1109.2 p999_us=1617.2 max_us=18374.8 >budget=9 new=0
RUN R3-b128-impulse-offset-9600-p1.00 out=148224 delay=2048 pad=2048 p99_us=833.4 p999_us=1111.8 max_us=25736.9 >budget=1 new=0
RUN R3-b256-impulse-offset-9600-p1.00 out=148224 delay=2048 pad=2048 p99_us=1954.8 p999_us=22920.3 max_us=22920.3 >budget=2 new=0
RUN R2-b64-gated-transient-3s-p0.50 out=143488 delay=1024 pad=512 p99_us=487.3 p999_us=840.9 max_us=2083.3 >budget=1 new=0
RUN R2-b64-gated-transient-3s-p0.25 out=143232 delay=1024 pad=256 p99_us=643 p999_us=1442.7 max_us=1928.4 >budget=6 new=0
RUN R2-b128-gated-transient-3s-p0.50 out=143488 delay=1024 pad=512 p99_us=684.4 p999_us=1499.8 max_us=1591.8 >budget=0 new=0
RUN R2-b128-gated-transient-3s-p0.25 out=143232 delay=1024 pad=256 p99_us=1033 p999_us=1187.2 max_us=2975.2 >budget=1 new=0
RUN R2-b256-gated-transient-3s-p0.50 out=143488 delay=1024 pad=512 p99_us=1801.4 p999_us=3258.6 max_us=3258.6 >budget=0 new=0
RUN R2-b256-gated-transient-3s-p0.25 out=143232 delay=1024 pad=256 p99_us=2344.5 p999_us=3421.9 max_us=3421.9 >budget=0 new=0
RUN R3-b64-gated-transient-3s-p0.50 out=147262 delay=2048 pad=1024 p99_us=2623.4 p999_us=7703 max_us=44710.8 >budget=175 new=0
RUN R3-b64-gated-transient-3s-p0.25 out=146560 delay=2048 pad=512 p99_us=1666.7 p999_us=4279.2 max_us=35680.9 >budget=118 new=0
RUN R3-b128-gated-transient-3s-p0.50 out=147224 delay=2048 pad=1024 p99_us=2205.9 p999_us=3791.3 max_us=25846.5 >budget=5 new=0
RUN R3-b128-gated-transient-3s-p0.25 out=146560 delay=2048 pad=512 p99_us=2966.4 p999_us=4109.4 max_us=35183.2 >budget=19 new=0
RUN R3-b256-gated-transient-3s-p0.50 out=147228 delay=2048 pad=1024 p99_us=3942.6 p999_us=36422.8 max_us=36422.8 >budget=3 new=0
RUN R3-b256-gated-transient-3s-p0.25 out=146560 delay=2048 pad=512 p99_us=7848.9 p999_us=33980.1 max_us=33980.1 >budget=27 new=0
SELF_TESTS_PASS=1
RUNS=72
